******************************************************************************
                  TI ARM Linker PC v20.2.7                     
******************************************************************************
>> Linked Mon May  8 18:42:37 2023

OUTPUT FILE NAME:   <transceiver_mode2.out>
ENTRY POINT SYMBOL: "_c_int00_noargs"  address: 2000bab5


MEMORY CONFIGURATION

         name            origin    length      used     unused   attr    fill
----------------------  --------  ---------  --------  --------  ----  --------
  SRAM_CODE             20004000   00013000  00008652  0000a9ae  RW X
  SRAM_DATA             20017000   00019000  00009fe3  0000f01d  RW X


SEGMENT ALLOCATION MAP

run origin  load origin   length   init length attrs members
----------  ----------- ---------- ----------- ----- -------
20004000    20004000    00008658   00008658    r-x
  20004000    20004000    00000400   00000400    r-- .intvecs
  20004400    20004400    00007bca   00007bca    r-x .text
  2000bfcc    2000bfcc    000005e8   000005e8    r-- .const
  2000c5b8    2000c5b8    000000a0   000000a0    r-- .cinit
20017000    20017000    00008ae3   00000000    rw-
  20017000    20017000    00008000   00000000    rw- .sysmem
  2001f000    2001f000    000007c4   00000000    rw- .data
  2001f7c4    2001f7c4    0000031f   00000000    rw- .bss
2002eb00    2002eb00    00001500   00000000    rw-
  2002eb00    2002eb00    00001500   00000000    rw- .stack


SECTION ALLOCATION MAP

 output                                  attributes/
section   page    origin      length       input sections
--------  ----  ----------  ----------   ----------------
.intvecs   0    20004000    00000400     
                  20004000    00000400     startup_ccs.obj (.intvecs)

.init_array 
*          0    20004000    00000000     UNINITIALIZED

.text      0    20004400    00007bca     
                  20004400    00000b50     main2.obj (.text)
                  20004f50    00000a4e     rtsv7M4_T_le_eabi.lib : _printfi.c.obj (.text:__TI_printfi)
                  2000599e    00000002     driverlib.a : interrupt.obj (.text:IntDefaultHandler)
                  200059a0    00000590     simplelink.a : driver.obj (.text:_SlDrvMsgRead)
                  20005f30    000002a0     rtsv7M4_T_le_eabi.lib : mktime.c.obj (.text:__mktime32)
                  200061d0    0000027c     uart_if.obj (.text)
                  2000644c    00000268     rtsv7M4_T_le_eabi.lib : _printfi.c.obj (.text:_pconv_a)
                  200066b4    00000248     simplelink.a : driver.obj (.text:_SlDrvRxHdrRead)
                  200068fc    000001e4                  : driver.obj (.text:_SlDrvDataReadOp)
                  20006ae0    000001d0                  : driver.obj (.text:_SlDrvReleasePoolObj)
                  20006cb0    000001cc     rtsv7M4_T_le_eabi.lib : _printfi.c.obj (.text:_pconv_g)
                  20006e7c    000001b6                           : fd_add_t2.asm.obj (.text)
                  20007032    00000002                           : _lock.c.obj (.text:_nop)
                  20007034    000001b4     simplelink.a : driver.obj (.text:_SlDrvDriverCBInit)
                  200071e8    0000019c                  : driver.obj (.text:_SlDrvMsgWrite)
                  20007384    00000190                  : driver.obj (.text:_SlDrvWaitForPoolObj)
                  20007514    00000178     driverlib.a : prcm.obj (.text:PRCMCC3200MCUInit)
                  2000768c    00000170     simplelink.a : driver.obj (.text:_SlFindAndSetActiveObj)
                  200077fc    00000150                  : driver.obj (.text:_SlDrvDataWriteOp)
                  2000794c    00000148                  : cc_pal.obj (.text:spi_Open)
                  20007a94    00000144                  : driver.obj (.text:_SlDrvMsgReadCmdCtx)
                  20007bd8    0000013c     rtsv7M4_T_le_eabi.lib : _printfi.c.obj (.text:_pconv_e)
                  20007d14    00000136                           : fd_div_t2.asm.obj (.text)
                  20007e4a    00000002                           : div0.asm.obj (.text)
                  20007e4c    00000134                           : localtim.c.obj (.text:__localtime32)
                  20007f80    00000134     simplelink.a : socket.obj (.text:sl_Send)
                  200080b4    00000130                  : driver.obj (.text:_SlDrvDriverCBDeinit)
                  200081e4    00000120     rtsv7M4_T_le_eabi.lib : _printfi.c.obj (.text:fcvt)
                  20008304    00000104     simplelink.a : netapp.obj (.text:_SlDrvNetAppEventHandler)
                  20008408    00000100     rtsv7M4_T_le_eabi.lib : memory.c.obj (.text:aligned_alloc)
                  20008508    000000fc                           : fd_mul_t2.asm.obj (.text)
                  20008604    000000f0     simplelink.a : device.obj (.text:sl_Start)
                  200086f4    000000f0                  : device.obj (.text:sl_Stop)
                  200087e4    000000f0                  : cc_pal.obj (.text:spi_Read)
                  200088d4    000000f0     driverlib.a : udma.obj (.text:uDMAChannelTransferSet)
                  200089c4    000000e8     simplelink.a : driver.obj (.text:_SlAsyncEventGenericHandler)
                  20008aac    000000e8                  : driver.obj (.text:_SlDrvMsgReadSpawnCtx)
                  20008b94    000000e4     rtsv7M4_T_le_eabi.lib : memory.c.obj (.text:free)
                  20008c78    000000e4                           : memory.c.obj (.text:realloc)
                  20008d5c    000000e4     simplelink.a : netapp.obj (.text:sl_NetAppMDNSRegisterUnregisterService)
                  20008e40    000000dc                  : driver.obj (.text:_SlDrvClassifyRxMsg)
                  20008f1c    000000d0     rtsv7M4_T_le_eabi.lib : s_scalbn.c.obj (.text:scalbn)
                  20008fec    000000cc     simplelink.a : netapp.obj (.text:_sl_HandleAsync_DnsGetHostByService)
                  200090b8    000000cc                  : device.obj (.text:sl_DevGet)
                  20009184    000000c4                  : driver.obj (.text:_SlRemoveFromList)
                  20009248    000000c0                  : driver.obj (.text:_SlDrvCmdOp)
                  20009308    000000b1     rtsv7M4_T_le_eabi.lib : _printfi.c.obj (.text:_ltostr)
                  200093b9    00000003     --HOLE-- [fill = 0]
                  200093bc    000000b0     simplelink.a : nonos.obj (.text:_SlNonOsSemGet)
                  2000946c    000000a8     driverlib.a : interrupt.obj (.text:IntDisable)
                  20009514    000000a8                 : interrupt.obj (.text:IntEnable)
                  200095bc    000000a4     simplelink.a : driver.obj (.text:_SlDriverHandleError)
                  20009660    000000a0     driverlib.a : spi.obj (.text:SPIConfigSetExpClk)
                  20009700    000000a0     simplelink.a : socket.obj (.text:sl_Recv)
                  200097a0    0000009c     rtsv7M4_T_le_eabi.lib : memcpy_t2.asm.obj (.text)
                  2000983c    0000009a     simplelink.a : device.obj (.text:_SlDrvDeviceEventHandler)
                  200098d6    00000002     --HOLE-- [fill = 0]
                  200098d8    00000098                  : netcfg.obj (.text:sl_NetCfgSet)
                  20009970    00000098                  : wlan.obj (.text:sl_WlanSet)
                  20009a08    00000098                  : cc_pal.obj (.text:spi_Write)
                  20009aa0    00000096     rtsv7M4_T_le_eabi.lib : ull_div_t2.asm.obj (.text)
                  20009b36    00000002     --HOLE-- [fill = 0]
                  20009b38    00000094     driverlib.a : prcm.obj (.text:PRCMPeripheralClockGet)
                  20009bcc    00000090     simplelink.a : netapp.obj (.text:_sl_HandleAsync_DnsGetHostByName)
                  20009c5c    00000090                  : netapp.obj (.text:_sl_HandleAsync_PingResponse)
                  20009cec    00000090                  : wlan.obj (.text:sl_WlanPolicySet)
                  20009d7c    0000008c                  : cc_pal.obj (.text:SetupDMAReceive)
                  20009e08    0000008c                  : cc_pal.obj (.text:SetupDMASend)
                  20009e94    0000008c                  : driver.obj (.text:_SlDrvIsTimeoutExpired)
                  20009f20    0000008c                  : device.obj (.text:_sl_HandleAsync_InitComplete)
                  20009fac    0000008c                  : socket.obj (.text:sl_Socket)
                  2000a038    00000088     driverlib.a : pin.obj (.text:PinConfigSet)
                  2000a0c0    00000086     rtsv7M4_T_le_eabi.lib : fd_cmp_t2.asm.obj (.text:__aeabi_cdcmple)
                  2000a146    00000086                           : fd_cmp_t2.asm.obj (.text:__aeabi_cdrcmple)
                  2000a1cc    00000084     simplelink.a : cc_pal.obj (.text:NwpPowerOnPreamble)
                  2000a250    00000084                  : wlan.obj (.text:sl_WlanRxFilterSet)
                  2000a2d4    00000080                  : socket.obj (.text:_sl_HandleAsync_Connect)
                  2000a354    00000080                  : cc_pal.obj (.text:spi_Read_CPU)
                  2000a3d4    00000080                  : cc_pal.obj (.text:spi_Write_CPU)
                  2000a454    0000007a     rtsv7M4_T_le_eabi.lib : memset_t2.asm.obj (.text)
                  2000a4ce    00000002     --HOLE-- [fill = 0]
                  2000a4d0    00000078     simplelink.a : cc_pal.obj (.text:spi_Close)
                  2000a548    00000076     driverlib.a : uart.obj (.text:UARTConfigSetExpClk)
                  2000a5be    00000002     --HOLE-- [fill = 0]
                  2000a5c0    00000074     simplelink.a : nonos.obj (.text:_SlNonOsMainLoopTask)
                  2000a634    00000070     rtsv7M4_T_le_eabi.lib : memory.c.obj (.text:split)
                  2000a6a4    0000006e                           : _printfi.c.obj (.text:_mcpy)
                  2000a712    0000006e                           : ll_div_t2.asm.obj (.text)
                  2000a780    0000006c     simplelink.a : driver.obj (.text:_SlDrvCmdSend)
                  2000a7ec    0000006c                  : netapp.obj (.text:_sl_NetAppSendTokenValue)
                  2000a858    00000068     rtsv7M4_T_le_eabi.lib : copy_decompress_lzss.c.obj (.text:decompress:lzss:__TI_decompress_lzss)
                  2000a8c0    00000064     simplelink.a : nonos.obj (.text:_SlNonOsSpawn)
                  2000a924    00000064                  : socket.obj (.text:_sl_HandleAsync_Accept)
                  2000a988    00000064                  : netapp.obj (.text:sl_NetAppMDNSUnRegisterService)
                  2000a9ec    00000064     driverlib.a : udma.obj (.text:uDMAChannelAttributeDisable)
                  2000aa50    00000064                 : udma.obj (.text:uDMAChannelAttributeEnable)
                  2000aab4    00000060     simplelink.a : wlan.obj (.text:sl_WlanProfileDel)
                  2000ab14    00000060                  : wlan.obj (.text:sl_WlanSetMode)
                  2000ab74    0000005c     rtsv7M4_T_le_eabi.lib : s_frexp.c.obj (.text:frexp)
                  2000abd0    00000058     driverlib.a : interrupt.obj (.text:IntPendClear)
                  2000ac28    00000058                 : prcm.obj (.text:PRCMPeripheralReset)
                  2000ac80    00000056     rtsv7M4_T_le_eabi.lib : _printfi.c.obj (.text:_pconv_f)
                  2000acd6    00000002     --HOLE-- [fill = 0]
                  2000acd8    00000054     driverlib.a : interrupt.obj (.text:IntPrioritySet)
                  2000ad2c    00000054     simplelink.a : driver.obj (.text:_SlDrvRxIrqHandler)
                  2000ad80    00000054     rtsv7M4_T_le_eabi.lib : _ltoa.c.obj (.text:__TI_ltoa)
                  2000add4    00000054     simplelink.a : socket.obj (.text:_sl_HandleAsync_Select)
                  2000ae28    00000052     rtsv7M4_T_le_eabi.lib : _printfi.c.obj (.text:_ecpy)
                  2000ae7a    00000002     --HOLE-- [fill = 0]
                  2000ae7c    00000050     simplelink.a : device.obj (.text:_sl_HandleAsync_Stop)
                  2000aecc    0000004c     driverlib.a : spi.obj (.text:SPIIntEnable)
                  2000af18    0000004c                 : spi.obj (.text:SPIIntNumberGet)
                  2000af64    0000004c     simplelink.a : driver.obj (.text:_SlDrvProtectAsyncRespSetting)
                  2000afb0    0000004c     rtsv7M4_T_le_eabi.lib : atoi.c.obj (.text:atoi)
                  2000affc    0000004c     driverlib.a : udma.obj (.text:uDMAChannelAssign)
                  2000b048    00000048     rtsv7M4_T_le_eabi.lib : hosttime.c.obj (.text:HOSTtime)
                  2000b090    00000048     driverlib.a : spi.obj (.text:SPIIntClear)
                  2000b0d8    00000048     simplelink.a : driver.obj (.text:_SlDrvBasicCmd)
                  2000b120    00000048     rtsv7M4_T_le_eabi.lib : fd_toi_t2.asm.obj (.text)
                  2000b168    00000044     driverlib.a : spi.obj (.text:SPIDmaMaskGet)
                  2000b1ac    00000044                 : timer.obj (.text:TimerConfigure)
                  2000b1f0    00000044     simplelink.a : driver.obj (.text:_SlDrvHandleHttpServerEvents)
                  2000b234    00000044                  : driver.obj (.text:_SlDrvSyncObjWaitTimeout)
                  2000b278    00000044     rtsv7M4_T_le_eabi.lib : autoinit.c.obj (.text:__TI_auto_init_nobinit_nopinit:__TI_auto_init_nobinit_nopinit)
                  2000b2bc    00000044     simplelink.a : cc_pal.obj (.text:cc_SetupTransfer)
                  2000b300    00000040     driverlib.a : pin.obj (.text:PinModeSet)
                  2000b340    00000040     simplelink.a : driver.obj (.text:_SlDrvHandleNetAppEvents)
                  2000b380    00000040                  : driver.obj (.text:_SlDrvHandleWlanEvents)
                  2000b3c0    00000040                  : socket.obj (.text:_sl_TruncatePayloadByProtocol)
                  2000b400    00000040     rtsv7M4_T_le_eabi.lib : u_divt2.asm.obj (.text)
                  2000b440    00000040                           : sprintf.c.obj (.text:sprintf)
                  2000b480    00000040                           : vsnprintf.c.obj (.text:vsnprintf)
                  2000b4c0    0000003e     simplelink.a : cc_pal.obj (.text:NwpRegisterInterruptHandler)
                  2000b4fe    0000003e     rtsv7M4_T_le_eabi.lib : _printfi.c.obj (.text:_fcpy)
                  2000b53c    0000003c     simplelink.a : netapp.obj (.text:CopyPingResultsToReport)
                  2000b578    0000003c     driverlib.a : prcm.obj (.text:PRCMPeripheralClkEnable)
                  2000b5b4    0000003c     simplelink.a : cc_pal.obj (.text:simplelink_timerA2_start)
                  2000b5f0    0000003c     driverlib.a : udma.obj (.text:uDMAChannelControlSet)
                  2000b62c    00000038     simplelink.a : cc_pal.obj (.text:NwpPowerOff)
                  2000b664    00000038     rtsv7M4_T_le_eabi.lib : trgmsg.c.obj (.text:__TI_writemsg)
                  2000b69c    00000038     simplelink.a : wlan.obj (.text:sl_WlanDisconnect)
                  2000b6d4    00000034                  : cc_pal.obj (.text:NwpPowerOn)
                  2000b708    00000034     driverlib.a : prcm.obj (.text:PRCMPeripheralStatusGet)
                  2000b73c    00000034                 : spi.obj (.text:SPIFIFOLevelSet)
                  2000b770    00000034     rtsv7M4_T_le_eabi.lib : trgmsg.c.obj (.text:__TI_readmsg)
                  2000b7a4    00000030     driverlib.a : uart.obj (.text:UARTDisable)
                  2000b7d4    00000030     rtsv7M4_T_le_eabi.lib : vsnprintf.c.obj (.text:_outs)
                  2000b804    0000002e                           : i_tofd_t2.asm.obj (.text)
                  2000b832    00000002     --HOLE-- [fill = 0]
                  2000b834    0000002c     driverlib.a : prcm.obj (.text:PRCMSysResetCauseGet)
                  2000b860    0000002c     simplelink.a : driver.obj (.text:_SlDrvObjGlobalLockWaitForever)
                  2000b88c    0000002c                  : driver.obj (.text:_SlDrvProtectionObjLockWaitForever)
                  2000b8b8    0000002a     driverlib.a : timer.obj (.text:TimerLoadSet)
                  2000b8e2    0000002a                 : timer.obj (.text:TimerPrescaleSet)
                  2000b90c    00000028                 : prcm.obj (.text:PRCMPeripheralClkDisable)
                  2000b934    00000028     simplelink.a : driver.obj (.text:_SlDrvGlobalObjUnLock)
                  2000b95c    00000028                  : driver.obj (.text:_SlDrvProtectionObjUnLock)
                  2000b984    00000028                  : driver.obj (.text:_SlDrvSyncObjWaitForever)
                  2000b9ac    00000028     rtsv7M4_T_le_eabi.lib : memory.c.obj (.text:free_list_insert)
                  2000b9d4    00000028                           : memmov.c.obj (.text:memmove)
                  2000b9fc    00000026     simplelink.a : driver.obj (.text:_SlDrvObjLockWaitForever)
                  2000ba22    00000026     network_common.obj (.text)
                  2000ba48    00000024     simplelink.a : cc_pal.obj (.text:DmaSpiSwIntHandler)
                  2000ba6c    00000024     driverlib.a : interrupt.obj (.text:IntUnregister)
                  2000ba90    00000024                 : uart.obj (.text:UARTEnable)
                  2000bab4    00000024     rtsv7M4_T_le_eabi.lib : boot_cortex_m.c.obj (.text:_c_int00_noargs:_c_int00_noargs)
                  2000bad8    00000022     driverlib.a : spi.obj (.text:SPIReset)
                  2000bafa    00000022                 : spi.obj (.text:SPIWordCountSet)
                  2000bb1c    00000020                 : interrupt.obj (.text:IntRegister)
                  2000bb3c    00000020     simplelink.a : cc_pal.obj (.text:NwpPrePowerOffTimout0)
                  2000bb5c    00000020                  : cc_pal.obj (.text:TimerGetCurrentTimestamp)
                  2000bb7c    00000020                  : driver.obj (.text:_SlDrvObjUnLock)
                  2000bb9c    00000020                  : driver.obj (.text:_SlDrvSyncObjSignal)
                  2000bbbc    0000001e     driverlib.a : timer.obj (.text:TimerEnable)
                  2000bbda    0000001e                 : uart.obj (.text:UARTCharPut)
                  2000bbf8    0000001e     simplelink.a : cc_pal.obj (.text:cc_UDMAChannelSelect)
                  2000bc16    0000001c     driverlib.a : timer.obj (.text:TimerValueGet)
                  2000bc32    0000001c                 : uart.obj (.text:UARTCharGetNonBlocking)
                  2000bc4e    0000001c     simplelink.a : driver.obj (.text:_SlDrvStartMeasureTimeout)
                  2000bc6a    0000001c     rtsv7M4_T_le_eabi.lib : copy_zero_init.c.obj (.text:decompress:ZI:__TI_zero_init_nomemset:__TI_zero_init_nomemset)
                  2000bc86    00000002     --HOLE-- [fill = 0]
                  2000bc88    0000001c                           : memory.c.obj (.text:free_list_remove)
                  2000bca4    0000001c                           : memccpy.c.obj (.text:memccpy)
                  2000bcc0    0000001c     pinmux.obj (.text)
                  2000bcdc    0000001c     driverlib.a : udma.obj (.text:uDMAChannelEnable)
                  2000bcf8    0000001a                 : pin.obj (.text:PinTypeUART)
                  2000bd12    0000001a                 : spi.obj (.text:SPIDmaDisable)
                  2000bd2c    0000001a                 : spi.obj (.text:SPIDmaEnable)
                  2000bd46    0000001a                 : spi.obj (.text:SPIFIFODisable)
                  2000bd60    0000001a                 : spi.obj (.text:SPIFIFOEnable)
                  2000bd7a    0000001a                 : spi.obj (.text:SPIIntUnregister)
                  2000bd94    00000018                 : spi.obj (.text:SPICSDisable)
                  2000bdac    00000018                 : spi.obj (.text:SPICSEnable)
                  2000bdc4    00000018                 : spi.obj (.text:SPIDisable)
                  2000bddc    00000018                 : spi.obj (.text:SPIEnable)
                  2000bdf4    00000018                 : uart.obj (.text:UARTCharsAvail)
                  2000be0c    00000018     simplelink.a : nonos.obj (.text:_SlNonOsSemSet)
                  2000be24    00000018     rtsv7M4_T_le_eabi.lib : vsnprintf.c.obj (.text:_outc)
                  2000be3c    00000018                           : sprintf.c.obj (.text:_outs)
                  2000be54    00000018     simplelink.a : device.obj (.text:_sl_GetStartResponseConvert)
                  2000be6c    00000018     rtsv7M4_T_le_eabi.lib : strcmp.c.obj (.text:strcmp)
                  2000be84    00000016     driverlib.a : prcm.obj (.text:PRCMHIBRegRead)
                  2000be9a    00000016                 : prcm.obj (.text:PRCMHIBRegWrite)
                  2000beb0    00000016     simplelink.a : driver.obj (.text:_SlDrvMemZero)
                  2000bec6    00000016     rtsv7M4_T_le_eabi.lib : strchr.c.obj (.text:strchr)
                  2000bedc    00000014     driverlib.a : cpu.obj (.text:CPUcpsie)
                  2000bef0    00000014                 : interrupt.obj (.text:IntVTableBaseSet)
                  2000bf04    00000014     rtsv7M4_T_le_eabi.lib : strlen.c.obj (.text:strlen)
                  2000bf18    00000012                           : wcslen.c.obj (.text:wcslen)
                  2000bf2a    00000010     simplelink.a : driver.obj (.text:_SlDrvDispatchHttpServerEvents)
                  2000bf3a    0000000e                  : driver.obj (.text:_SlDrvResetCmdExt)
                  2000bf48    0000000e     rtsv7M4_T_le_eabi.lib : time.c.obj (.text:__time32)
                  2000bf56    0000000e                           : copy_decompress_none.c.obj (.text:decompress:none:__TI_decompress_none)
                  2000bf64    0000000e     startup_ccs.obj (.text)
                  2000bf72    00000002     --HOLE-- [fill = 0]
                  2000bf74    0000000c     simplelink.a : cc_pal.obj (.text:NwpMaskInterrupt)
                  2000bf80    0000000c                  : cc_pal.obj (.text:NwpUnMaskInterrupt)
                  2000bf8c    0000000c     rtsv7M4_T_le_eabi.lib : s_copysign.c.obj (.text:copysign)
                  2000bf98    0000000a     driverlib.a : interrupt.obj (.text:IntMasterEnable)
                  2000bfa2    0000000a     rtsv7M4_T_le_eabi.lib : sprintf.c.obj (.text:_outc)
                  2000bfac    00000008                           : errno.c.obj (.text:__aeabi_errno_addr)
                  2000bfb4    00000008                           : memory.c.obj (.text:malloc)
                  2000bfbc    00000006     driverlib.a : utils.obj (.text:UtilsDelay)
                  2000bfc2    00000004     rtsv7M4_T_le_eabi.lib : pre_init.c.obj (.text:_system_pre_init)
                  2000bfc6    00000004                           : exit.c.obj (.text:abort:abort)

.const     0    2000bfcc    000005e8     
                  2000bfcc    00000101     rtsv7M4_T_le_eabi.lib : ctype.c.obj (.const:.string:_ctypes_)
                  2000c0cd    00000003     --HOLE-- [fill = 0]
                  2000c0d0    00000100     driverlib.a : pin.obj (.const:g_ulPinToPadMap)
                  2000c1d0    000000d4                 : interrupt.obj (.const:g_pulRegs)
                  2000c2a4    000000a8                 : prcm.obj (.const:PRCM_PeriphRegsList)
                  2000c34c    00000060     rtsv7M4_T_le_eabi.lib : mktime.c.obj (.const:$O1$$)
                  2000c3ac    0000003c     simplelink.a : driver.obj (.const:OpcodeTranslateTable)
                  2000c3e8    00000038                  : driver.obj (.const:_SlActionLookupTable)
                  2000c420    0000002c     main2.obj (.const:$P$T1$2)
                  2000c44c    00000024     driverlib.a : spi.obj (.const:g_ppulSPIIntMap)
                  2000c470    00000022     main2.obj (.const:.string:$P$T0$1)
                  2000c492    00000002     --HOLE-- [fill = 0]
                  2000c494    00000020     simplelink.a : driver.obj (.const:RxMsgClassLUT)
                  2000c4b4    00000018     driverlib.a : interrupt.obj (.const:g_pulDisRegs)
                  2000c4cc    00000018                 : interrupt.obj (.const:g_pulEnRegs)
                  2000c4e4    00000018                 : interrupt.obj (.const:g_pulUnpendRegs)
                  2000c4fc    00000018                 : spi.obj (.const:g_ulSPIDmaMaskMap)
                  2000c514    00000014     simplelink.a : driver.obj (.const:$P$T0$1)
                  2000c528    00000014                  : nonos.obj (.const:$P$T0$1)
                  2000c53c    00000014     main2.obj (.const:$P$T2$3)
                  2000c550    00000010     simplelink.a : socket.obj (.const:.string:_SlPayloadByProtocolLUT)
                  2000c560    00000008                  : device.obj (.const:StartResponseLUT)
                  2000c568    00000008                  : driver.obj (.const:g_H2NCnysPattern)
                  2000c570    00000008                  : driver.obj (.const:g_H2NSyncPattern)
                  2000c578    00000004                  : device.obj (.const:_SlDeviceGetCmdCtrl)
                  2000c57c    00000004                  : netapp.obj (.const:_SlNetAppSendTokenValueCmdCtrl)
                  2000c580    00000004                  : netcfg.obj (.const:_SlNetCfgSetCmdCtrl)
                  2000c584    00000004                  : wlan.obj (.const:_SlPolicySetCmdCtrl)
                  2000c588    00000004                  : wlan.obj (.const:_SlProfileDelCmdCtrl)
                  2000c58c    00000004                  : socket.obj (.const:_SlRecvCmdCtrl)
                  2000c590    00000004                  : netapp.obj (.const:_SlRegisterServiceCtrl)
                  2000c594    00000004                  : wlan.obj (.const:_SlRxFilterSetCmdCtrl)
                  2000c598    00000004                  : socket.obj (.const:_SlSendCmdCtrl)
                  2000c59c    00000004                  : socket.obj (.const:_SlSockSocketCmdCtrl)
                  2000c5a0    00000004                  : device.obj (.const:_SlStopCmdCtrl)
                  2000c5a4    00000004                  : wlan.obj (.const:_SlWlanCfgSetCmdCtrl)
                  2000c5a8    00000004                  : wlan.obj (.const:_SlWlanSetModeCmdCtrl)
                  2000c5ac    00000004                  : driver.obj (.const:httpServer_callbacks)
                  2000c5b0    00000004                  : driver.obj (.const:netApp_callbacks)

.cinit     0    2000c5b8    000000a0     
                  2000c5b8    0000007b     (.cinit..data.load) [load image, compression = lzss]
                  2000c633    00000001     --HOLE-- [fill = 0]
                  2000c634    0000000c     (__TI_handler_table)
                  2000c640    00000008     (.cinit..bss.load) [load image, compression = zero_init]
                  2000c648    00000010     (__TI_cinit_table)

.sysmem    0    20017000    00008000     UNINITIALIZED
                  20017000    00000010     rtsv7M4_T_le_eabi.lib : memory.c.obj (.sysmem)
                  20017010    00007ff0     --HOLE--

.data      0    2001f000    000007c4     UNINITIALIZED
                  2001f000    000005dc     main2.obj (.data:buffer)
                  2001f5dc    00000122     main2.obj (.data:RawData_Ping)
                  2001f6fe    00000002     --HOLE--
                  2001f700    0000003c     simplelink.a : nonos.obj (.data:g__SlNonOsCB)
                  2001f73c    00000024     rtsv7M4_T_le_eabi.lib : localtim.c.obj (.data:local_tm)
                  2001f760    00000020     main2.obj (.data)
                  2001f780    00000010     rtsv7M4_T_le_eabi.lib : tmzone.c.obj (.data:_tz)
                  2001f790    0000000d     simplelink.a : driver.obj (.data)
                  2001f79d    00000003     --HOLE--
                  2001f7a0    00000009                  : cc_pal.obj (.data)
                  2001f7a9    00000003     --HOLE--
                  2001f7ac    00000008     rtsv7M4_T_le_eabi.lib : _lock.c.obj (.data:$O1$$)
                  2001f7b4    00000008                           : memory.c.obj (.data:$O1$$)
                  2001f7bc    00000004                           : errno.c.obj (.data)
                  2001f7c0    00000004     simplelink.a : driver.obj (.data:wlan_callbacks)

.bss       0    2001f7c4    0000031f     UNINITIALIZED
                  2001f7c4    00000168     simplelink.a : driver.obj (.bss:g_StatMem)
                  2001f92c    00000120     rtsv7M4_T_le_eabi.lib : trgmsg.c.obj (.bss:_CIOBUF_)
                  2001fa4c    00000050     (.common:g_ucDinDout)
                  2001fa9c    00000024     (.common:g_ucConnectionSSID)
                  2001fac0    00000008     (.common:g_ucConnectionBSSID)
                  2001fac8    00000008     (.common:parmbuf)
                  2001fad0    00000004     uart_if.obj (.bss)
                  2001fad4    00000004     (.common:current_time)
                  2001fad8    00000004     (.common:local_time)
                  2001fadc    00000004     (.common:temperature)
                  2001fae0    00000001     (.common:RxIrqCnt)
                  2001fae1    00000001     (.common:g_bDeviceRestartIsRequired)
                  2001fae2    00000001     (.common:g_cDummy)

.stack     0    2002eb00    00001500     UNINITIALIZED
                  2002eb00    00000004     rtsv7M4_T_le_eabi.lib : boot_cortex_m.c.obj (.stack)
                  2002eb04    000014fc     --HOLE--

__llvm_prf_cnts 
*          0    20017000    00000000     UNINITIALIZED

MODULE SUMMARY

       Module                       code    ro data   rw data
       ------                       ----    -------   -------
    .\
       main2.obj                    2896    98        1878   
       startup_ccs.obj              14      1024      0      
       uart_if.obj                  636     0         4      
       network_common.obj           38      0         0      
       pinmux.obj                   28      0         0      
    +--+----------------------------+-------+---------+---------+
       Total:                       3612    1122      1882   
                                                             
    C:/ti/CC3200SDK_1.5.0/cc3200-sdk/driverlib/ccs/Release/driverlib.a
       prcm.obj                     852     168       0      
       interrupt.obj                608     284       0      
       spi.obj                      798     60        0      
       udma.obj                     604     0         0      
       pin.obj                      226     256       0      
       uart.obj                     284     0         0      
       timer.obj                    210     0         0      
       cpu.obj                      20      0         0      
       utils.obj                    6       0         0      
    +--+----------------------------+-------+---------+---------+
       Total:                       3608    768       0      
                                                             
    C:/ti/CC3200SDK_1.5.0/cc3200-sdk/simplelink/ccs/NON_OS_debug/simplelink.a
       driver.obj                   7906    192       379    
       cc_pal.obj                   1960    0         90     
       netapp.obj                   1248    8         0      
       device.obj                   1082    16        0      
       socket.obj                   984     28        0      
       wlan.obj                     676     20        0      
       nonos.obj                    416     20        60     
       netcfg.obj                   152     4         0      
    +--+----------------------------+-------+---------+---------+
       Total:                       14424   288       529    
                                                             
    C:\ti\ccs1220\ccs\tools\compiler\ti-cgt-arm_20.2.7.LTS\lib\rtsv7M4_T_le_eabi.lib
       _printfi.c.obj               4835    0         0      
       memory.c.obj                 900     0         8      
       mktime.c.obj                 672     96        0      
       fd_add_t2.asm.obj            438     0         0      
       trgmsg.c.obj                 108     0         288    
       localtim.c.obj               308     0         36     
       fd_div_t2.asm.obj            310     0         0      
       fd_cmp_t2.asm.obj            268     0         0      
       ctype.c.obj                  0       257       0      
       fd_mul_t2.asm.obj            252     0         0      
       s_scalbn.c.obj               208     0         0      
       memcpy_t2.asm.obj            156     0         0      
       ull_div_t2.asm.obj           150     0         0      
       vsnprintf.c.obj              136     0         0      
       memset_t2.asm.obj            122     0         0      
       ll_div_t2.asm.obj            110     0         0      
       copy_decompress_lzss.c.obj   104     0         0      
       sprintf.c.obj                98      0         0      
       s_frexp.c.obj                92      0         0      
       _ltoa.c.obj                  84      0         0      
       atoi.c.obj                   76      0         0      
       fd_toi_t2.asm.obj            72      0         0      
       hosttime.c.obj               72      0         0      
       autoinit.c.obj               68      0         0      
       u_divt2.asm.obj              64      0         0      
       i_tofd_t2.asm.obj            46      0         0      
       memmov.c.obj                 40      0         0      
       boot_cortex_m.c.obj          36      0         0      
       copy_zero_init.c.obj         28      0         0      
       memccpy.c.obj                28      0         0      
       strcmp.c.obj                 24      0         0      
       strchr.c.obj                 22      0         0      
       strlen.c.obj                 20      0         0      
       wcslen.c.obj                 18      0         0      
       tmzone.c.obj                 0       0         16     
       copy_decompress_none.c.obj   14      0         0      
       time.c.obj                   14      0         0      
       errno.c.obj                  8       0         4      
       s_copysign.c.obj             12      0         0      
       _lock.c.obj                  2       0         8      
       hostopen.c.obj               0       0         8      
       exit.c.obj                   4       0         0      
       pre_init.c.obj               4       0         0      
       div0.asm.obj                 2       0         0      
    +--+----------------------------+-------+---------+---------+
       Total:                       10025   353       368    
                                                             
       Heap:                        0       0         32768  
       Stack:                       0       0         5376   
       Linker Generated:            0       159       0      
    +--+----------------------------+-------+---------+---------+
       Grand Total:                 31669   2690      40923  


LINKER GENERATED COPY TABLES

__TI_cinit_table @ 2000c648 records: 2, size/record: 8, table size: 16
	.data: load addr=2000c5b8, load size=0000007b bytes, run addr=2001f000, run size=000007c4 bytes, compression=lzss
	.bss: load addr=2000c640, load size=00000008 bytes, run addr=2001f7c4, run size=0000031f bytes, compression=zero_init


LINKER GENERATED HANDLER TABLE

__TI_handler_table @ 2000c634 records: 3, size/record: 4, table size: 12
	index: 0, handler: __TI_decompress_lzss
	index: 1, handler: __TI_decompress_none
	index: 2, handler: __TI_zero_init


GLOBAL SYMBOLS: SORTED ALPHABETICALLY BY Name 

address   name                                  
-------   ----                                  
2000bfc7  C$$EXIT                               
2000b693  C$$IO$$                               
2000bedd  CPUcpsie                              
20006211  ClearTerm                             
2000ba49  DmaSpiSwIntHandler                    
2000621b  Error                                 
20004b6d  Generic_Func                          
20006253  GetCmd                                
2000b049  HOSTtime                              
200061d1  InitTerm                              
2000946d  IntDisable                            
20009515  IntEnable                             
2000bf99  IntMasterEnable                       
2000abd1  IntPendClear                          
2000acd9  IntPrioritySet                        
2000bb1d  IntRegister                           
2000ba6d  IntUnregister                         
2000bef1  IntVTableBaseSet                      
200061ef  Message                               
2001f768  Node                                  
2000bf75  NwpMaskInterrupt                      
2000b62d  NwpPowerOff                           
2000b6d5  NwpPowerOn                            
2000a1cd  NwpPowerOnPreamble                    
2000bb3d  NwpPrePowerOffTimout0                 
2000b4c1  NwpRegisterInterruptHandler           
2000bf81  NwpUnMaskInterrupt                    
2000c3ac  OpcodeTranslateTable                  
20007515  PRCMCC3200MCUInit                     
2000be85  PRCMHIBRegRead                        
2000be9b  PRCMHIBRegWrite                       
2000b90d  PRCMPeripheralClkDisable              
2000b579  PRCMPeripheralClkEnable               
20009b39  PRCMPeripheralClockGet                
2000ac29  PRCMPeripheralReset                   
2000b709  PRCMPeripheralStatusGet               
2000b835  PRCMSysResetCauseGet                  
2000a039  PinConfigSet                          
2000b301  PinModeSet                            
2000bcc1  PinMuxConfig                          
2000bcf9  PinTypeUART                           
2001f5dc  RawData_Ping                          
20004be9  Received_Data                         
20006391  Report                                
2000bf65  ResetISR                              
2001fae0  RxIrqCnt                              
2000bd95  SPICSDisable                          
2000bdad  SPICSEnable                           
20009661  SPIConfigSetExpClk                    
2000bdc5  SPIDisable                            
2000bd13  SPIDmaDisable                         
2000bd2d  SPIDmaEnable                          
2000bddd  SPIEnable                             
2000bd47  SPIFIFODisable                        
2000bd61  SPIFIFOEnable                         
2000b73d  SPIFIFOLevelSet                       
2000b091  SPIIntClear                           
2000aecd  SPIIntEnable                          
2000bd7b  SPIIntUnregister                      
2000bad9  SPIReset                              
2000bafb  SPIWordCountSet                       
200045c9  SimpleLinkGeneralEventHandler         
200045a1  SimpleLinkHttpServerCallback          
20004509  SimpleLinkNetAppEventHandler          
200045df  SimpleLinkSockEventHandler            
20004401  SimpleLinkWlanEventHandler            
2000b1ad  TimerConfigure                        
2000bbbd  TimerEnable                           
2000bb5d  TimerGetCurrentTimestamp              
2000b8b9  TimerLoadSet                          
2000b8e3  TimerPrescaleSet                      
2000bc17  TimerValueGet                         
20004cb7  TransceiverModeRx                     
200062f9  TrimSpace                             
2000bc33  UARTCharGetNonBlocking                
2000bbdb  UARTCharPut                           
2000bdf5  UARTCharsAvail                        
2000a549  UARTConfigSetExpClk                   
2000b7a5  UARTDisable                           
2000ba91  UARTEnable                            
2000bfbd  UtilsDelay                            
2000c3e8  _SlActionLookupTable                  
200095bd  _SlDriverHandleError                  
2000b0d9  _SlDrvBasicCmd                        
20009249  _SlDrvCmdOp                           
2000a781  _SlDrvCmdSend                         
200068fd  _SlDrvDataReadOp                      
200077fd  _SlDrvDataWriteOp                     
2000983d  _SlDrvDeviceEventHandler              
2000bf2b  _SlDrvDispatchHttpServerEvents        
200080b5  _SlDrvDriverCBDeinit                  
20007035  _SlDrvDriverCBInit                    
2000b935  _SlDrvGlobalObjUnLock                 
2000b1f1  _SlDrvHandleHttpServerEvents          
2000b341  _SlDrvHandleNetAppEvents              
2000b381  _SlDrvHandleWlanEvents                
20009e95  _SlDrvIsTimeoutExpired                
2000beb1  _SlDrvMemZero                         
20008aad  _SlDrvMsgReadSpawnCtx                 
20008305  _SlDrvNetAppEventHandler              
2000b9fd  _SlDrvObjLockWaitForever              
2000bb7d  _SlDrvObjUnLock                       
2000af65  _SlDrvProtectAsyncRespSetting         
2000b88d  _SlDrvProtectionObjLockWaitForever    
2000b95d  _SlDrvProtectionObjUnLock             
20006ae1  _SlDrvReleasePoolObj                  
2000bf3b  _SlDrvResetCmdExt                     
2000ad2d  _SlDrvRxIrqHandler                    
2000bc4f  _SlDrvStartMeasureTimeout             
2000bb9d  _SlDrvSyncObjSignal                   
2000b985  _SlDrvSyncObjWaitForever              
2000b235  _SlDrvSyncObjWaitTimeout              
20007385  _SlDrvWaitForPoolObj                  
2000c57c  _SlNetAppSendTokenValueCmdCtrl        
2000a5c1  _SlNonOsMainLoopTask                  
200093bd  _SlNonOsSemGet                        
2000be0d  _SlNonOsSemSet                        
2000a8c1  _SlNonOsSpawn                         
2001f92c  __CIOBUF_                             
20030000  __STACK_END                           
00001500  __STACK_SIZE                          
00008000  __SYSMEM_SIZE                         
2000c648  __TI_CINIT_Base                       
2000c658  __TI_CINIT_Limit                      
2000c634  __TI_Handler_Table_Base               
2000c640  __TI_Handler_Table_Limit              
2000b279  __TI_auto_init_nobinit_nopinit        
2000a859  __TI_decompress_lzss                  
2000bf57  __TI_decompress_none                  
2000ad81  __TI_ltoa                             
ffffffff  __TI_pprof_out_hndl                   
20004f51  __TI_printfi                          
ffffffff  __TI_prof_data_size                   
ffffffff  __TI_prof_data_start                  
2000b771  __TI_readmsg                          
2000c5b8  __TI_static_base__                    
2000b665  __TI_writemsg                         
2000bc6b  __TI_zero_init_nomemset               
2000a0c1  __aeabi_cdcmpeq                       
2000a0c1  __aeabi_cdcmple                       
2000a147  __aeabi_cdrcmple                      
2000b121  __aeabi_d2iz                          
20006e87  __aeabi_dadd                          
20007d15  __aeabi_ddiv                          
20008509  __aeabi_dmul                          
20006e7d  __aeabi_dsub                          
2000bfad  __aeabi_errno_addr                    
2000b805  __aeabi_i2d                           
20007e4b  __aeabi_idiv0                         
20007e4b  __aeabi_ldiv0                         
2000a713  __aeabi_ldivmod                       
2000a455  __aeabi_memclr                        
2000a455  __aeabi_memclr4                       
2000a455  __aeabi_memclr8                       
200097a1  __aeabi_memcpy                        
200097a1  __aeabi_memcpy4                       
200097a1  __aeabi_memcpy8                       
2000a457  __aeabi_memset                        
2000a457  __aeabi_memset4                       
2000a457  __aeabi_memset8                       
2000b401  __aeabi_uidiv                         
2000b401  __aeabi_uidivmod                      
20009aa1  __aeabi_uldivmod                      
ffffffff  __binit__                             
ffffffff  __c_args__                            
20007e4d  __localtime32                         
20005f31  __mktime32                            
UNDEFED   __mpu_init                            
2002eb00  __stack                               
20017000  __start___llvm_prf_cnts               
20017000  __stop___llvm_prf_cnts                
2000bf49  __time32                              
2000bab5  _c_int00_noargs                       
2000bfcc  _ctypes_                              
2001f7ac  _lock                                 
20007033  _nop                                  
2000a925  _sl_HandleAsync_Accept                
2000a2d5  _sl_HandleAsync_Connect               
20009bcd  _sl_HandleAsync_DnsGetHostByName      
20008fed  _sl_HandleAsync_DnsGetHostByService   
20009f21  _sl_HandleAsync_InitComplete          
20009c5d  _sl_HandleAsync_PingResponse          
2000add5  _sl_HandleAsync_Select                
2000ae7d  _sl_HandleAsync_Stop                  
2000a7ed  _sl_NetAppSendTokenValue              
20017000  _sys_memory                           
UNDEFED   _system_post_cinit                    
2000bfc3  _system_pre_init                      
2001f780  _tz                                   
2001f7b0  _unlock                               
2000bfc7  abort                                 
20008409  aligned_alloc                         
20004b15  array_to_string                       
2000afb1  atoi                                  
ffffffff  binit                                 
2001f000  buffer                                
2000bf8d  copysign                              
2000bf8d  copysignl                             
2001fad4  current_time                          
2001f7bc  errno                                 
2001f778  frameRadioHeader                      
20008b95  free                                  
2000ab75  frexp                                 
2000ab75  frexpl                                
2001f790  g_SlDeviceStatus                      
2001f7a0  g_SpiFd                               
2001f700  g__SlNonOsCB                          
2001fae1  g_bDeviceRestartIsRequired            
2001fae2  g_cDummy                              
2001f794  g_pCB                                 
2001f7a4  g_pHostIntHdl                         
20004000  g_pfnVectors                          
2001fac0  g_ucConnectionBSSID                   
2001fa9c  g_ucConnectionSSID                    
2001f7a8  g_ucDMAEnabled                        
2001fa4c  g_ucDinDout                           
2001f764  g_ulGatewayIP                         
2001f760  g_ulStatus                            
2001f76c  isInit                                
2001f770  lRetVal                               
20008f1d  ldexp                                 
20008f1d  ldexpl                                
2001fad8  local_time                            
20007e4d  localtime                             
20004d91  main                                  
2000bfb5  malloc                                
20008409  memalign                              
2000bca5  memccpy                               
200097a1  memcpy                                
2000b9d5  memmove                               
2000a45d  memset                                
20005f31  mktime                                
2001f798  pPingCallBackFunc                     
2001fac8  parmbuf                               
20008c79  realloc                               
2001f77c  recievedBytes                         
20008f1d  scalbn                                
20008f1d  scalbnl                               
2000b5b5  simplelink_timerA2_start              
200090b9  sl_DevGet                             
20008d5d  sl_NetAppMDNSRegisterUnregisterService
2000a989  sl_NetAppMDNSUnRegisterService        
200098d9  sl_NetCfgSet                          
2000ba23  sl_Provisioning_HttpServerEventHdl    
2000ba31  sl_Provisioning_NetAppEventHdl        
2000ba3d  sl_Provisioning_WlanEventHdl          
20009701  sl_Recv                               
20007f81  sl_Send                               
20009fad  sl_Socket                             
20008605  sl_Start                              
200086f5  sl_Stop                               
2000b69d  sl_WlanDisconnect                     
20009ced  sl_WlanPolicySet                      
2000aab5  sl_WlanProfileDel                     
2000a251  sl_WlanRxFilterSet                    
20009971  sl_WlanSet                            
2000ab15  sl_WlanSetMode                        
2001f774  socket_hanlde                         
2000a4d1  spi_Close                             
2000794d  spi_Open                              
200087e5  spi_Read                              
20009a09  spi_Write                             
2000b441  sprintf                               
2000bec7  strchr                                
2000be6d  strcmp                                
2000bf05  strlen                                
2001fadc  temperature                           
2000bf49  time                                  
2000affd  uDMAChannelAssign                     
2000a9ed  uDMAChannelAttributeDisable           
2000aa51  uDMAChannelAttributeEnable            
2000b5f1  uDMAChannelControlSet                 
2000bcdd  uDMAChannelEnable                     
200088d5  uDMAChannelTransferSet                
2000b481  vsnprintf                             
2000bf19  wcslen                                


GLOBAL SYMBOLS: SORTED BY Symbol Address 

address   name                                  
-------   ----                                  
00001500  __STACK_SIZE                          
00008000  __SYSMEM_SIZE                         
20004000  g_pfnVectors                          
20004401  SimpleLinkWlanEventHandler            
20004509  SimpleLinkNetAppEventHandler          
200045a1  SimpleLinkHttpServerCallback          
200045c9  SimpleLinkGeneralEventHandler         
200045df  SimpleLinkSockEventHandler            
20004b15  array_to_string                       
20004b6d  Generic_Func                          
20004be9  Received_Data                         
20004cb7  TransceiverModeRx                     
20004d91  main                                  
20004f51  __TI_printfi                          
20005f31  __mktime32                            
20005f31  mktime                                
200061d1  InitTerm                              
200061ef  Message                               
20006211  ClearTerm                             
2000621b  Error                                 
20006253  GetCmd                                
200062f9  TrimSpace                             
20006391  Report                                
200068fd  _SlDrvDataReadOp                      
20006ae1  _SlDrvReleasePoolObj                  
20006e7d  __aeabi_dsub                          
20006e87  __aeabi_dadd                          
20007033  _nop                                  
20007035  _SlDrvDriverCBInit                    
20007385  _SlDrvWaitForPoolObj                  
20007515  PRCMCC3200MCUInit                     
200077fd  _SlDrvDataWriteOp                     
2000794d  spi_Open                              
20007d15  __aeabi_ddiv                          
20007e4b  __aeabi_idiv0                         
20007e4b  __aeabi_ldiv0                         
20007e4d  __localtime32                         
20007e4d  localtime                             
20007f81  sl_Send                               
200080b5  _SlDrvDriverCBDeinit                  
20008305  _SlDrvNetAppEventHandler              
20008409  aligned_alloc                         
20008409  memalign                              
20008509  __aeabi_dmul                          
20008605  sl_Start                              
200086f5  sl_Stop                               
200087e5  spi_Read                              
200088d5  uDMAChannelTransferSet                
20008aad  _SlDrvMsgReadSpawnCtx                 
20008b95  free                                  
20008c79  realloc                               
20008d5d  sl_NetAppMDNSRegisterUnregisterService
20008f1d  ldexp                                 
20008f1d  ldexpl                                
20008f1d  scalbn                                
20008f1d  scalbnl                               
20008fed  _sl_HandleAsync_DnsGetHostByService   
200090b9  sl_DevGet                             
20009249  _SlDrvCmdOp                           
200093bd  _SlNonOsSemGet                        
2000946d  IntDisable                            
20009515  IntEnable                             
200095bd  _SlDriverHandleError                  
20009661  SPIConfigSetExpClk                    
20009701  sl_Recv                               
200097a1  __aeabi_memcpy                        
200097a1  __aeabi_memcpy4                       
200097a1  __aeabi_memcpy8                       
200097a1  memcpy                                
2000983d  _SlDrvDeviceEventHandler              
200098d9  sl_NetCfgSet                          
20009971  sl_WlanSet                            
20009a09  spi_Write                             
20009aa1  __aeabi_uldivmod                      
20009b39  PRCMPeripheralClockGet                
20009bcd  _sl_HandleAsync_DnsGetHostByName      
20009c5d  _sl_HandleAsync_PingResponse          
20009ced  sl_WlanPolicySet                      
20009e95  _SlDrvIsTimeoutExpired                
20009f21  _sl_HandleAsync_InitComplete          
20009fad  sl_Socket                             
2000a039  PinConfigSet                          
2000a0c1  __aeabi_cdcmpeq                       
2000a0c1  __aeabi_cdcmple                       
2000a147  __aeabi_cdrcmple                      
2000a1cd  NwpPowerOnPreamble                    
2000a251  sl_WlanRxFilterSet                    
2000a2d5  _sl_HandleAsync_Connect               
2000a455  __aeabi_memclr                        
2000a455  __aeabi_memclr4                       
2000a455  __aeabi_memclr8                       
2000a457  __aeabi_memset                        
2000a457  __aeabi_memset4                       
2000a457  __aeabi_memset8                       
2000a45d  memset                                
2000a4d1  spi_Close                             
2000a549  UARTConfigSetExpClk                   
2000a5c1  _SlNonOsMainLoopTask                  
2000a713  __aeabi_ldivmod                       
2000a781  _SlDrvCmdSend                         
2000a7ed  _sl_NetAppSendTokenValue              
2000a859  __TI_decompress_lzss                  
2000a8c1  _SlNonOsSpawn                         
2000a925  _sl_HandleAsync_Accept                
2000a989  sl_NetAppMDNSUnRegisterService        
2000a9ed  uDMAChannelAttributeDisable           
2000aa51  uDMAChannelAttributeEnable            
2000aab5  sl_WlanProfileDel                     
2000ab15  sl_WlanSetMode                        
2000ab75  frexp                                 
2000ab75  frexpl                                
2000abd1  IntPendClear                          
2000ac29  PRCMPeripheralReset                   
2000acd9  IntPrioritySet                        
2000ad2d  _SlDrvRxIrqHandler                    
2000ad81  __TI_ltoa                             
2000add5  _sl_HandleAsync_Select                
2000ae7d  _sl_HandleAsync_Stop                  
2000aecd  SPIIntEnable                          
2000af65  _SlDrvProtectAsyncRespSetting         
2000afb1  atoi                                  
2000affd  uDMAChannelAssign                     
2000b049  HOSTtime                              
2000b091  SPIIntClear                           
2000b0d9  _SlDrvBasicCmd                        
2000b121  __aeabi_d2iz                          
2000b1ad  TimerConfigure                        
2000b1f1  _SlDrvHandleHttpServerEvents          
2000b235  _SlDrvSyncObjWaitTimeout              
2000b279  __TI_auto_init_nobinit_nopinit        
2000b301  PinModeSet                            
2000b341  _SlDrvHandleNetAppEvents              
2000b381  _SlDrvHandleWlanEvents                
2000b401  __aeabi_uidiv                         
2000b401  __aeabi_uidivmod                      
2000b441  sprintf                               
2000b481  vsnprintf                             
2000b4c1  NwpRegisterInterruptHandler           
2000b579  PRCMPeripheralClkEnable               
2000b5b5  simplelink_timerA2_start              
2000b5f1  uDMAChannelControlSet                 
2000b62d  NwpPowerOff                           
2000b665  __TI_writemsg                         
2000b693  C$$IO$$                               
2000b69d  sl_WlanDisconnect                     
2000b6d5  NwpPowerOn                            
2000b709  PRCMPeripheralStatusGet               
2000b73d  SPIFIFOLevelSet                       
2000b771  __TI_readmsg                          
2000b7a5  UARTDisable                           
2000b805  __aeabi_i2d                           
2000b835  PRCMSysResetCauseGet                  
2000b88d  _SlDrvProtectionObjLockWaitForever    
2000b8b9  TimerLoadSet                          
2000b8e3  TimerPrescaleSet                      
2000b90d  PRCMPeripheralClkDisable              
2000b935  _SlDrvGlobalObjUnLock                 
2000b95d  _SlDrvProtectionObjUnLock             
2000b985  _SlDrvSyncObjWaitForever              
2000b9d5  memmove                               
2000b9fd  _SlDrvObjLockWaitForever              
2000ba23  sl_Provisioning_HttpServerEventHdl    
2000ba31  sl_Provisioning_NetAppEventHdl        
2000ba3d  sl_Provisioning_WlanEventHdl          
2000ba49  DmaSpiSwIntHandler                    
2000ba6d  IntUnregister                         
2000ba91  UARTEnable                            
2000bab5  _c_int00_noargs                       
2000bad9  SPIReset                              
2000bafb  SPIWordCountSet                       
2000bb1d  IntRegister                           
2000bb3d  NwpPrePowerOffTimout0                 
2000bb5d  TimerGetCurrentTimestamp              
2000bb7d  _SlDrvObjUnLock                       
2000bb9d  _SlDrvSyncObjSignal                   
2000bbbd  TimerEnable                           
2000bbdb  UARTCharPut                           
2000bc17  TimerValueGet                         
2000bc33  UARTCharGetNonBlocking                
2000bc4f  _SlDrvStartMeasureTimeout             
2000bc6b  __TI_zero_init_nomemset               
2000bca5  memccpy                               
2000bcc1  PinMuxConfig                          
2000bcdd  uDMAChannelEnable                     
2000bcf9  PinTypeUART                           
2000bd13  SPIDmaDisable                         
2000bd2d  SPIDmaEnable                          
2000bd47  SPIFIFODisable                        
2000bd61  SPIFIFOEnable                         
2000bd7b  SPIIntUnregister                      
2000bd95  SPICSDisable                          
2000bdad  SPICSEnable                           
2000bdc5  SPIDisable                            
2000bddd  SPIEnable                             
2000bdf5  UARTCharsAvail                        
2000be0d  _SlNonOsSemSet                        
2000be6d  strcmp                                
2000be85  PRCMHIBRegRead                        
2000be9b  PRCMHIBRegWrite                       
2000beb1  _SlDrvMemZero                         
2000bec7  strchr                                
2000bedd  CPUcpsie                              
2000bef1  IntVTableBaseSet                      
2000bf05  strlen                                
2000bf19  wcslen                                
2000bf2b  _SlDrvDispatchHttpServerEvents        
2000bf3b  _SlDrvResetCmdExt                     
2000bf49  __time32                              
2000bf49  time                                  
2000bf57  __TI_decompress_none                  
2000bf65  ResetISR                              
2000bf75  NwpMaskInterrupt                      
2000bf81  NwpUnMaskInterrupt                    
2000bf8d  copysign                              
2000bf8d  copysignl                             
2000bf99  IntMasterEnable                       
2000bfad  __aeabi_errno_addr                    
2000bfb5  malloc                                
2000bfbd  UtilsDelay                            
2000bfc3  _system_pre_init                      
2000bfc7  C$$EXIT                               
2000bfc7  abort                                 
2000bfcc  _ctypes_                              
2000c3ac  OpcodeTranslateTable                  
2000c3e8  _SlActionLookupTable                  
2000c57c  _SlNetAppSendTokenValueCmdCtrl        
2000c5b8  __TI_static_base__                    
2000c634  __TI_Handler_Table_Base               
2000c640  __TI_Handler_Table_Limit              
2000c648  __TI_CINIT_Base                       
2000c658  __TI_CINIT_Limit                      
20017000  __start___llvm_prf_cnts               
20017000  __stop___llvm_prf_cnts                
20017000  _sys_memory                           
2001f000  buffer                                
2001f5dc  RawData_Ping                          
2001f700  g__SlNonOsCB                          
2001f760  g_ulStatus                            
2001f764  g_ulGatewayIP                         
2001f768  Node                                  
2001f76c  isInit                                
2001f770  lRetVal                               
2001f774  socket_hanlde                         
2001f778  frameRadioHeader                      
2001f77c  recievedBytes                         
2001f780  _tz                                   
2001f790  g_SlDeviceStatus                      
2001f794  g_pCB                                 
2001f798  pPingCallBackFunc                     
2001f7a0  g_SpiFd                               
2001f7a4  g_pHostIntHdl                         
2001f7a8  g_ucDMAEnabled                        
2001f7ac  _lock                                 
2001f7b0  _unlock                               
2001f7bc  errno                                 
2001f92c  __CIOBUF_                             
2001fa4c  g_ucDinDout                           
2001fa9c  g_ucConnectionSSID                    
2001fac0  g_ucConnectionBSSID                   
2001fac8  parmbuf                               
2001fad4  current_time                          
2001fad8  local_time                            
2001fadc  temperature                           
2001fae0  RxIrqCnt                              
2001fae1  g_bDeviceRestartIsRequired            
2001fae2  g_cDummy                              
2002eb00  __stack                               
20030000  __STACK_END                           
ffffffff  __TI_pprof_out_hndl                   
ffffffff  __TI_prof_data_size                   
ffffffff  __TI_prof_data_start                  
ffffffff  __binit__                             
ffffffff  __c_args__                            
ffffffff  binit                                 
UNDEFED   __mpu_init                            
UNDEFED   _system_post_cinit                    

[276 symbols]
