<?xml version="1.0" encoding="ISO-8859-1" ?>
<link_info>
   <banner>TI ARM Linker PC v20.2.7.LTS</banner>
   <copyright>Copyright (c) 1996-2018 Texas Instruments Incorporated</copyright>
   <link_time>0x645a43a4</link_time>
   <link_errors>0x0</link_errors>
   <output_file>transceiver_mode2.out</output_file>
   <entry_point>
      <name>_c_int00_noargs</name>
      <address>0x2000bb0d</address>
   </entry_point>
   <input_file_list>
      <input_file id="fl-2">
         <path>.\</path>
         <kind>object</kind>
         <file>main2.obj</file>
         <name>main2.obj</name>
      </input_file>
      <input_file id="fl-3">
         <path>.\</path>
         <kind>object</kind>
         <file>network_common.obj</file>
         <name>network_common.obj</name>
      </input_file>
      <input_file id="fl-4">
         <path>.\</path>
         <kind>object</kind>
         <file>pinmux.obj</file>
         <name>pinmux.obj</name>
      </input_file>
      <input_file id="fl-5">
         <path>.\</path>
         <kind>object</kind>
         <file>startup_ccs.obj</file>
         <name>startup_ccs.obj</name>
      </input_file>
      <input_file id="fl-6">
         <path>.\</path>
         <kind>object</kind>
         <file>uart_if.obj</file>
         <name>uart_if.obj</name>
      </input_file>
      <input_file id="fl-c">
         <kind>object</kind>
         <file>&lt;internal&gt;</file>
         <name>&lt;internal&gt;</name>
      </input_file>
      <input_file id="fl-d">
         <path>C:\ti\CC3200SDK_1.5.0\cc3200-sdk\simplelink\ccs\NON_OS_debug\</path>
         <kind>archive</kind>
         <file>simplelink.a</file>
         <name>device.obj</name>
      </input_file>
      <input_file id="fl-e">
         <path>C:\ti\CC3200SDK_1.5.0\cc3200-sdk\simplelink\ccs\NON_OS_debug\</path>
         <kind>archive</kind>
         <file>simplelink.a</file>
         <name>driver.obj</name>
      </input_file>
      <input_file id="fl-f">
         <path>C:\ti\CC3200SDK_1.5.0\cc3200-sdk\simplelink\ccs\NON_OS_debug\</path>
         <kind>archive</kind>
         <file>simplelink.a</file>
         <name>netapp.obj</name>
      </input_file>
      <input_file id="fl-10">
         <path>C:\ti\CC3200SDK_1.5.0\cc3200-sdk\simplelink\ccs\NON_OS_debug\</path>
         <kind>archive</kind>
         <file>simplelink.a</file>
         <name>netcfg.obj</name>
      </input_file>
      <input_file id="fl-11">
         <path>C:\ti\CC3200SDK_1.5.0\cc3200-sdk\simplelink\ccs\NON_OS_debug\</path>
         <kind>archive</kind>
         <file>simplelink.a</file>
         <name>nonos.obj</name>
      </input_file>
      <input_file id="fl-12">
         <path>C:\ti\CC3200SDK_1.5.0\cc3200-sdk\simplelink\ccs\NON_OS_debug\</path>
         <kind>archive</kind>
         <file>simplelink.a</file>
         <name>socket.obj</name>
      </input_file>
      <input_file id="fl-13">
         <path>C:\ti\CC3200SDK_1.5.0\cc3200-sdk\simplelink\ccs\NON_OS_debug\</path>
         <kind>archive</kind>
         <file>simplelink.a</file>
         <name>wlan.obj</name>
      </input_file>
      <input_file id="fl-14">
         <path>C:\ti\CC3200SDK_1.5.0\cc3200-sdk\simplelink\ccs\NON_OS_debug\</path>
         <kind>archive</kind>
         <file>simplelink.a</file>
         <name>cc_pal.obj</name>
      </input_file>
      <input_file id="fl-15">
         <path>C:\ti\CC3200SDK_1.5.0\cc3200-sdk\driverlib\ccs\Release\</path>
         <kind>archive</kind>
         <file>driverlib.a</file>
         <name>interrupt.obj</name>
      </input_file>
      <input_file id="fl-16">
         <path>C:\ti\CC3200SDK_1.5.0\cc3200-sdk\driverlib\ccs\Release\</path>
         <kind>archive</kind>
         <file>driverlib.a</file>
         <name>pin.obj</name>
      </input_file>
      <input_file id="fl-17">
         <path>C:\ti\CC3200SDK_1.5.0\cc3200-sdk\driverlib\ccs\Release\</path>
         <kind>archive</kind>
         <file>driverlib.a</file>
         <name>prcm.obj</name>
      </input_file>
      <input_file id="fl-18">
         <path>C:\ti\CC3200SDK_1.5.0\cc3200-sdk\driverlib\ccs\Release\</path>
         <kind>archive</kind>
         <file>driverlib.a</file>
         <name>spi.obj</name>
      </input_file>
      <input_file id="fl-19">
         <path>C:\ti\CC3200SDK_1.5.0\cc3200-sdk\driverlib\ccs\Release\</path>
         <kind>archive</kind>
         <file>driverlib.a</file>
         <name>timer.obj</name>
      </input_file>
      <input_file id="fl-1a">
         <path>C:\ti\CC3200SDK_1.5.0\cc3200-sdk\driverlib\ccs\Release\</path>
         <kind>archive</kind>
         <file>driverlib.a</file>
         <name>uart.obj</name>
      </input_file>
      <input_file id="fl-1b">
         <path>C:\ti\CC3200SDK_1.5.0\cc3200-sdk\driverlib\ccs\Release\</path>
         <kind>archive</kind>
         <file>driverlib.a</file>
         <name>udma.obj</name>
      </input_file>
      <input_file id="fl-1c">
         <path>C:\ti\CC3200SDK_1.5.0\cc3200-sdk\driverlib\ccs\Release\</path>
         <kind>archive</kind>
         <file>driverlib.a</file>
         <name>utils.obj</name>
      </input_file>
      <input_file id="fl-1d">
         <path>C:\ti\CC3200SDK_1.5.0\cc3200-sdk\driverlib\ccs\Release\</path>
         <kind>archive</kind>
         <file>driverlib.a</file>
         <name>cpu.obj</name>
      </input_file>
      <input_file id="fl-1e">
         <path>C:\ti\CC3200SDK_1.5.0\cc3200-sdk\driverlib\ccs\Release\</path>
         <kind>archive</kind>
         <file>driverlib.a</file>
         <name>flash.obj</name>
      </input_file>
      <input_file id="fl-d4">
         <path>C:\ti\ccs1220\ccs\tools\compiler\ti-cgt-arm_20.2.7.LTS\lib\</path>
         <kind>archive</kind>
         <file>rtsv7M4_T_le_eabi.lib</file>
         <name>sprintf.c.obj</name>
      </input_file>
      <input_file id="fl-d5">
         <path>C:\ti\ccs1220\ccs\tools\compiler\ti-cgt-arm_20.2.7.LTS\lib\</path>
         <kind>archive</kind>
         <file>rtsv7M4_T_le_eabi.lib</file>
         <name>vsnprintf.c.obj</name>
      </input_file>
      <input_file id="fl-d6">
         <path>C:\ti\ccs1220\ccs\tools\compiler\ti-cgt-arm_20.2.7.LTS\lib\</path>
         <kind>archive</kind>
         <file>rtsv7M4_T_le_eabi.lib</file>
         <name>fd_cmp_t2.asm.obj</name>
      </input_file>
      <input_file id="fl-d7">
         <path>C:\ti\ccs1220\ccs\tools\compiler\ti-cgt-arm_20.2.7.LTS\lib\</path>
         <kind>archive</kind>
         <file>rtsv7M4_T_le_eabi.lib</file>
         <name>memcpy_t2.asm.obj</name>
      </input_file>
      <input_file id="fl-d8">
         <path>C:\ti\ccs1220\ccs\tools\compiler\ti-cgt-arm_20.2.7.LTS\lib\</path>
         <kind>archive</kind>
         <file>rtsv7M4_T_le_eabi.lib</file>
         <name>memset_t2.asm.obj</name>
      </input_file>
      <input_file id="fl-d9">
         <path>C:\ti\ccs1220\ccs\tools\compiler\ti-cgt-arm_20.2.7.LTS\lib\</path>
         <kind>archive</kind>
         <file>rtsv7M4_T_le_eabi.lib</file>
         <name>ull_div_t2.asm.obj</name>
      </input_file>
      <input_file id="fl-da">
         <path>C:\ti\ccs1220\ccs\tools\compiler\ti-cgt-arm_20.2.7.LTS\lib\</path>
         <kind>archive</kind>
         <file>rtsv7M4_T_le_eabi.lib</file>
         <name>copy_zero_init.c.obj</name>
      </input_file>
      <input_file id="fl-db">
         <path>C:\ti\ccs1220\ccs\tools\compiler\ti-cgt-arm_20.2.7.LTS\lib\</path>
         <kind>archive</kind>
         <file>rtsv7M4_T_le_eabi.lib</file>
         <name>copy_decompress_none.c.obj</name>
      </input_file>
      <input_file id="fl-dc">
         <path>C:\ti\ccs1220\ccs\tools\compiler\ti-cgt-arm_20.2.7.LTS\lib\</path>
         <kind>archive</kind>
         <file>rtsv7M4_T_le_eabi.lib</file>
         <name>copy_decompress_lzss.c.obj</name>
      </input_file>
      <input_file id="fl-dd">
         <path>C:\ti\ccs1220\ccs\tools\compiler\ti-cgt-arm_20.2.7.LTS\lib\</path>
         <kind>archive</kind>
         <file>rtsv7M4_T_le_eabi.lib</file>
         <name>difftime.c.obj</name>
      </input_file>
      <input_file id="fl-de">
         <path>C:\ti\ccs1220\ccs\tools\compiler\ti-cgt-arm_20.2.7.LTS\lib\</path>
         <kind>archive</kind>
         <file>rtsv7M4_T_le_eabi.lib</file>
         <name>localtim.c.obj</name>
      </input_file>
      <input_file id="fl-df">
         <path>C:\ti\ccs1220\ccs\tools\compiler\ti-cgt-arm_20.2.7.LTS\lib\</path>
         <kind>archive</kind>
         <file>rtsv7M4_T_le_eabi.lib</file>
         <name>memmov.c.obj</name>
      </input_file>
      <input_file id="fl-e0">
         <path>C:\ti\ccs1220\ccs\tools\compiler\ti-cgt-arm_20.2.7.LTS\lib\</path>
         <kind>archive</kind>
         <file>rtsv7M4_T_le_eabi.lib</file>
         <name>memory.c.obj</name>
      </input_file>
      <input_file id="fl-e1">
         <path>C:\ti\ccs1220\ccs\tools\compiler\ti-cgt-arm_20.2.7.LTS\lib\</path>
         <kind>archive</kind>
         <file>rtsv7M4_T_le_eabi.lib</file>
         <name>mktime.c.obj</name>
      </input_file>
      <input_file id="fl-e2">
         <path>C:\ti\ccs1220\ccs\tools\compiler\ti-cgt-arm_20.2.7.LTS\lib\</path>
         <kind>archive</kind>
         <file>rtsv7M4_T_le_eabi.lib</file>
         <name>strcmp.c.obj</name>
      </input_file>
      <input_file id="fl-e3">
         <path>C:\ti\ccs1220\ccs\tools\compiler\ti-cgt-arm_20.2.7.LTS\lib\</path>
         <kind>archive</kind>
         <file>rtsv7M4_T_le_eabi.lib</file>
         <name>strlen.c.obj</name>
      </input_file>
      <input_file id="fl-e4">
         <path>C:\ti\ccs1220\ccs\tools\compiler\ti-cgt-arm_20.2.7.LTS\lib\</path>
         <kind>archive</kind>
         <file>rtsv7M4_T_le_eabi.lib</file>
         <name>tmzone.c.obj</name>
      </input_file>
      <input_file id="fl-e5">
         <path>C:\ti\ccs1220\ccs\tools\compiler\ti-cgt-arm_20.2.7.LTS\lib\</path>
         <kind>archive</kind>
         <file>rtsv7M4_T_le_eabi.lib</file>
         <name>boot_cortex_m.c.obj</name>
      </input_file>
      <input_file id="fl-e6">
         <path>C:\ti\ccs1220\ccs\tools\compiler\ti-cgt-arm_20.2.7.LTS\lib\</path>
         <kind>archive</kind>
         <file>rtsv7M4_T_le_eabi.lib</file>
         <name>time.c.obj</name>
      </input_file>
      <input_file id="fl-e7">
         <path>C:\ti\ccs1220\ccs\tools\compiler\ti-cgt-arm_20.2.7.LTS\lib\</path>
         <kind>archive</kind>
         <file>rtsv7M4_T_le_eabi.lib</file>
         <name>_printfi.c.obj</name>
      </input_file>
      <input_file id="fl-e8">
         <path>C:\ti\ccs1220\ccs\tools\compiler\ti-cgt-arm_20.2.7.LTS\lib\</path>
         <kind>archive</kind>
         <file>rtsv7M4_T_le_eabi.lib</file>
         <name>div0.asm.obj</name>
      </input_file>
      <input_file id="fl-e9">
         <path>C:\ti\ccs1220\ccs\tools\compiler\ti-cgt-arm_20.2.7.LTS\lib\</path>
         <kind>archive</kind>
         <file>rtsv7M4_T_le_eabi.lib</file>
         <name>fd_add_t2.asm.obj</name>
      </input_file>
      <input_file id="fl-ea">
         <path>C:\ti\ccs1220\ccs\tools\compiler\ti-cgt-arm_20.2.7.LTS\lib\</path>
         <kind>archive</kind>
         <file>rtsv7M4_T_le_eabi.lib</file>
         <name>fd_div_t2.asm.obj</name>
      </input_file>
      <input_file id="fl-eb">
         <path>C:\ti\ccs1220\ccs\tools\compiler\ti-cgt-arm_20.2.7.LTS\lib\</path>
         <kind>archive</kind>
         <file>rtsv7M4_T_le_eabi.lib</file>
         <name>fd_mul_t2.asm.obj</name>
      </input_file>
      <input_file id="fl-ec">
         <path>C:\ti\ccs1220\ccs\tools\compiler\ti-cgt-arm_20.2.7.LTS\lib\</path>
         <kind>archive</kind>
         <file>rtsv7M4_T_le_eabi.lib</file>
         <name>fd_toi_t2.asm.obj</name>
      </input_file>
      <input_file id="fl-ed">
         <path>C:\ti\ccs1220\ccs\tools\compiler\ti-cgt-arm_20.2.7.LTS\lib\</path>
         <kind>archive</kind>
         <file>rtsv7M4_T_le_eabi.lib</file>
         <name>i_tofd_t2.asm.obj</name>
      </input_file>
      <input_file id="fl-ee">
         <path>C:\ti\ccs1220\ccs\tools\compiler\ti-cgt-arm_20.2.7.LTS\lib\</path>
         <kind>archive</kind>
         <file>rtsv7M4_T_le_eabi.lib</file>
         <name>u_tofd_t2.asm.obj</name>
      </input_file>
      <input_file id="fl-ef">
         <path>C:\ti\ccs1220\ccs\tools\compiler\ti-cgt-arm_20.2.7.LTS\lib\</path>
         <kind>archive</kind>
         <file>rtsv7M4_T_le_eabi.lib</file>
         <name>u_divt2.asm.obj</name>
      </input_file>
      <input_file id="fl-f0">
         <path>C:\ti\ccs1220\ccs\tools\compiler\ti-cgt-arm_20.2.7.LTS\lib\</path>
         <kind>archive</kind>
         <file>rtsv7M4_T_le_eabi.lib</file>
         <name>ll_div_t2.asm.obj</name>
      </input_file>
      <input_file id="fl-f1">
         <path>C:\ti\ccs1220\ccs\tools\compiler\ti-cgt-arm_20.2.7.LTS\lib\</path>
         <kind>archive</kind>
         <file>rtsv7M4_T_le_eabi.lib</file>
         <name>autoinit.c.obj</name>
      </input_file>
      <input_file id="fl-f2">
         <path>C:\ti\ccs1220\ccs\tools\compiler\ti-cgt-arm_20.2.7.LTS\lib\</path>
         <kind>archive</kind>
         <file>rtsv7M4_T_le_eabi.lib</file>
         <name>pre_init.c.obj</name>
      </input_file>
      <input_file id="fl-f3">
         <path>C:\ti\ccs1220\ccs\tools\compiler\ti-cgt-arm_20.2.7.LTS\lib\</path>
         <kind>archive</kind>
         <file>rtsv7M4_T_le_eabi.lib</file>
         <name>cpy_tbl.c.obj</name>
      </input_file>
      <input_file id="fl-f4">
         <path>C:\ti\ccs1220\ccs\tools\compiler\ti-cgt-arm_20.2.7.LTS\lib\</path>
         <kind>archive</kind>
         <file>rtsv7M4_T_le_eabi.lib</file>
         <name>exit.c.obj</name>
      </input_file>
      <input_file id="fl-f5">
         <path>C:\ti\ccs1220\ccs\tools\compiler\ti-cgt-arm_20.2.7.LTS\lib\</path>
         <kind>archive</kind>
         <file>rtsv7M4_T_le_eabi.lib</file>
         <name>_lock.c.obj</name>
      </input_file>
      <input_file id="fl-f6">
         <path>C:\ti\ccs1220\ccs\tools\compiler\ti-cgt-arm_20.2.7.LTS\lib\</path>
         <kind>archive</kind>
         <file>rtsv7M4_T_le_eabi.lib</file>
         <name>_ltoa.c.obj</name>
      </input_file>
      <input_file id="fl-f7">
         <path>C:\ti\ccs1220\ccs\tools\compiler\ti-cgt-arm_20.2.7.LTS\lib\</path>
         <kind>archive</kind>
         <file>rtsv7M4_T_le_eabi.lib</file>
         <name>args_main.c.obj</name>
      </input_file>
      <input_file id="fl-f8">
         <path>C:\ti\ccs1220\ccs\tools\compiler\ti-cgt-arm_20.2.7.LTS\lib\</path>
         <kind>archive</kind>
         <file>rtsv7M4_T_le_eabi.lib</file>
         <name>atoi.c.obj</name>
      </input_file>
      <input_file id="fl-f9">
         <path>C:\ti\ccs1220\ccs\tools\compiler\ti-cgt-arm_20.2.7.LTS\lib\</path>
         <kind>archive</kind>
         <file>rtsv7M4_T_le_eabi.lib</file>
         <name>ctype.c.obj</name>
      </input_file>
      <input_file id="fl-fa">
         <path>C:\ti\ccs1220\ccs\tools\compiler\ti-cgt-arm_20.2.7.LTS\lib\</path>
         <kind>archive</kind>
         <file>rtsv7M4_T_le_eabi.lib</file>
         <name>memccpy.c.obj</name>
      </input_file>
      <input_file id="fl-fb">
         <path>C:\ti\ccs1220\ccs\tools\compiler\ti-cgt-arm_20.2.7.LTS\lib\</path>
         <kind>archive</kind>
         <file>rtsv7M4_T_le_eabi.lib</file>
         <name>strchr.c.obj</name>
      </input_file>
      <input_file id="fl-fc">
         <path>C:\ti\ccs1220\ccs\tools\compiler\ti-cgt-arm_20.2.7.LTS\lib\</path>
         <kind>archive</kind>
         <file>rtsv7M4_T_le_eabi.lib</file>
         <name>hosttime.c.obj</name>
      </input_file>
      <input_file id="fl-fd">
         <path>C:\ti\ccs1220\ccs\tools\compiler\ti-cgt-arm_20.2.7.LTS\lib\</path>
         <kind>archive</kind>
         <file>rtsv7M4_T_le_eabi.lib</file>
         <name>trgmsg.c.obj</name>
      </input_file>
      <input_file id="fl-fe">
         <path>C:\ti\ccs1220\ccs\tools\compiler\ti-cgt-arm_20.2.7.LTS\lib\</path>
         <kind>archive</kind>
         <file>rtsv7M4_T_le_eabi.lib</file>
         <name>errno.c.obj</name>
      </input_file>
      <input_file id="fl-ff">
         <path>C:\ti\ccs1220\ccs\tools\compiler\ti-cgt-arm_20.2.7.LTS\lib\</path>
         <kind>archive</kind>
         <file>rtsv7M4_T_le_eabi.lib</file>
         <name>wcslen.c.obj</name>
      </input_file>
      <input_file id="fl-100">
         <path>C:\ti\ccs1220\ccs\tools\compiler\ti-cgt-arm_20.2.7.LTS\lib\</path>
         <kind>archive</kind>
         <file>rtsv7M4_T_le_eabi.lib</file>
         <name>s_frexp.c.obj</name>
      </input_file>
      <input_file id="fl-101">
         <path>C:\ti\ccs1220\ccs\tools\compiler\ti-cgt-arm_20.2.7.LTS\lib\</path>
         <kind>archive</kind>
         <file>rtsv7M4_T_le_eabi.lib</file>
         <name>s_scalbn.c.obj</name>
      </input_file>
      <input_file id="fl-102">
         <path>C:\ti\ccs1220\ccs\tools\compiler\ti-cgt-arm_20.2.7.LTS\lib\</path>
         <kind>archive</kind>
         <file>rtsv7M4_T_le_eabi.lib</file>
         <name>hostopen.c.obj</name>
      </input_file>
      <input_file id="fl-103">
         <path>C:\ti\ccs1220\ccs\tools\compiler\ti-cgt-arm_20.2.7.LTS\lib\</path>
         <kind>archive</kind>
         <file>rtsv7M4_T_le_eabi.lib</file>
         <name>s_copysign.c.obj</name>
      </input_file>
   </input_file_list>
   <object_component_list>
      <object_component id="oc-12">
         <name>.intvecs</name>
         <load_address>0x20004000</load_address>
         <run_address>0x20004000</run_address>
         <size>0x400</size>
         <input_file_ref idref="fl-5"/>
      </object_component>
      <object_component id="oc-97">
         <name>.text</name>
         <load_address>0x20004400</load_address>
         <run_address>0x20004400</run_address>
         <size>0xba8</size>
         <input_file_ref idref="fl-2"/>
      </object_component>
      <object_component id="oc-349">
         <name>.text:__TI_printfi</name>
         <load_address>0x20004fa8</load_address>
         <run_address>0x20004fa8</run_address>
         <size>0xa4e</size>
         <input_file_ref idref="fl-e7"/>
      </object_component>
      <object_component id="oc-6a8">
         <name>.text:IntDefaultHandler</name>
         <load_address>0x200059f6</load_address>
         <run_address>0x200059f6</run_address>
         <size>0x2</size>
         <input_file_ref idref="fl-15"/>
      </object_component>
      <object_component id="oc-6ba">
         <name>.text:_SlDrvMsgRead</name>
         <load_address>0x200059f8</load_address>
         <run_address>0x200059f8</run_address>
         <size>0x590</size>
         <input_file_ref idref="fl-e"/>
      </object_component>
      <object_component id="oc-169">
         <name>.text:__mktime32</name>
         <load_address>0x20005f88</load_address>
         <run_address>0x20005f88</run_address>
         <size>0x2a0</size>
         <input_file_ref idref="fl-e1"/>
      </object_component>
      <object_component id="oc-c5">
         <name>.text</name>
         <load_address>0x20006228</load_address>
         <run_address>0x20006228</run_address>
         <size>0x27c</size>
         <input_file_ref idref="fl-6"/>
      </object_component>
      <object_component id="oc-59b">
         <name>.text:_pconv_a</name>
         <load_address>0x200064a4</load_address>
         <run_address>0x200064a4</run_address>
         <size>0x268</size>
         <input_file_ref idref="fl-e7"/>
      </object_component>
      <object_component id="oc-79b">
         <name>.text:_SlDrvRxHdrRead</name>
         <load_address>0x2000670c</load_address>
         <run_address>0x2000670c</run_address>
         <size>0x248</size>
         <input_file_ref idref="fl-e"/>
      </object_component>
      <object_component id="oc-373">
         <name>.text:_SlDrvDataReadOp</name>
         <load_address>0x20006954</load_address>
         <run_address>0x20006954</run_address>
         <size>0x1e4</size>
         <input_file_ref idref="fl-e"/>
      </object_component>
      <object_component id="oc-27f">
         <name>.text:_SlDrvReleasePoolObj</name>
         <load_address>0x20006b38</load_address>
         <run_address>0x20006b38</run_address>
         <size>0x1d0</size>
         <input_file_ref idref="fl-e"/>
      </object_component>
      <object_component id="oc-589">
         <name>.text:_pconv_g</name>
         <load_address>0x20006d08</load_address>
         <run_address>0x20006d08</run_address>
         <size>0x1cc</size>
         <input_file_ref idref="fl-e7"/>
      </object_component>
      <object_component id="oc-70d">
         <name>.text</name>
         <load_address>0x20006ed4</load_address>
         <run_address>0x20006ed4</run_address>
         <size>0x1b6</size>
         <input_file_ref idref="fl-e9"/>
      </object_component>
      <object_component id="oc-62e">
         <name>.text:_nop</name>
         <load_address>0x2000708a</load_address>
         <run_address>0x2000708a</run_address>
         <size>0x2</size>
         <input_file_ref idref="fl-f5"/>
      </object_component>
      <object_component id="oc-255">
         <name>.text:_SlDrvDriverCBInit</name>
         <load_address>0x2000708c</load_address>
         <run_address>0x2000708c</run_address>
         <size>0x1b4</size>
         <input_file_ref idref="fl-e"/>
      </object_component>
      <object_component id="oc-521">
         <name>.text:_SlDrvMsgWrite</name>
         <load_address>0x20007240</load_address>
         <run_address>0x20007240</run_address>
         <size>0x19c</size>
         <input_file_ref idref="fl-e"/>
      </object_component>
      <object_component id="oc-4a8">
         <name>.text:_SlDrvWaitForPoolObj</name>
         <load_address>0x200073dc</load_address>
         <run_address>0x200073dc</run_address>
         <size>0x190</size>
         <input_file_ref idref="fl-e"/>
      </object_component>
      <object_component id="oc-133">
         <name>.text:PRCMCC3200MCUInit</name>
         <load_address>0x2000756c</load_address>
         <run_address>0x2000756c</run_address>
         <size>0x178</size>
         <input_file_ref idref="fl-17"/>
      </object_component>
      <object_component id="oc-7ad">
         <name>.text:_SlFindAndSetActiveObj</name>
         <load_address>0x200076e4</load_address>
         <run_address>0x200076e4</run_address>
         <size>0x170</size>
         <input_file_ref idref="fl-e"/>
      </object_component>
      <object_component id="oc-363">
         <name>.text:_SlDrvDataWriteOp</name>
         <load_address>0x20007854</load_address>
         <run_address>0x20007854</run_address>
         <size>0x150</size>
         <input_file_ref idref="fl-e"/>
      </object_component>
      <object_component id="oc-25b">
         <name>.text:spi_Open</name>
         <load_address>0x200079a4</load_address>
         <run_address>0x200079a4</run_address>
         <size>0x148</size>
         <input_file_ref idref="fl-14"/>
      </object_component>
      <object_component id="oc-527">
         <name>.text:_SlDrvMsgReadCmdCtx</name>
         <load_address>0x20007aec</load_address>
         <run_address>0x20007aec</run_address>
         <size>0x144</size>
         <input_file_ref idref="fl-e"/>
      </object_component>
      <object_component id="oc-595">
         <name>.text:_pconv_e</name>
         <load_address>0x20007c30</load_address>
         <run_address>0x20007c30</run_address>
         <size>0x13c</size>
         <input_file_ref idref="fl-e7"/>
      </object_component>
      <object_component id="oc-6f8">
         <name>.text</name>
         <load_address>0x20007d6c</load_address>
         <run_address>0x20007d6c</run_address>
         <size>0x136</size>
         <input_file_ref idref="fl-ea"/>
      </object_component>
      <object_component id="oc-5ff">
         <name>.text</name>
         <load_address>0x20007ea2</load_address>
         <run_address>0x20007ea2</run_address>
         <size>0x2</size>
         <input_file_ref idref="fl-e8"/>
      </object_component>
      <object_component id="oc-163">
         <name>.text:__localtime32</name>
         <load_address>0x20007ea4</load_address>
         <run_address>0x20007ea4</run_address>
         <size>0x134</size>
         <input_file_ref idref="fl-de"/>
      </object_component>
      <object_component id="oc-14b">
         <name>.text:sl_Send</name>
         <load_address>0x20007fd8</load_address>
         <run_address>0x20007fd8</run_address>
         <size>0x134</size>
         <input_file_ref idref="fl-12"/>
      </object_component>
      <object_component id="oc-2c4">
         <name>.text:_SlDrvDriverCBDeinit</name>
         <load_address>0x2000810c</load_address>
         <run_address>0x2000810c</run_address>
         <size>0x130</size>
         <input_file_ref idref="fl-e"/>
      </object_component>
      <object_component id="oc-71f">
         <name>.text:fcvt</name>
         <load_address>0x2000823c</load_address>
         <run_address>0x2000823c</run_address>
         <size>0x120</size>
         <input_file_ref idref="fl-e7"/>
      </object_component>
      <object_component id="oc-82d">
         <name>.text:_SlDrvNetAppEventHandler</name>
         <load_address>0x2000835c</load_address>
         <run_address>0x2000835c</run_address>
         <size>0x104</size>
         <input_file_ref idref="fl-f"/>
      </object_component>
      <object_component id="oc-340">
         <name>.text:aligned_alloc</name>
         <load_address>0x20008460</load_address>
         <run_address>0x20008460</run_address>
         <size>0x100</size>
         <input_file_ref idref="fl-e0"/>
      </object_component>
      <object_component id="oc-6f3">
         <name>.text</name>
         <load_address>0x20008560</load_address>
         <run_address>0x20008560</run_address>
         <size>0xfc</size>
         <input_file_ref idref="fl-eb"/>
      </object_component>
      <object_component id="oc-d2">
         <name>.text:sl_Start</name>
         <load_address>0x2000865c</load_address>
         <run_address>0x2000865c</run_address>
         <size>0xf0</size>
         <input_file_ref idref="fl-d"/>
      </object_component>
      <object_component id="oc-e4">
         <name>.text:sl_Stop</name>
         <load_address>0x2000874c</load_address>
         <run_address>0x2000874c</run_address>
         <size>0xf0</size>
         <input_file_ref idref="fl-d"/>
      </object_component>
      <object_component id="oc-7a7">
         <name>.text:spi_Read</name>
         <load_address>0x2000883c</load_address>
         <run_address>0x2000883c</run_address>
         <size>0xf0</size>
         <input_file_ref idref="fl-14"/>
      </object_component>
      <object_component id="oc-8e7">
         <name>.text:uDMAChannelTransferSet</name>
         <load_address>0x2000892c</load_address>
         <run_address>0x2000892c</run_address>
         <size>0xf0</size>
         <input_file_ref idref="fl-1b"/>
      </object_component>
      <object_component id="oc-6c0">
         <name>.text:_SlAsyncEventGenericHandler</name>
         <load_address>0x20008a1c</load_address>
         <run_address>0x20008a1c</run_address>
         <size>0xe8</size>
         <input_file_ref idref="fl-e"/>
      </object_component>
      <object_component id="oc-508">
         <name>.text:_SlDrvMsgReadSpawnCtx</name>
         <load_address>0x20008b04</load_address>
         <run_address>0x20008b04</run_address>
         <size>0xe8</size>
         <input_file_ref idref="fl-e"/>
      </object_component>
      <object_component id="oc-213">
         <name>.text:free</name>
         <load_address>0x20008bec</load_address>
         <run_address>0x20008bec</run_address>
         <size>0xe4</size>
         <input_file_ref idref="fl-e0"/>
      </object_component>
      <object_component id="oc-20d">
         <name>.text:realloc</name>
         <load_address>0x20008cd0</load_address>
         <run_address>0x20008cd0</run_address>
         <size>0xe4</size>
         <input_file_ref idref="fl-e0"/>
      </object_component>
      <object_component id="oc-2ff">
         <name>.text:sl_NetAppMDNSRegisterUnregisterService</name>
         <load_address>0x20008db4</load_address>
         <run_address>0x20008db4</run_address>
         <size>0xe4</size>
         <input_file_ref idref="fl-f"/>
      </object_component>
      <object_component id="oc-7a1">
         <name>.text:_SlDrvClassifyRxMsg</name>
         <load_address>0x20008e98</load_address>
         <run_address>0x20008e98</run_address>
         <size>0xdc</size>
         <input_file_ref idref="fl-e"/>
      </object_component>
      <object_component id="oc-733">
         <name>.text:scalbn</name>
         <load_address>0x20008f74</load_address>
         <run_address>0x20008f74</run_address>
         <size>0xd0</size>
         <input_file_ref idref="fl-101"/>
      </object_component>
      <object_component id="oc-8a5">
         <name>.text:_sl_HandleAsync_DnsGetHostByService</name>
         <load_address>0x20009044</load_address>
         <run_address>0x20009044</run_address>
         <size>0xcc</size>
         <input_file_ref idref="fl-f"/>
      </object_component>
      <object_component id="oc-ea">
         <name>.text:sl_DevGet</name>
         <load_address>0x20009110</load_address>
         <run_address>0x20009110</run_address>
         <size>0xcc</size>
         <input_file_ref idref="fl-d"/>
      </object_component>
      <object_component id="oc-4e3">
         <name>.text:_SlRemoveFromList</name>
         <load_address>0x200091dc</load_address>
         <run_address>0x200091dc</run_address>
         <size>0xc4</size>
         <input_file_ref idref="fl-e"/>
      </object_component>
      <object_component id="oc-2a8">
         <name>.text:_SlDrvCmdOp</name>
         <load_address>0x200092a0</load_address>
         <run_address>0x200092a0</run_address>
         <size>0xc0</size>
         <input_file_ref idref="fl-e"/>
      </object_component>
      <object_component id="oc-57e">
         <name>.text:_ltostr</name>
         <load_address>0x20009360</load_address>
         <run_address>0x20009360</run_address>
         <size>0xb1</size>
         <input_file_ref idref="fl-e7"/>
      </object_component>
      <object_component id="oc-43c">
         <name>.text:_SlNonOsSemGet</name>
         <load_address>0x20009414</load_address>
         <run_address>0x20009414</run_address>
         <size>0xb0</size>
         <input_file_ref idref="fl-11"/>
      </object_component>
      <object_component id="oc-4c2">
         <name>.text:IntDisable</name>
         <load_address>0x200094c4</load_address>
         <run_address>0x200094c4</run_address>
         <size>0xa8</size>
         <input_file_ref idref="fl-15"/>
      </object_component>
      <object_component id="oc-12d">
         <name>.text:IntEnable</name>
         <load_address>0x2000956c</load_address>
         <run_address>0x2000956c</run_address>
         <size>0xa8</size>
         <input_file_ref idref="fl-15"/>
      </object_component>
      <object_component id="oc-4dc">
         <name>.text:_SlDriverHandleError</name>
         <load_address>0x20009614</load_address>
         <run_address>0x20009614</run_address>
         <size>0xa4</size>
         <input_file_ref idref="fl-e"/>
      </object_component>
      <object_component id="oc-459">
         <name>.text:SPIConfigSetExpClk</name>
         <load_address>0x200096b8</load_address>
         <run_address>0x200096b8</run_address>
         <size>0xa0</size>
         <input_file_ref idref="fl-18"/>
      </object_component>
      <object_component id="oc-151">
         <name>.text:sl_Recv</name>
         <load_address>0x20009758</load_address>
         <run_address>0x20009758</run_address>
         <size>0xa0</size>
         <input_file_ref idref="fl-12"/>
      </object_component>
      <object_component id="oc-3d">
         <name>.text</name>
         <load_address>0x200097f8</load_address>
         <run_address>0x200097f8</run_address>
         <size>0x9c</size>
         <input_file_ref idref="fl-d7"/>
      </object_component>
      <object_component id="oc-88b">
         <name>.text:_SlDrvDeviceEventHandler</name>
         <load_address>0x20009894</load_address>
         <run_address>0x20009894</run_address>
         <size>0x9a</size>
         <input_file_ref idref="fl-d"/>
      </object_component>
      <object_component id="oc-102">
         <name>.text:sl_NetCfgSet</name>
         <load_address>0x20009930</load_address>
         <run_address>0x20009930</run_address>
         <size>0x98</size>
         <input_file_ref idref="fl-10"/>
      </object_component>
      <object_component id="oc-108">
         <name>.text:sl_WlanSet</name>
         <load_address>0x200099c8</load_address>
         <run_address>0x200099c8</run_address>
         <size>0x98</size>
         <input_file_ref idref="fl-13"/>
      </object_component>
      <object_component id="oc-6c9">
         <name>.text:spi_Write</name>
         <load_address>0x20009a60</load_address>
         <run_address>0x20009a60</run_address>
         <size>0x98</size>
         <input_file_ref idref="fl-14"/>
      </object_component>
      <object_component id="oc-610">
         <name>.text</name>
         <load_address>0x20009af8</load_address>
         <run_address>0x20009af8</run_address>
         <size>0x96</size>
         <input_file_ref idref="fl-d9"/>
      </object_component>
      <object_component id="oc-1e3">
         <name>.text:PRCMPeripheralClockGet</name>
         <load_address>0x20009b90</load_address>
         <run_address>0x20009b90</run_address>
         <size>0x94</size>
         <input_file_ref idref="fl-17"/>
      </object_component>
      <object_component id="oc-89f">
         <name>.text:_sl_HandleAsync_DnsGetHostByName</name>
         <load_address>0x20009c24</load_address>
         <run_address>0x20009c24</run_address>
         <size>0x90</size>
         <input_file_ref idref="fl-f"/>
      </object_component>
      <object_component id="oc-833">
         <name>.text:_sl_HandleAsync_PingResponse</name>
         <load_address>0x20009cb4</load_address>
         <run_address>0x20009cb4</run_address>
         <size>0x90</size>
         <input_file_ref idref="fl-f"/>
      </object_component>
      <object_component id="oc-f0">
         <name>.text:sl_WlanPolicySet</name>
         <load_address>0x20009d44</load_address>
         <run_address>0x20009d44</run_address>
         <size>0x90</size>
         <input_file_ref idref="fl-13"/>
      </object_component>
      <object_component id="oc-83a">
         <name>.text:SetupDMAReceive</name>
         <load_address>0x20009dd4</load_address>
         <run_address>0x20009dd4</run_address>
         <size>0x8c</size>
         <input_file_ref idref="fl-14"/>
      </object_component>
      <object_component id="oc-7b8">
         <name>.text:SetupDMASend</name>
         <load_address>0x20009e60</load_address>
         <run_address>0x20009e60</run_address>
         <size>0x8c</size>
         <input_file_ref idref="fl-14"/>
      </object_component>
      <object_component id="oc-662">
         <name>.text:_SlDrvIsTimeoutExpired</name>
         <load_address>0x20009eec</load_address>
         <run_address>0x20009eec</run_address>
         <size>0x8c</size>
         <input_file_ref idref="fl-e"/>
      </object_component>
      <object_component id="oc-8f8">
         <name>.text:_sl_HandleAsync_InitComplete</name>
         <load_address>0x20009f78</load_address>
         <run_address>0x20009f78</run_address>
         <size>0x8c</size>
         <input_file_ref idref="fl-d"/>
      </object_component>
      <object_component id="oc-17a">
         <name>.text:sl_Socket</name>
         <load_address>0x2000a004</load_address>
         <run_address>0x2000a004</run_address>
         <size>0x8c</size>
         <input_file_ref idref="fl-12"/>
      </object_component>
      <object_component id="oc-625">
         <name>.text:PinConfigSet</name>
         <load_address>0x2000a090</load_address>
         <run_address>0x2000a090</run_address>
         <size>0x88</size>
         <input_file_ref idref="fl-16"/>
      </object_component>
      <object_component id="oc-584">
         <name>.text:__aeabi_cdcmple</name>
         <load_address>0x2000a118</load_address>
         <run_address>0x2000a118</run_address>
         <size>0x86</size>
         <input_file_ref idref="fl-d6"/>
      </object_component>
      <object_component id="oc-175">
         <name>.text:__aeabi_cdrcmple</name>
         <load_address>0x2000a19e</load_address>
         <run_address>0x2000a19e</run_address>
         <size>0x86</size>
         <input_file_ref idref="fl-d6"/>
      </object_component>
      <object_component id="oc-24f">
         <name>.text:NwpPowerOnPreamble</name>
         <load_address>0x2000a224</load_address>
         <run_address>0x2000a224</run_address>
         <size>0x84</size>
         <input_file_ref idref="fl-14"/>
      </object_component>
      <object_component id="oc-114">
         <name>.text:sl_WlanRxFilterSet</name>
         <load_address>0x2000a2a8</load_address>
         <run_address>0x2000a2a8</run_address>
         <size>0x84</size>
         <input_file_ref idref="fl-13"/>
      </object_component>
      <object_component id="oc-8c7">
         <name>.text:_sl_HandleAsync_Connect</name>
         <load_address>0x2000a32c</load_address>
         <run_address>0x2000a32c</run_address>
         <size>0x80</size>
         <input_file_ref idref="fl-12"/>
      </object_component>
      <object_component id="oc-840">
         <name>.text:spi_Read_CPU</name>
         <load_address>0x2000a3ac</load_address>
         <run_address>0x2000a3ac</run_address>
         <size>0x80</size>
         <input_file_ref idref="fl-14"/>
      </object_component>
      <object_component id="oc-7ca">
         <name>.text:spi_Write_CPU</name>
         <load_address>0x2000a42c</load_address>
         <run_address>0x2000a42c</run_address>
         <size>0x80</size>
         <input_file_ref idref="fl-14"/>
      </object_component>
      <object_component id="oc-8b">
         <name>.text</name>
         <load_address>0x2000a4ac</load_address>
         <run_address>0x2000a4ac</run_address>
         <size>0x7a</size>
         <input_file_ref idref="fl-d8"/>
      </object_component>
      <object_component id="oc-2be">
         <name>.text:spi_Close</name>
         <load_address>0x2000a528</load_address>
         <run_address>0x2000a528</run_address>
         <size>0x78</size>
         <input_file_ref idref="fl-14"/>
      </object_component>
      <object_component id="oc-1e9">
         <name>.text:UARTConfigSetExpClk</name>
         <load_address>0x2000a5a0</load_address>
         <run_address>0x2000a5a0</run_address>
         <size>0x76</size>
         <input_file_ref idref="fl-1a"/>
      </object_component>
      <object_component id="oc-d8">
         <name>.text:_SlNonOsMainLoopTask</name>
         <load_address>0x2000a618</load_address>
         <run_address>0x2000a618</run_address>
         <size>0x74</size>
         <input_file_ref idref="fl-11"/>
      </object_component>
      <object_component id="oc-416">
         <name>.text:split</name>
         <load_address>0x2000a68c</load_address>
         <run_address>0x2000a68c</run_address>
         <size>0x70</size>
         <input_file_ref idref="fl-e0"/>
      </object_component>
      <object_component id="oc-718">
         <name>.text:_mcpy</name>
         <load_address>0x2000a6fc</load_address>
         <run_address>0x2000a6fc</run_address>
         <size>0x6e</size>
         <input_file_ref idref="fl-e7"/>
      </object_component>
      <object_component id="oc-39e">
         <name>.text</name>
         <load_address>0x2000a76a</load_address>
         <run_address>0x2000a76a</run_address>
         <size>0x6e</size>
         <input_file_ref idref="fl-f0"/>
      </object_component>
      <object_component id="oc-910">
         <name>.text:_SlDrvCmdSend</name>
         <load_address>0x2000a7d8</load_address>
         <run_address>0x2000a7d8</run_address>
         <size>0x6c</size>
         <input_file_ref idref="fl-e"/>
      </object_component>
      <object_component id="oc-8b1">
         <name>.text:_sl_NetAppSendTokenValue</name>
         <load_address>0x2000a844</load_address>
         <run_address>0x2000a844</run_address>
         <size>0x6c</size>
         <input_file_ref idref="fl-f"/>
      </object_component>
      <object_component id="oc-15">
         <name>.text:decompress:lzss:__TI_decompress_lzss</name>
         <load_address>0x2000a8b0</load_address>
         <run_address>0x2000a8b0</run_address>
         <size>0x68</size>
         <input_file_ref idref="fl-dc"/>
      </object_component>
      <object_component id="oc-502">
         <name>.text:_SlNonOsSpawn</name>
         <load_address>0x2000a918</load_address>
         <run_address>0x2000a918</run_address>
         <size>0x64</size>
         <input_file_ref idref="fl-11"/>
      </object_component>
      <object_component id="oc-8c1">
         <name>.text:_sl_HandleAsync_Accept</name>
         <load_address>0x2000a97c</load_address>
         <run_address>0x2000a97c</run_address>
         <size>0x64</size>
         <input_file_ref idref="fl-12"/>
      </object_component>
      <object_component id="oc-10e">
         <name>.text:sl_NetAppMDNSUnRegisterService</name>
         <load_address>0x2000a9e0</load_address>
         <run_address>0x2000a9e0</run_address>
         <size>0x64</size>
         <input_file_ref idref="fl-f"/>
      </object_component>
      <object_component id="oc-679">
         <name>.text:uDMAChannelAttributeDisable</name>
         <load_address>0x2000aa44</load_address>
         <run_address>0x2000aa44</run_address>
         <size>0x64</size>
         <input_file_ref idref="fl-1b"/>
      </object_component>
      <object_component id="oc-8e1">
         <name>.text:uDMAChannelAttributeEnable</name>
         <load_address>0x2000aaa8</load_address>
         <run_address>0x2000aaa8</run_address>
         <size>0x64</size>
         <input_file_ref idref="fl-1b"/>
      </object_component>
      <object_component id="oc-f6">
         <name>.text:sl_WlanProfileDel</name>
         <load_address>0x2000ab0c</load_address>
         <run_address>0x2000ab0c</run_address>
         <size>0x60</size>
         <input_file_ref idref="fl-13"/>
      </object_component>
      <object_component id="oc-de">
         <name>.text:sl_WlanSetMode</name>
         <load_address>0x2000ab6c</load_address>
         <run_address>0x2000ab6c</run_address>
         <size>0x60</size>
         <input_file_ref idref="fl-13"/>
      </object_component>
      <object_component id="oc-72d">
         <name>.text:frexp</name>
         <load_address>0x2000abcc</load_address>
         <run_address>0x2000abcc</run_address>
         <size>0x5c</size>
         <input_file_ref idref="fl-100"/>
      </object_component>
      <object_component id="oc-4ce">
         <name>.text:IntPendClear</name>
         <load_address>0x2000ac28</load_address>
         <run_address>0x2000ac28</run_address>
         <size>0x58</size>
         <input_file_ref idref="fl-15"/>
      </object_component>
      <object_component id="oc-333">
         <name>.text:PRCMPeripheralReset</name>
         <load_address>0x2000ac80</load_address>
         <run_address>0x2000ac80</run_address>
         <size>0x58</size>
         <input_file_ref idref="fl-17"/>
      </object_component>
      <object_component id="oc-58f">
         <name>.text:_pconv_f</name>
         <load_address>0x2000acd8</load_address>
         <run_address>0x2000acd8</run_address>
         <size>0x56</size>
         <input_file_ref idref="fl-e7"/>
      </object_component>
      <object_component id="oc-483">
         <name>.text:IntPrioritySet</name>
         <load_address>0x2000ad30</load_address>
         <run_address>0x2000ad30</run_address>
         <size>0x54</size>
         <input_file_ref idref="fl-15"/>
      </object_component>
      <object_component id="oc-291">
         <name>.text:_SlDrvRxIrqHandler</name>
         <load_address>0x2000ad84</load_address>
         <run_address>0x2000ad84</run_address>
         <size>0x54</size>
         <input_file_ref idref="fl-e"/>
      </object_component>
      <object_component id="oc-702">
         <name>.text:__TI_ltoa</name>
         <load_address>0x2000add8</load_address>
         <run_address>0x2000add8</run_address>
         <size>0x54</size>
         <input_file_ref idref="fl-f6"/>
      </object_component>
      <object_component id="oc-8cd">
         <name>.text:_sl_HandleAsync_Select</name>
         <load_address>0x2000ae2c</load_address>
         <run_address>0x2000ae2c</run_address>
         <size>0x54</size>
         <input_file_ref idref="fl-12"/>
      </object_component>
      <object_component id="oc-712">
         <name>.text:_ecpy</name>
         <load_address>0x2000ae80</load_address>
         <run_address>0x2000ae80</run_address>
         <size>0x52</size>
         <input_file_ref idref="fl-e7"/>
      </object_component>
      <object_component id="oc-8d3">
         <name>.text:_sl_HandleAsync_Stop</name>
         <load_address>0x2000aed4</load_address>
         <run_address>0x2000aed4</run_address>
         <size>0x50</size>
         <input_file_ref idref="fl-d"/>
      </object_component>
      <object_component id="oc-489">
         <name>.text:SPIIntEnable</name>
         <load_address>0x2000af24</load_address>
         <run_address>0x2000af24</run_address>
         <size>0x4c</size>
         <input_file_ref idref="fl-18"/>
      </object_component>
      <object_component id="oc-6d4">
         <name>.text:SPIIntNumberGet</name>
         <load_address>0x2000af70</load_address>
         <run_address>0x2000af70</run_address>
         <size>0x4c</size>
         <input_file_ref idref="fl-18"/>
      </object_component>
      <object_component id="oc-261">
         <name>.text:_SlDrvProtectAsyncRespSetting</name>
         <load_address>0x2000afbc</load_address>
         <run_address>0x2000afbc</run_address>
         <size>0x4c</size>
         <input_file_ref idref="fl-e"/>
      </object_component>
      <object_component id="oc-578">
         <name>.text:atoi</name>
         <load_address>0x2000b008</load_address>
         <run_address>0x2000b008</run_address>
         <size>0x4c</size>
         <input_file_ref idref="fl-f8"/>
      </object_component>
      <object_component id="oc-673">
         <name>.text:uDMAChannelAssign</name>
         <load_address>0x2000b054</load_address>
         <run_address>0x2000b054</run_address>
         <size>0x4c</size>
         <input_file_ref idref="fl-1b"/>
      </object_component>
      <object_component id="oc-37f">
         <name>.text:HOSTtime</name>
         <load_address>0x2000b0a0</load_address>
         <run_address>0x2000b0a0</run_address>
         <size>0x48</size>
         <input_file_ref idref="fl-fc"/>
      </object_component>
      <object_component id="oc-699">
         <name>.text:SPIIntClear</name>
         <load_address>0x2000b0e8</load_address>
         <run_address>0x2000b0e8</run_address>
         <size>0x48</size>
         <input_file_ref idref="fl-18"/>
      </object_component>
      <object_component id="oc-2ea">
         <name>.text:_SlDrvBasicCmd</name>
         <load_address>0x2000b130</load_address>
         <run_address>0x2000b130</run_address>
         <size>0x48</size>
         <input_file_ref idref="fl-e"/>
      </object_component>
      <object_component id="oc-6fd">
         <name>.text</name>
         <load_address>0x2000b178</load_address>
         <run_address>0x2000b178</run_address>
         <size>0x48</size>
         <input_file_ref idref="fl-ec"/>
      </object_component>
      <object_component id="oc-688">
         <name>.text:SPIDmaMaskGet</name>
         <load_address>0x2000b1c0</load_address>
         <run_address>0x2000b1c0</run_address>
         <size>0x44</size>
         <input_file_ref idref="fl-18"/>
      </object_component>
      <object_component id="oc-86b">
         <name>.text:TimerConfigure</name>
         <load_address>0x2000b204</load_address>
         <run_address>0x2000b204</run_address>
         <size>0x44</size>
         <input_file_ref idref="fl-19"/>
      </object_component>
      <object_component id="oc-909">
         <name>.text:_SlDrvHandleHttpServerEvents</name>
         <load_address>0x2000b248</load_address>
         <run_address>0x2000b248</run_address>
         <size>0x44</size>
         <input_file_ref idref="fl-e"/>
      </object_component>
      <object_component id="oc-279">
         <name>.text:_SlDrvSyncObjWaitTimeout</name>
         <load_address>0x2000b28c</load_address>
         <run_address>0x2000b28c</run_address>
         <size>0x44</size>
         <input_file_ref idref="fl-e"/>
      </object_component>
      <object_component id="oc-1b1">
         <name>.text:__TI_auto_init_nobinit_nopinit:__TI_auto_init_nobinit_nopinit</name>
         <load_address>0x2000b2d0</load_address>
         <run_address>0x2000b2d0</run_address>
         <size>0x44</size>
         <input_file_ref idref="fl-f1"/>
      </object_component>
      <object_component id="oc-84d">
         <name>.text:cc_SetupTransfer</name>
         <load_address>0x2000b314</load_address>
         <run_address>0x2000b314</run_address>
         <size>0x44</size>
         <input_file_ref idref="fl-14"/>
      </object_component>
      <object_component id="oc-61f">
         <name>.text:PinModeSet</name>
         <load_address>0x2000b358</load_address>
         <run_address>0x2000b358</run_address>
         <size>0x40</size>
         <input_file_ref idref="fl-16"/>
      </object_component>
      <object_component id="oc-897">
         <name>.text:_SlDrvHandleNetAppEvents</name>
         <load_address>0x2000b398</load_address>
         <run_address>0x2000b398</run_address>
         <size>0x40</size>
         <input_file_ref idref="fl-e"/>
      </object_component>
      <object_component id="oc-891">
         <name>.text:_SlDrvHandleWlanEvents</name>
         <load_address>0x2000b3d8</load_address>
         <run_address>0x2000b3d8</run_address>
         <size>0x40</size>
         <input_file_ref idref="fl-e"/>
      </object_component>
      <object_component id="oc-35d">
         <name>.text:_sl_TruncatePayloadByProtocol</name>
         <load_address>0x2000b418</load_address>
         <run_address>0x2000b418</run_address>
         <size>0x40</size>
         <input_file_ref idref="fl-12"/>
      </object_component>
      <object_component id="oc-38c">
         <name>.text</name>
         <load_address>0x2000b458</load_address>
         <run_address>0x2000b458</run_address>
         <size>0x40</size>
         <input_file_ref idref="fl-ef"/>
      </object_component>
      <object_component id="oc-145">
         <name>.text:sprintf</name>
         <load_address>0x2000b498</load_address>
         <run_address>0x2000b498</run_address>
         <size>0x40</size>
         <input_file_ref idref="fl-d4"/>
      </object_component>
      <object_component id="oc-1f5">
         <name>.text:vsnprintf</name>
         <load_address>0x2000b4d8</load_address>
         <run_address>0x2000b4d8</run_address>
         <size>0x40</size>
         <input_file_ref idref="fl-d5"/>
      </object_component>
      <object_component id="oc-26d">
         <name>.text:NwpRegisterInterruptHandler</name>
         <load_address>0x2000b518</load_address>
         <run_address>0x2000b518</run_address>
         <size>0x3e</size>
         <input_file_ref idref="fl-14"/>
      </object_component>
      <object_component id="oc-725">
         <name>.text:_fcpy</name>
         <load_address>0x2000b556</load_address>
         <run_address>0x2000b556</run_address>
         <size>0x3e</size>
         <input_file_ref idref="fl-e7"/>
      </object_component>
      <object_component id="oc-8b8">
         <name>.text:CopyPingResultsToReport</name>
         <load_address>0x2000b594</load_address>
         <run_address>0x2000b594</run_address>
         <size>0x3c</size>
         <input_file_ref idref="fl-f"/>
      </object_component>
      <object_component id="oc-32d">
         <name>.text:PRCMPeripheralClkEnable</name>
         <load_address>0x2000b5d0</load_address>
         <run_address>0x2000b5d0</run_address>
         <size>0x3c</size>
         <input_file_ref idref="fl-17"/>
      </object_component>
      <object_component id="oc-813">
         <name>.text:simplelink_timerA2_start</name>
         <load_address>0x2000b60c</load_address>
         <run_address>0x2000b60c</run_address>
         <size>0x3c</size>
         <input_file_ref idref="fl-14"/>
      </object_component>
      <object_component id="oc-8db">
         <name>.text:uDMAChannelControlSet</name>
         <load_address>0x2000b648</load_address>
         <run_address>0x2000b648</run_address>
         <size>0x3c</size>
         <input_file_ref idref="fl-1b"/>
      </object_component>
      <object_component id="oc-267">
         <name>.text:NwpPowerOff</name>
         <load_address>0x2000b684</load_address>
         <run_address>0x2000b684</run_address>
         <size>0x38</size>
         <input_file_ref idref="fl-14"/>
      </object_component>
      <object_component id="oc-5e3">
         <name>.text:__TI_writemsg</name>
         <load_address>0x2000b6bc</load_address>
         <run_address>0x2000b6bc</run_address>
         <size>0x38</size>
         <input_file_ref idref="fl-fd"/>
      </object_component>
      <object_component id="oc-fc">
         <name>.text:sl_WlanDisconnect</name>
         <load_address>0x2000b6f4</load_address>
         <run_address>0x2000b6f4</run_address>
         <size>0x38</size>
         <input_file_ref idref="fl-13"/>
      </object_component>
      <object_component id="oc-273">
         <name>.text:NwpPowerOn</name>
         <load_address>0x2000b72c</load_address>
         <run_address>0x2000b72c</run_address>
         <size>0x34</size>
         <input_file_ref idref="fl-14"/>
      </object_component>
      <object_component id="oc-45f">
         <name>.text:PRCMPeripheralStatusGet</name>
         <load_address>0x2000b760</load_address>
         <run_address>0x2000b760</run_address>
         <size>0x34</size>
         <input_file_ref idref="fl-17"/>
      </object_component>
      <object_component id="oc-477">
         <name>.text:SPIFIFOLevelSet</name>
         <load_address>0x2000b794</load_address>
         <run_address>0x2000b794</run_address>
         <size>0x34</size>
         <input_file_ref idref="fl-18"/>
      </object_component>
      <object_component id="oc-5e9">
         <name>.text:__TI_readmsg</name>
         <load_address>0x2000b7c8</load_address>
         <run_address>0x2000b7c8</run_address>
         <size>0x34</size>
         <input_file_ref idref="fl-fd"/>
      </object_component>
      <object_component id="oc-3e6">
         <name>.text:UARTDisable</name>
         <load_address>0x2000b7fc</load_address>
         <run_address>0x2000b7fc</run_address>
         <size>0x30</size>
         <input_file_ref idref="fl-1a"/>
      </object_component>
      <object_component id="oc-3f4">
         <name>.text:_outs</name>
         <load_address>0x2000b82c</load_address>
         <run_address>0x2000b82c</run_address>
         <size>0x30</size>
         <input_file_ref idref="fl-d5"/>
      </object_component>
      <object_component id="oc-708">
         <name>.text</name>
         <load_address>0x2000b85c</load_address>
         <run_address>0x2000b85c</run_address>
         <size>0x2e</size>
         <input_file_ref idref="fl-ed"/>
      </object_component>
      <object_component id="oc-31b">
         <name>.text:PRCMSysResetCauseGet</name>
         <load_address>0x2000b88c</load_address>
         <run_address>0x2000b88c</run_address>
         <size>0x2c</size>
         <input_file_ref idref="fl-17"/>
      </object_component>
      <object_component id="oc-515">
         <name>.text:_SlDrvObjGlobalLockWaitForever</name>
         <load_address>0x2000b8b8</load_address>
         <run_address>0x2000b8b8</run_address>
         <size>0x2c</size>
         <input_file_ref idref="fl-e"/>
      </object_component>
      <object_component id="oc-4ae">
         <name>.text:_SlDrvProtectionObjLockWaitForever</name>
         <load_address>0x2000b8e4</load_address>
         <run_address>0x2000b8e4</run_address>
         <size>0x2c</size>
         <input_file_ref idref="fl-e"/>
      </object_component>
      <object_component id="oc-877">
         <name>.text:TimerLoadSet</name>
         <load_address>0x2000b910</load_address>
         <run_address>0x2000b910</run_address>
         <size>0x2a</size>
         <input_file_ref idref="fl-19"/>
      </object_component>
      <object_component id="oc-871">
         <name>.text:TimerPrescaleSet</name>
         <load_address>0x2000b93a</load_address>
         <run_address>0x2000b93a</run_address>
         <size>0x2a</size>
         <input_file_ref idref="fl-19"/>
      </object_component>
      <object_component id="oc-339">
         <name>.text:PRCMPeripheralClkDisable</name>
         <load_address>0x2000b964</load_address>
         <run_address>0x2000b964</run_address>
         <size>0x28</size>
         <input_file_ref idref="fl-17"/>
      </object_component>
      <object_component id="oc-51b">
         <name>.text:_SlDrvGlobalObjUnLock</name>
         <load_address>0x2000b98c</load_address>
         <run_address>0x2000b98c</run_address>
         <size>0x28</size>
         <input_file_ref idref="fl-e"/>
      </object_component>
      <object_component id="oc-4b4">
         <name>.text:_SlDrvProtectionObjUnLock</name>
         <load_address>0x2000b9b4</load_address>
         <run_address>0x2000b9b4</run_address>
         <size>0x28</size>
         <input_file_ref idref="fl-e"/>
      </object_component>
      <object_component id="oc-5d3">
         <name>.text:_SlDrvSyncObjWaitForever</name>
         <load_address>0x2000b9dc</load_address>
         <run_address>0x2000b9dc</run_address>
         <size>0x28</size>
         <input_file_ref idref="fl-e"/>
      </object_component>
      <object_component id="oc-41d">
         <name>.text:free_list_insert</name>
         <load_address>0x2000ba04</load_address>
         <run_address>0x2000ba04</run_address>
         <size>0x28</size>
         <input_file_ref idref="fl-e0"/>
      </object_component>
      <object_component id="oc-207">
         <name>.text:memmove</name>
         <load_address>0x2000ba2c</load_address>
         <run_address>0x2000ba2c</run_address>
         <size>0x28</size>
         <input_file_ref idref="fl-df"/>
      </object_component>
      <object_component id="oc-5c7">
         <name>.text:_SlDrvObjLockWaitForever</name>
         <load_address>0x2000ba54</load_address>
         <run_address>0x2000ba54</run_address>
         <size>0x26</size>
         <input_file_ref idref="fl-e"/>
      </object_component>
      <object_component id="oc-925">
         <name>.text</name>
         <load_address>0x2000ba7a</load_address>
         <run_address>0x2000ba7a</run_address>
         <size>0x26</size>
         <input_file_ref idref="fl-3"/>
      </object_component>
      <object_component id="oc-49b">
         <name>.text:DmaSpiSwIntHandler</name>
         <load_address>0x2000baa0</load_address>
         <run_address>0x2000baa0</run_address>
         <size>0x24</size>
         <input_file_ref idref="fl-14"/>
      </object_component>
      <object_component id="oc-4c8">
         <name>.text:IntUnregister</name>
         <load_address>0x2000bac4</load_address>
         <run_address>0x2000bac4</run_address>
         <size>0x24</size>
         <input_file_ref idref="fl-15"/>
      </object_component>
      <object_component id="oc-3ec">
         <name>.text:UARTEnable</name>
         <load_address>0x2000bae8</load_address>
         <run_address>0x2000bae8</run_address>
         <size>0x24</size>
         <input_file_ref idref="fl-1a"/>
      </object_component>
      <object_component id="oc-5b">
         <name>.text:_c_int00_noargs:_c_int00_noargs</name>
         <load_address>0x2000bb0c</load_address>
         <run_address>0x2000bb0c</run_address>
         <size>0x24</size>
         <input_file_ref idref="fl-e5"/>
      </object_component>
      <object_component id="oc-453">
         <name>.text:SPIReset</name>
         <load_address>0x2000bb30</load_address>
         <run_address>0x2000bb30</run_address>
         <size>0x22</size>
         <input_file_ref idref="fl-18"/>
      </object_component>
      <object_component id="oc-7c4">
         <name>.text:SPIWordCountSet</name>
         <load_address>0x2000bb52</load_address>
         <run_address>0x2000bb52</run_address>
         <size>0x22</size>
         <input_file_ref idref="fl-18"/>
      </object_component>
      <object_component id="oc-47d">
         <name>.text:IntRegister</name>
         <load_address>0x2000bb74</load_address>
         <run_address>0x2000bb74</run_address>
         <size>0x20</size>
         <input_file_ref idref="fl-15"/>
      </object_component>
      <object_component id="oc-2b8">
         <name>.text:NwpPrePowerOffTimout0</name>
         <load_address>0x2000bb94</load_address>
         <run_address>0x2000bb94</run_address>
         <size>0x20</size>
         <input_file_ref idref="fl-14"/>
      </object_component>
      <object_component id="oc-783">
         <name>.text:TimerGetCurrentTimestamp</name>
         <load_address>0x2000bbb4</load_address>
         <run_address>0x2000bbb4</run_address>
         <size>0x20</size>
         <input_file_ref idref="fl-14"/>
      </object_component>
      <object_component id="oc-5cd">
         <name>.text:_SlDrvObjUnLock</name>
         <load_address>0x2000bbd4</load_address>
         <run_address>0x2000bbd4</run_address>
         <size>0x20</size>
         <input_file_ref idref="fl-e"/>
      </object_component>
      <object_component id="oc-4e9">
         <name>.text:_SlDrvSyncObjSignal</name>
         <load_address>0x2000bbf4</load_address>
         <run_address>0x2000bbf4</run_address>
         <size>0x20</size>
         <input_file_ref idref="fl-e"/>
      </object_component>
      <object_component id="oc-16f">
         <name>.text:__difftime32</name>
         <load_address>0x2000bc14</load_address>
         <run_address>0x2000bc14</run_address>
         <size>0x20</size>
         <input_file_ref idref="fl-dd"/>
      </object_component>
      <object_component id="oc-3a9">
         <name>.text</name>
         <load_address>0x2000bc34</load_address>
         <run_address>0x2000bc34</run_address>
         <size>0x20</size>
         <input_file_ref idref="fl-ee"/>
      </object_component>
      <object_component id="oc-87d">
         <name>.text:TimerEnable</name>
         <load_address>0x2000bc54</load_address>
         <run_address>0x2000bc54</run_address>
         <size>0x1e</size>
         <input_file_ref idref="fl-19"/>
      </object_component>
      <object_component id="oc-1ef">
         <name>.text:UARTCharPut</name>
         <load_address>0x2000bc72</load_address>
         <run_address>0x2000bc72</run_address>
         <size>0x1e</size>
         <input_file_ref idref="fl-1a"/>
      </object_component>
      <object_component id="oc-465">
         <name>.text:cc_UDMAChannelSelect</name>
         <load_address>0x2000bc90</load_address>
         <run_address>0x2000bc90</run_address>
         <size>0x1e</size>
         <input_file_ref idref="fl-14"/>
      </object_component>
      <object_component id="oc-819">
         <name>.text:TimerValueGet</name>
         <load_address>0x2000bcae</load_address>
         <run_address>0x2000bcae</run_address>
         <size>0x1c</size>
         <input_file_ref idref="fl-19"/>
      </object_component>
      <object_component id="oc-201">
         <name>.text:UARTCharGetNonBlocking</name>
         <load_address>0x2000bcca</load_address>
         <run_address>0x2000bcca</run_address>
         <size>0x1c</size>
         <input_file_ref idref="fl-1a"/>
      </object_component>
      <object_component id="oc-65c">
         <name>.text:_SlDrvStartMeasureTimeout</name>
         <load_address>0x2000bce6</load_address>
         <run_address>0x2000bce6</run_address>
         <size>0x1c</size>
         <input_file_ref idref="fl-e"/>
      </object_component>
      <object_component id="oc-49">
         <name>.text:decompress:ZI:__TI_zero_init_nomemset:__TI_zero_init_nomemset</name>
         <load_address>0x2000bd02</load_address>
         <run_address>0x2000bd02</run_address>
         <size>0x1c</size>
         <input_file_ref idref="fl-da"/>
      </object_component>
      <object_component id="oc-410">
         <name>.text:free_list_remove</name>
         <load_address>0x2000bd20</load_address>
         <run_address>0x2000bd20</run_address>
         <size>0x1c</size>
         <input_file_ref idref="fl-e0"/>
      </object_component>
      <object_component id="oc-5a1">
         <name>.text:memccpy</name>
         <load_address>0x2000bd3c</load_address>
         <run_address>0x2000bd3c</run_address>
         <size>0x1c</size>
         <input_file_ref idref="fl-fa"/>
      </object_component>
      <object_component id="oc-187">
         <name>.text</name>
         <load_address>0x2000bd58</load_address>
         <run_address>0x2000bd58</run_address>
         <size>0x1c</size>
         <input_file_ref idref="fl-4"/>
      </object_component>
      <object_component id="oc-8ed">
         <name>.text:uDMAChannelEnable</name>
         <load_address>0x2000bd74</load_address>
         <run_address>0x2000bd74</run_address>
         <size>0x1c</size>
         <input_file_ref idref="fl-1b"/>
      </object_component>
      <object_component id="oc-3b9">
         <name>.text:PinTypeUART</name>
         <load_address>0x2000bd90</load_address>
         <run_address>0x2000bd90</run_address>
         <size>0x1a</size>
         <input_file_ref idref="fl-16"/>
      </object_component>
      <object_component id="oc-53f">
         <name>.text:SPIDmaDisable</name>
         <load_address>0x2000bdaa</load_address>
         <run_address>0x2000bdaa</run_address>
         <size>0x1a</size>
         <input_file_ref idref="fl-18"/>
      </object_component>
      <object_component id="oc-471">
         <name>.text:SPIDmaEnable</name>
         <load_address>0x2000bdc4</load_address>
         <run_address>0x2000bdc4</run_address>
         <size>0x1a</size>
         <input_file_ref idref="fl-18"/>
      </object_component>
      <object_component id="oc-539">
         <name>.text:SPIFIFODisable</name>
         <load_address>0x2000bdde</load_address>
         <run_address>0x2000bdde</run_address>
         <size>0x1a</size>
         <input_file_ref idref="fl-18"/>
      </object_component>
      <object_component id="oc-46b">
         <name>.text:SPIFIFOEnable</name>
         <load_address>0x2000bdf8</load_address>
         <run_address>0x2000bdf8</run_address>
         <size>0x1a</size>
         <input_file_ref idref="fl-18"/>
      </object_component>
      <object_component id="oc-533">
         <name>.text:SPIIntUnregister</name>
         <load_address>0x2000be12</load_address>
         <run_address>0x2000be12</run_address>
         <size>0x1a</size>
         <input_file_ref idref="fl-18"/>
      </object_component>
      <object_component id="oc-447">
         <name>.text:SPICSDisable</name>
         <load_address>0x2000be2c</load_address>
         <run_address>0x2000be2c</run_address>
         <size>0x18</size>
         <input_file_ref idref="fl-18"/>
      </object_component>
      <object_component id="oc-7be">
         <name>.text:SPICSEnable</name>
         <load_address>0x2000be44</load_address>
         <run_address>0x2000be44</run_address>
         <size>0x18</size>
         <input_file_ref idref="fl-18"/>
      </object_component>
      <object_component id="oc-44d">
         <name>.text:SPIDisable</name>
         <load_address>0x2000be5c</load_address>
         <run_address>0x2000be5c</run_address>
         <size>0x18</size>
         <input_file_ref idref="fl-18"/>
      </object_component>
      <object_component id="oc-48f">
         <name>.text:SPIEnable</name>
         <load_address>0x2000be74</load_address>
         <run_address>0x2000be74</run_address>
         <size>0x18</size>
         <input_file_ref idref="fl-18"/>
      </object_component>
      <object_component id="oc-1fb">
         <name>.text:UARTCharsAvail</name>
         <load_address>0x2000be8c</load_address>
         <run_address>0x2000be8c</run_address>
         <size>0x18</size>
         <input_file_ref idref="fl-1a"/>
      </object_component>
      <object_component id="oc-436">
         <name>.text:_SlNonOsSemSet</name>
         <load_address>0x2000bea4</load_address>
         <run_address>0x2000bea4</run_address>
         <size>0x18</size>
         <input_file_ref idref="fl-11"/>
      </object_component>
      <object_component id="oc-3fa">
         <name>.text:_outc</name>
         <load_address>0x2000bebc</load_address>
         <run_address>0x2000bebc</run_address>
         <size>0x18</size>
         <input_file_ref idref="fl-d5"/>
      </object_component>
      <object_component id="oc-34f">
         <name>.text:_outs</name>
         <load_address>0x2000bed4</load_address>
         <run_address>0x2000bed4</run_address>
         <size>0x18</size>
         <input_file_ref idref="fl-d4"/>
      </object_component>
      <object_component id="oc-285">
         <name>.text:_sl_GetStartResponseConvert</name>
         <load_address>0x2000beec</load_address>
         <run_address>0x2000beec</run_address>
         <size>0x18</size>
         <input_file_ref idref="fl-d"/>
      </object_component>
      <object_component id="oc-157">
         <name>.text:strcmp</name>
         <load_address>0x2000bf04</load_address>
         <run_address>0x2000bf04</run_address>
         <size>0x18</size>
         <input_file_ref idref="fl-e2"/>
      </object_component>
      <object_component id="oc-321">
         <name>.text:PRCMHIBRegRead</name>
         <load_address>0x2000bf1c</load_address>
         <run_address>0x2000bf1c</run_address>
         <size>0x16</size>
         <input_file_ref idref="fl-17"/>
      </object_component>
      <object_component id="oc-327">
         <name>.text:PRCMHIBRegWrite</name>
         <load_address>0x2000bf32</load_address>
         <run_address>0x2000bf32</run_address>
         <size>0x16</size>
         <input_file_ref idref="fl-17"/>
      </object_component>
      <object_component id="oc-430">
         <name>.text:_SlDrvMemZero</name>
         <load_address>0x2000bf48</load_address>
         <run_address>0x2000bf48</run_address>
         <size>0x16</size>
         <input_file_ref idref="fl-e"/>
      </object_component>
      <object_component id="oc-739">
         <name>.text:strchr</name>
         <load_address>0x2000bf5e</load_address>
         <run_address>0x2000bf5e</run_address>
         <size>0x16</size>
         <input_file_ref idref="fl-fb"/>
      </object_component>
      <object_component id="oc-310">
         <name>.text:CPUcpsie</name>
         <load_address>0x2000bf74</load_address>
         <run_address>0x2000bf74</run_address>
         <size>0x14</size>
         <input_file_ref idref="fl-1d"/>
      </object_component>
      <object_component id="oc-121">
         <name>.text:IntVTableBaseSet</name>
         <load_address>0x2000bf88</load_address>
         <run_address>0x2000bf88</run_address>
         <size>0x14</size>
         <input_file_ref idref="fl-15"/>
      </object_component>
      <object_component id="oc-13f">
         <name>.text:strlen</name>
         <load_address>0x2000bf9c</load_address>
         <run_address>0x2000bf9c</run_address>
         <size>0x14</size>
         <input_file_ref idref="fl-e3"/>
      </object_component>
      <object_component id="oc-5a7">
         <name>.text:wcslen</name>
         <load_address>0x2000bfb0</load_address>
         <run_address>0x2000bfb0</run_address>
         <size>0x12</size>
         <input_file_ref idref="fl-ff"/>
      </object_component>
      <object_component id="oc-8ab">
         <name>.text:_SlDrvDispatchHttpServerEvents</name>
         <load_address>0x2000bfc2</load_address>
         <run_address>0x2000bfc2</run_address>
         <size>0x10</size>
         <input_file_ref idref="fl-e"/>
      </object_component>
      <object_component id="oc-2d3">
         <name>.text:_SlDrvResetCmdExt</name>
         <load_address>0x2000bfd2</load_address>
         <run_address>0x2000bfd2</run_address>
         <size>0xe</size>
         <input_file_ref idref="fl-e"/>
      </object_component>
      <object_component id="oc-15d">
         <name>.text:__time32</name>
         <load_address>0x2000bfe0</load_address>
         <run_address>0x2000bfe0</run_address>
         <size>0xe</size>
         <input_file_ref idref="fl-e6"/>
      </object_component>
      <object_component id="oc-1b">
         <name>.text:decompress:none:__TI_decompress_none</name>
         <load_address>0x2000bfee</load_address>
         <run_address>0x2000bfee</run_address>
         <size>0xe</size>
         <input_file_ref idref="fl-db"/>
      </object_component>
      <object_component id="oc-29">
         <name>.text</name>
         <load_address>0x2000bffc</load_address>
         <run_address>0x2000bffc</run_address>
         <size>0xe</size>
         <input_file_ref idref="fl-5"/>
      </object_component>
      <object_component id="oc-4bb">
         <name>.text:NwpMaskInterrupt</name>
         <load_address>0x2000c00c</load_address>
         <run_address>0x2000c00c</run_address>
         <size>0xc</size>
         <input_file_ref idref="fl-14"/>
      </object_component>
      <object_component id="oc-4d5">
         <name>.text:NwpUnMaskInterrupt</name>
         <load_address>0x2000c018</load_address>
         <run_address>0x2000c018</run_address>
         <size>0xc</size>
         <input_file_ref idref="fl-14"/>
      </object_component>
      <object_component id="oc-7ee">
         <name>.text:copysign</name>
         <load_address>0x2000c024</load_address>
         <run_address>0x2000c024</run_address>
         <size>0xc</size>
         <input_file_ref idref="fl-103"/>
      </object_component>
      <object_component id="oc-127">
         <name>.text:IntMasterEnable</name>
         <load_address>0x2000c030</load_address>
         <run_address>0x2000c030</run_address>
         <size>0xa</size>
         <input_file_ref idref="fl-15"/>
      </object_component>
      <object_component id="oc-355">
         <name>.text:_outc</name>
         <load_address>0x2000c03a</load_address>
         <run_address>0x2000c03a</run_address>
         <size>0xa</size>
         <input_file_ref idref="fl-d4"/>
      </object_component>
      <object_component id="oc-5ad">
         <name>.text:__aeabi_errno_addr</name>
         <load_address>0x2000c044</load_address>
         <run_address>0x2000c044</run_address>
         <size>0x8</size>
         <input_file_ref idref="fl-fe"/>
      </object_component>
      <object_component id="oc-139">
         <name>.text:malloc</name>
         <load_address>0x2000c04c</load_address>
         <run_address>0x2000c04c</run_address>
         <size>0x8</size>
         <input_file_ref idref="fl-e0"/>
      </object_component>
      <object_component id="oc-42e">
         <name>.text:UtilsDelay</name>
         <load_address>0x2000c054</load_address>
         <run_address>0x2000c054</run_address>
         <size>0x6</size>
         <input_file_ref idref="fl-1c"/>
      </object_component>
      <object_component id="oc-91">
         <name>.text:_system_pre_init</name>
         <load_address>0x2000c05a</load_address>
         <run_address>0x2000c05a</run_address>
         <size>0x4</size>
         <input_file_ref idref="fl-f2"/>
      </object_component>
      <object_component id="oc-1a5">
         <name>.text:abort:abort</name>
         <load_address>0x2000c05e</load_address>
         <run_address>0x2000c05e</run_address>
         <size>0x4</size>
         <input_file_ref idref="fl-f4"/>
      </object_component>
      <object_component id="oc-6ec">
         <name>.const:.string:_ctypes_</name>
         <load_address>0x2000c064</load_address>
         <run_address>0x2000c064</run_address>
         <size>0x101</size>
         <input_file_ref idref="fl-f9"/>
      </object_component>
      <object_component id="oc-76f">
         <name>.const:g_ulPinToPadMap</name>
         <load_address>0x2000c168</load_address>
         <run_address>0x2000c168</run_address>
         <size>0x100</size>
         <input_file_ref idref="fl-16"/>
      </object_component>
      <object_component id="oc-684">
         <name>.const:g_pulRegs</name>
         <load_address>0x2000c268</load_address>
         <run_address>0x2000c268</run_address>
         <size>0xd4</size>
         <input_file_ref idref="fl-15"/>
      </object_component>
      <object_component id="oc-56b">
         <name>.const:PRCM_PeriphRegsList</name>
         <load_address>0x2000c33c</load_address>
         <run_address>0x2000c33c</run_address>
         <size>0xa8</size>
         <input_file_ref idref="fl-17"/>
      </object_component>
      <object_component id="oc-3a3">
         <name>.const:$O1$$</name>
         <load_address>0x2000c3e4</load_address>
         <run_address>0x2000c3e4</run_address>
         <size>0x60</size>
         <input_file_ref idref="fl-e1"/>
      </object_component>
      <object_component id="oc-7b4">
         <name>.const:OpcodeTranslateTable</name>
         <load_address>0x2000c444</load_address>
         <run_address>0x2000c444</run_address>
         <size>0x3c</size>
         <input_file_ref idref="fl-e"/>
      </object_component>
      <object_component id="oc-847">
         <name>.const:_SlActionLookupTable</name>
         <load_address>0x2000c480</load_address>
         <run_address>0x2000c480</run_address>
         <size>0x38</size>
         <input_file_ref idref="fl-e"/>
      </object_component>
      <object_component id="oc-11a">
         <name>.const:$P$T1$2</name>
         <load_address>0x2000c4b8</load_address>
         <run_address>0x2000c4b8</run_address>
         <size>0x2c</size>
         <input_file_ref idref="fl-2"/>
      </object_component>
      <object_component id="oc-7d3">
         <name>.const:g_ppulSPIIntMap</name>
         <load_address>0x2000c4e4</load_address>
         <run_address>0x2000c4e4</run_address>
         <size>0x24</size>
         <input_file_ref idref="fl-18"/>
      </object_component>
      <object_component id="oc-120">
         <name>.const:.string:$P$T0$1</name>
         <load_address>0x2000c508</load_address>
         <run_address>0x2000c508</run_address>
         <size>0x22</size>
         <input_file_ref idref="fl-2"/>
      </object_component>
      <object_component id="oc-82a">
         <name>.const:RxMsgClassLUT</name>
         <load_address>0x2000c52c</load_address>
         <run_address>0x2000c52c</run_address>
         <size>0x20</size>
         <input_file_ref idref="fl-e"/>
      </object_component>
      <object_component id="oc-6a4">
         <name>.const:g_pulDisRegs</name>
         <load_address>0x2000c54c</load_address>
         <run_address>0x2000c54c</run_address>
         <size>0x18</size>
         <input_file_ref idref="fl-15"/>
      </object_component>
      <object_component id="oc-317">
         <name>.const:g_pulEnRegs</name>
         <load_address>0x2000c564</load_address>
         <run_address>0x2000c564</run_address>
         <size>0x18</size>
         <input_file_ref idref="fl-15"/>
      </object_component>
      <object_component id="oc-6af">
         <name>.const:g_pulUnpendRegs</name>
         <load_address>0x2000c57c</load_address>
         <run_address>0x2000c57c</run_address>
         <size>0x18</size>
         <input_file_ref idref="fl-15"/>
[...]
         <name>PRCMCC3200MCUInit</name>
         <value>0x2000756d</value>
         <object_component_ref idref="oc-133"/>
      </symbol>
      <symbol id="sm-a63">
         <name>PRCMHIBRegWrite</name>
         <value>0x2000bf33</value>
         <object_component_ref idref="oc-327"/>
      </symbol>
      <symbol id="sm-a64">
         <name>PRCMSysResetCauseGet</name>
         <value>0x2000b88d</value>
         <object_component_ref idref="oc-31b"/>
      </symbol>
      <symbol id="sm-a65">
         <name>PRCMPeripheralStatusGet</name>
         <value>0x2000b761</value>
         <object_component_ref idref="oc-45f"/>
      </symbol>
      <symbol id="sm-a66">
         <name>PRCMPeripheralClkDisable</name>
         <value>0x2000b965</value>
         <object_component_ref idref="oc-339"/>
      </symbol>
      <symbol id="sm-a67">
         <name>PRCMHIBRegRead</name>
         <value>0x2000bf1d</value>
         <object_component_ref idref="oc-321"/>
      </symbol>
      <symbol id="sm-b22">
         <name>SPIFIFODisable</name>
         <value>0x2000bddf</value>
         <object_component_ref idref="oc-539"/>
      </symbol>
      <symbol id="sm-b23">
         <name>SPICSEnable</name>
         <value>0x2000be45</value>
         <object_component_ref idref="oc-7be"/>
      </symbol>
      <symbol id="sm-b24">
         <name>SPIDisable</name>
         <value>0x2000be5d</value>
         <object_component_ref idref="oc-44d"/>
      </symbol>
      <symbol id="sm-b25">
         <name>SPIFIFOEnable</name>
         <value>0x2000bdf9</value>
         <object_component_ref idref="oc-46b"/>
      </symbol>
      <symbol id="sm-b26">
         <name>SPIWordCountSet</name>
         <value>0x2000bb53</value>
         <object_component_ref idref="oc-7c4"/>
      </symbol>
      <symbol id="sm-b27">
         <name>SPIEnable</name>
         <value>0x2000be75</value>
         <object_component_ref idref="oc-48f"/>
      </symbol>
      <symbol id="sm-b28">
         <name>SPIDmaEnable</name>
         <value>0x2000bdc5</value>
         <object_component_ref idref="oc-471"/>
      </symbol>
      <symbol id="sm-b29">
         <name>SPIConfigSetExpClk</name>
         <value>0x200096b9</value>
         <object_component_ref idref="oc-459"/>
      </symbol>
      <symbol id="sm-b2a">
         <name>SPIIntUnregister</name>
         <value>0x2000be13</value>
         <object_component_ref idref="oc-533"/>
      </symbol>
      <symbol id="sm-b2b">
         <name>SPIFIFOLevelSet</name>
         <value>0x2000b795</value>
         <object_component_ref idref="oc-477"/>
      </symbol>
      <symbol id="sm-b2c">
         <name>SPIDmaDisable</name>
         <value>0x2000bdab</value>
         <object_component_ref idref="oc-53f"/>
      </symbol>
      <symbol id="sm-b2d">
         <name>SPIReset</name>
         <value>0x2000bb31</value>
         <object_component_ref idref="oc-453"/>
      </symbol>
      <symbol id="sm-b2e">
         <name>SPIIntEnable</name>
         <value>0x2000af25</value>
         <object_component_ref idref="oc-489"/>
      </symbol>
      <symbol id="sm-b2f">
         <name>SPIIntClear</name>
         <value>0x2000b0e9</value>
         <object_component_ref idref="oc-699"/>
      </symbol>
      <symbol id="sm-b30">
         <name>SPICSDisable</name>
         <value>0x2000be2d</value>
         <object_component_ref idref="oc-447"/>
      </symbol>
      <symbol id="sm-b63">
         <name>TimerLoadSet</name>
         <value>0x2000b911</value>
         <object_component_ref idref="oc-877"/>
      </symbol>
      <symbol id="sm-b64">
         <name>TimerEnable</name>
         <value>0x2000bc55</value>
         <object_component_ref idref="oc-87d"/>
      </symbol>
      <symbol id="sm-b65">
         <name>TimerValueGet</name>
         <value>0x2000bcaf</value>
         <object_component_ref idref="oc-819"/>
      </symbol>
      <symbol id="sm-b66">
         <name>TimerPrescaleSet</name>
         <value>0x2000b93b</value>
         <object_component_ref idref="oc-871"/>
      </symbol>
      <symbol id="sm-b67">
         <name>TimerConfigure</name>
         <value>0x2000b205</value>
         <object_component_ref idref="oc-86b"/>
      </symbol>
      <symbol id="sm-ba3">
         <name>UARTConfigSetExpClk</name>
         <value>0x2000a5a1</value>
         <object_component_ref idref="oc-1e9"/>
      </symbol>
      <symbol id="sm-ba4">
         <name>UARTDisable</name>
         <value>0x2000b7fd</value>
         <object_component_ref idref="oc-3e6"/>
      </symbol>
      <symbol id="sm-ba5">
         <name>UARTCharsAvail</name>
         <value>0x2000be8d</value>
         <object_component_ref idref="oc-1fb"/>
      </symbol>
      <symbol id="sm-ba6">
         <name>UARTCharGetNonBlocking</name>
         <value>0x2000bccb</value>
         <object_component_ref idref="oc-201"/>
      </symbol>
      <symbol id="sm-ba7">
         <name>UARTCharPut</name>
         <value>0x2000bc73</value>
         <object_component_ref idref="oc-1ef"/>
      </symbol>
      <symbol id="sm-ba8">
         <name>UARTEnable</name>
         <value>0x2000bae9</value>
         <object_component_ref idref="oc-3ec"/>
      </symbol>
      <symbol id="sm-bff">
         <name>uDMAChannelControlSet</name>
         <value>0x2000b649</value>
         <object_component_ref idref="oc-8db"/>
      </symbol>
      <symbol id="sm-c00">
         <name>uDMAChannelAttributeEnable</name>
         <value>0x2000aaa9</value>
         <object_component_ref idref="oc-8e1"/>
      </symbol>
      <symbol id="sm-c01">
         <name>uDMAChannelTransferSet</name>
         <value>0x2000892d</value>
         <object_component_ref idref="oc-8e7"/>
      </symbol>
      <symbol id="sm-c02">
         <name>uDMAChannelAssign</name>
         <value>0x2000b055</value>
         <object_component_ref idref="oc-673"/>
      </symbol>
      <symbol id="sm-c03">
         <name>uDMAChannelAttributeDisable</name>
         <value>0x2000aa45</value>
         <object_component_ref idref="oc-679"/>
      </symbol>
      <symbol id="sm-c04">
         <name>uDMAChannelEnable</name>
         <value>0x2000bd75</value>
         <object_component_ref idref="oc-8ed"/>
      </symbol>
      <symbol id="sm-c08">
         <name>UtilsDelay</name>
         <value>0x2000c055</value>
         <object_component_ref idref="oc-42e"/>
      </symbol>
      <symbol id="sm-c12">
         <name>CPUcpsie</name>
         <value>0x2000bf75</value>
         <object_component_ref idref="oc-310"/>
      </symbol>
      <symbol id="sm-c3a">
         <name>sprintf</name>
         <value>0x2000b499</value>
         <object_component_ref idref="oc-145"/>
      </symbol>
      <symbol id="sm-c64">
         <name>vsnprintf</name>
         <value>0x2000b4d9</value>
         <object_component_ref idref="oc-1f5"/>
      </symbol>
      <symbol id="sm-c86">
         <name>__aeabi_cdcmpeq</name>
         <value>0x2000a119</value>
         <object_component_ref idref="oc-584"/>
      </symbol>
      <symbol id="sm-c87">
         <name>__aeabi_cdcmple</name>
         <value>0x2000a119</value>
         <object_component_ref idref="oc-584"/>
      </symbol>
      <symbol id="sm-c88">
         <name>__aeabi_cdrcmple</name>
         <value>0x2000a19f</value>
         <object_component_ref idref="oc-175"/>
      </symbol>
      <symbol id="sm-ca3">
         <name>memcpy</name>
         <value>0x200097f9</value>
         <object_component_ref idref="oc-3d"/>
      </symbol>
      <symbol id="sm-ca4">
         <name>__aeabi_memcpy</name>
         <value>0x200097f9</value>
         <object_component_ref idref="oc-3d"/>
      </symbol>
      <symbol id="sm-ca5">
         <name>__aeabi_memcpy8</name>
         <value>0x200097f9</value>
         <object_component_ref idref="oc-3d"/>
      </symbol>
      <symbol id="sm-ca6">
         <name>__aeabi_memcpy4</name>
         <value>0x200097f9</value>
         <object_component_ref idref="oc-3d"/>
      </symbol>
      <symbol id="sm-cb5">
         <name>__aeabi_memset</name>
         <value>0x2000a4af</value>
         <object_component_ref idref="oc-8b"/>
      </symbol>
      <symbol id="sm-cb6">
         <name>memset</name>
         <value>0x2000a4b5</value>
         <object_component_ref idref="oc-8b"/>
      </symbol>
      <symbol id="sm-cb7">
         <name>__aeabi_memset8</name>
         <value>0x2000a4af</value>
         <object_component_ref idref="oc-8b"/>
      </symbol>
      <symbol id="sm-cb8">
         <name>__aeabi_memset4</name>
         <value>0x2000a4af</value>
         <object_component_ref idref="oc-8b"/>
      </symbol>
      <symbol id="sm-cb9">
         <name>__aeabi_memclr8</name>
         <value>0x2000a4ad</value>
         <object_component_ref idref="oc-8b"/>
      </symbol>
      <symbol id="sm-cba">
         <name>__aeabi_memclr4</name>
         <value>0x2000a4ad</value>
         <object_component_ref idref="oc-8b"/>
      </symbol>
      <symbol id="sm-cbb">
         <name>__aeabi_memclr</name>
         <value>0x2000a4ad</value>
         <object_component_ref idref="oc-8b"/>
      </symbol>
      <symbol id="sm-cc8">
         <name>__aeabi_uldivmod</name>
         <value>0x20009af9</value>
         <object_component_ref idref="oc-610"/>
      </symbol>
      <symbol id="sm-ce1">
         <name>__TI_zero_init_nomemset</name>
         <value>0x2000bd03</value>
         <object_component_ref idref="oc-49"/>
      </symbol>
      <symbol id="sm-cf8">
         <name>__TI_decompress_none</name>
         <value>0x2000bfef</value>
         <object_component_ref idref="oc-1b"/>
      </symbol>
      <symbol id="sm-d1b">
         <name>__TI_decompress_lzss</name>
         <value>0x2000a8b1</value>
         <object_component_ref idref="oc-15"/>
      </symbol>
      <symbol id="sm-d33">
         <name>__difftime32</name>
         <value>0x2000bc15</value>
         <object_component_ref idref="oc-16f"/>
      </symbol>
      <symbol id="sm-d34">
         <name>difftime</name>
         <value>0x2000bc15</value>
         <object_component_ref idref="oc-16f"/>
      </symbol>
      <symbol id="sm-d5c">
         <name>__localtime32</name>
         <value>0x20007ea5</value>
         <object_component_ref idref="oc-163"/>
      </symbol>
      <symbol id="sm-d5d">
         <name>localtime</name>
         <value>0x20007ea5</value>
         <object_component_ref idref="oc-163"/>
      </symbol>
      <symbol id="sm-d6e">
         <name>memmove</name>
         <value>0x2000ba2d</value>
         <object_component_ref idref="oc-207"/>
      </symbol>
      <symbol id="sm-e0c">
         <name>_sys_memory</name>
         <value>0x20017000</value>
         <object_component_ref idref="oc-23"/>
      </symbol>
      <symbol id="sm-e0d">
         <name>free</name>
         <value>0x20008bed</value>
         <object_component_ref idref="oc-213"/>
      </symbol>
      <symbol id="sm-e0e">
         <name>realloc</name>
         <value>0x20008cd1</value>
         <object_component_ref idref="oc-20d"/>
      </symbol>
      <symbol id="sm-e0f">
         <name>memalign</name>
         <value>0x20008461</value>
         <object_component_ref idref="oc-340"/>
      </symbol>
      <symbol id="sm-e10">
         <name>malloc</name>
         <value>0x2000c04d</value>
         <object_component_ref idref="oc-139"/>
      </symbol>
      <symbol id="sm-e11">
         <name>aligned_alloc</name>
         <value>0x20008461</value>
         <object_component_ref idref="oc-340"/>
      </symbol>
      <symbol id="sm-e43">
         <name>mktime</name>
         <value>0x20005f89</value>
         <object_component_ref idref="oc-169"/>
      </symbol>
      <symbol id="sm-e44">
         <name>__mktime32</name>
         <value>0x20005f89</value>
         <object_component_ref idref="oc-169"/>
      </symbol>
      <symbol id="sm-e53">
         <name>strcmp</name>
         <value>0x2000bf05</value>
         <object_component_ref idref="oc-157"/>
      </symbol>
      <symbol id="sm-e61">
         <name>strlen</name>
         <value>0x2000bf9d</value>
         <object_component_ref idref="oc-13f"/>
      </symbol>
      <symbol id="sm-e71">
         <name>_tz</name>
         <value>0x2001f780</value>
         <object_component_ref idref="oc-391"/>
      </symbol>
      <symbol id="sm-e83">
         <name>__stack</name>
         <value>0x2002eb00</value>
         <object_component_ref idref="oc-26"/>
      </symbol>
      <symbol id="sm-e84">
         <name>_c_int00_noargs</name>
         <value>0x2000bb0d</value>
         <object_component_ref idref="oc-5b"/>
      </symbol>
      <symbol id="sm-e92">
         <name>__time32</name>
         <value>0x2000bfe1</value>
         <object_component_ref idref="oc-15d"/>
      </symbol>
      <symbol id="sm-e93">
         <name>time</name>
         <value>0x2000bfe1</value>
         <object_component_ref idref="oc-15d"/>
      </symbol>
      <symbol id="sm-ff8">
         <name>__TI_printfi</name>
         <value>0x20004fa9</value>
         <object_component_ref idref="oc-349"/>
      </symbol>
      <symbol id="sm-1002">
         <name>__aeabi_idiv0</name>
         <value>0x20007ea3</value>
         <object_component_ref idref="oc-5ff"/>
      </symbol>
      <symbol id="sm-1003">
         <name>__aeabi_ldiv0</name>
         <value>0x20007ea3</value>
         <object_component_ref idref="oc-5ff"/>
      </symbol>
      <symbol id="sm-101a">
         <name>__aeabi_dsub</name>
         <value>0x20006ed5</value>
         <object_component_ref idref="oc-70d"/>
      </symbol>
      <symbol id="sm-101b">
         <name>__aeabi_dadd</name>
         <value>0x20006edf</value>
         <object_component_ref idref="oc-70d"/>
      </symbol>
      <symbol id="sm-102f">
         <name>__aeabi_ddiv</name>
         <value>0x20007d6d</value>
         <object_component_ref idref="oc-6f8"/>
      </symbol>
      <symbol id="sm-103a">
         <name>__aeabi_dmul</name>
         <value>0x20008561</value>
         <object_component_ref idref="oc-6f3"/>
      </symbol>
      <symbol id="sm-1044">
         <name>__aeabi_d2iz</name>
         <value>0x2000b179</value>
         <object_component_ref idref="oc-6fd"/>
      </symbol>
      <symbol id="sm-104e">
         <name>__aeabi_i2d</name>
         <value>0x2000b85d</value>
         <object_component_ref idref="oc-708"/>
      </symbol>
      <symbol id="sm-1058">
         <name>__aeabi_ui2d</name>
         <value>0x2000bc35</value>
         <object_component_ref idref="oc-3a9"/>
      </symbol>
      <symbol id="sm-1067">
         <name>__aeabi_uidivmod</name>
         <value>0x2000b459</value>
         <object_component_ref idref="oc-38c"/>
      </symbol>
      <symbol id="sm-1068">
         <name>__aeabi_uidiv</name>
         <value>0x2000b459</value>
         <object_component_ref idref="oc-38c"/>
      </symbol>
      <symbol id="sm-1076">
         <name>__aeabi_ldivmod</name>
         <value>0x2000a76b</value>
         <object_component_ref idref="oc-39e"/>
      </symbol>
      <symbol id="sm-109e">
         <name>__TI_auto_init_nobinit_nopinit</name>
         <value>0x2000b2d1</value>
         <object_component_ref idref="oc-1b1"/>
      </symbol>
      <symbol id="sm-10a8">
         <name>_system_pre_init</name>
         <value>0x2000c05b</value>
         <object_component_ref idref="oc-91"/>
      </symbol>
      <symbol id="sm-10b4">
         <name>C$$EXIT</name>
         <value>0x2000c05f</value>
         <object_component_ref idref="oc-1a5"/>
      </symbol>
      <symbol id="sm-10b5">
         <name>abort</name>
         <value>0x2000c05f</value>
         <object_component_ref idref="oc-1a5"/>
      </symbol>
      <symbol id="sm-10ca">
         <name>_nop</name>
         <value>0x2000708b</value>
         <object_component_ref idref="oc-62e"/>
      </symbol>
      <symbol id="sm-10cb">
         <name>_lock</name>
         <value>0x2001f7ac</value>
         <object_component_ref idref="oc-3c9"/>
      </symbol>
      <symbol id="sm-10cc">
         <name>_unlock</name>
         <value>0x2001f7b0</value>
         <object_component_ref idref="oc-3c9"/>
      </symbol>
      <symbol id="sm-10db">
         <name>__TI_ltoa</name>
         <value>0x2000add9</value>
         <object_component_ref idref="oc-702"/>
      </symbol>
      <symbol id="sm-10f2">
         <name>atoi</name>
         <value>0x2000b009</value>
         <object_component_ref idref="oc-578"/>
      </symbol>
      <symbol id="sm-10fd">
         <name>_ctypes_</name>
         <value>0x2000c064</value>
         <object_component_ref idref="oc-6ec"/>
      </symbol>
      <symbol id="sm-110d">
         <name>memccpy</name>
         <value>0x2000bd3d</value>
         <object_component_ref idref="oc-5a1"/>
      </symbol>
      <symbol id="sm-111d">
         <name>strchr</name>
         <value>0x2000bf5f</value>
         <object_component_ref idref="oc-739"/>
      </symbol>
      <symbol id="sm-1135">
         <name>HOSTtime</name>
         <value>0x2000b0a1</value>
         <object_component_ref idref="oc-37f"/>
      </symbol>
      <symbol id="sm-1159">
         <name>__TI_readmsg</name>
         <value>0x2000b7c9</value>
         <object_component_ref idref="oc-5e9"/>
      </symbol>
      <symbol id="sm-115a">
         <name>C$$IO$$</name>
         <value>0x2000b6eb</value>
         <object_component_ref idref="oc-5e3"/>
      </symbol>
      <symbol id="sm-115b">
         <name>__CIOBUF_</name>
         <value>0x2001f92c</value>
         <object_component_ref idref="oc-75f"/>
      </symbol>
      <symbol id="sm-115c">
         <name>__TI_writemsg</name>
         <value>0x2000b6bd</value>
         <object_component_ref idref="oc-5e3"/>
      </symbol>
      <symbol id="sm-1172">
         <name>__aeabi_errno_addr</name>
         <value>0x2000c045</value>
         <object_component_ref idref="oc-5ad"/>
      </symbol>
      <symbol id="sm-1173">
         <name>errno</name>
         <value>0x2001f7bc</value>
         <object_component_ref idref="oc-749"/>
      </symbol>
      <symbol id="sm-118c">
         <name>wcslen</name>
         <value>0x2000bfb1</value>
         <object_component_ref idref="oc-5a7"/>
      </symbol>
      <symbol id="sm-11ac">
         <name>frexpl</name>
         <value>0x2000abcd</value>
         <object_component_ref idref="oc-72d"/>
      </symbol>
      <symbol id="sm-11ad">
         <name>frexp</name>
         <value>0x2000abcd</value>
         <object_component_ref idref="oc-72d"/>
      </symbol>
      <symbol id="sm-11cb">
         <name>scalbn</name>
         <value>0x20008f75</value>
         <object_component_ref idref="oc-733"/>
      </symbol>
      <symbol id="sm-11cc">
         <name>scalbnl</name>
         <value>0x20008f75</value>
         <object_component_ref idref="oc-733"/>
      </symbol>
      <symbol id="sm-11cd">
         <name>ldexpl</name>
         <value>0x20008f75</value>
         <object_component_ref idref="oc-733"/>
      </symbol>
      <symbol id="sm-11ce">
         <name>ldexp</name>
         <value>0x20008f75</value>
         <object_component_ref idref="oc-733"/>
      </symbol>
      <symbol id="sm-11d4">
         <name>parmbuf</name>
         <value>0x2001fac8</value>
      </symbol>
      <symbol id="sm-11de">
         <name>copysign</name>
         <value>0x2000c025</value>
         <object_component_ref idref="oc-7ee"/>
      </symbol>
      <symbol id="sm-11df">
         <name>copysignl</name>
         <value>0x2000c025</value>
         <object_component_ref idref="oc-7ee"/>
      </symbol>
      <symbol id="sm-11e0">
         <name>__TI_static_base__</name>
         <value>0x2000c650</value>
      </symbol>
      <symbol id="sm-11e3">
         <name>__mpu_init</name>
         <value>0x0</value>
      </symbol>
      <symbol id="sm-11e4">
         <name>_system_post_cinit</name>
         <value>0x0</value>
      </symbol>
   </symbol_table>
   <title>Link successful</title>
</link_info>
