******************************************************************************
                  TI ARM Linker PC v20.2.7                     
******************************************************************************
>> Linked Sun Apr 16 21:18:33 2023

OUTPUT FILE NAME:   <transceiver_mode.out>
ENTRY POINT SYMBOL: "_c_int00_noargs"  address: 2000c665


MEMORY CONFIGURATION

         name            origin    length      used     unused   attr    fill
----------------------  --------  ---------  --------  --------  ----  --------
  SRAM_CODE             20004000   00013000  0000918a  00009e76  RW X
  SRAM_DATA             20017000   00019000  00009887  0000f779  RW X


SEGMENT ALLOCATION MAP

run origin  load origin   length   init length attrs members
----------  ----------- ---------- ----------- ----- -------
20004000    20004000    00009190   00009190    r-x
  20004000    20004000    00000400   00000400    r-- .intvecs
  20004400    20004400    0000874a   0000874a    r-x .text
  2000cb4c    2000cb4c    000005b8   000005b8    r-- .const
  2000d108    2000d108    00000088   00000088    r-- .cinit
20017000    20017000    00008388   00000000    rw-
  20017000    20017000    00008000   00000000    rw- .sysmem
  2001f000    2001f000    000001eb   00000000    rw- .bss
  2001f1ec    2001f1ec    0000019c   00000000    rw- .data
2002eb00    2002eb00    00001500   00000000    rw-
  2002eb00    2002eb00    00001500   00000000    rw- .stack


SECTION ALLOCATION MAP

 output                                  attributes/
section   page    origin      length       input sections
--------  ----  ----------  ----------   ----------------
.intvecs   0    20004000    00000400     
                  20004000    00000400     startup_ccs.obj (.intvecs)

.init_array 
*          0    20004000    00000000     UNINITIALIZED

.text      0    20004400    0000874a     
                  20004400    00001994     main.obj (.text)
                  20005d94    00000a4e     rtsv7M4_T_le_eabi.lib : _printfi.c.obj (.text:__TI_printfi)
                  200067e2    00000002     driverlib.a : interrupt.obj (.text:IntDefaultHandler)
                  200067e4    00000590     simplelink.a : driver.obj (.text:_SlDrvMsgRead)
                  20006d74    0000027c     uart_if.obj (.text)
                  20006ff0    00000268     rtsv7M4_T_le_eabi.lib : _printfi.c.obj (.text:_pconv_a)
                  20007258    00000248     simplelink.a : driver.obj (.text:_SlDrvRxHdrRead)
                  200074a0    000001e4                  : driver.obj (.text:_SlDrvDataReadOp)
                  20007684    000001d0                  : driver.obj (.text:_SlDrvReleasePoolObj)
                  20007854    000001cc     rtsv7M4_T_le_eabi.lib : _printfi.c.obj (.text:_pconv_g)
                  20007a20    000001b6                           : fd_add_t2.asm.obj (.text)
                  20007bd6    00000002                           : _lock.c.obj (.text:_nop)
                  20007bd8    000001b4     simplelink.a : driver.obj (.text:_SlDrvDriverCBInit)
                  20007d8c    0000019c                  : driver.obj (.text:_SlDrvMsgWrite)
                  20007f28    00000190                  : driver.obj (.text:_SlDrvWaitForPoolObj)
                  200080b8    00000178     driverlib.a : prcm.obj (.text:PRCMCC3200MCUInit)
                  20008230    00000170     simplelink.a : driver.obj (.text:_SlFindAndSetActiveObj)
                  200083a0    00000150                  : driver.obj (.text:_SlDrvDataWriteOp)
                  200084f0    00000148                  : cc_pal.obj (.text:spi_Open)
                  20008638    00000144                  : driver.obj (.text:_SlDrvMsgReadCmdCtx)
                  2000877c    0000013c     rtsv7M4_T_le_eabi.lib : _printfi.c.obj (.text:_pconv_e)
                  200088b8    00000136                           : fd_div_t2.asm.obj (.text)
                  200089ee    00000002                           : div0.asm.obj (.text)
                  200089f0    00000134     simplelink.a : socket.obj (.text:sl_Send)
                  20008b24    00000130                  : driver.obj (.text:_SlDrvDriverCBDeinit)
                  20008c54    00000120     rtsv7M4_T_le_eabi.lib : _printfi.c.obj (.text:fcvt)
                  20008d74    00000110                           : strtoul.c.obj (.text:strtoul)
                  20008e84    00000104     simplelink.a : netapp.obj (.text:_SlDrvNetAppEventHandler)
                  20008f88    00000100     rtsv7M4_T_le_eabi.lib : memory.c.obj (.text:aligned_alloc)
                  20009088    000000fc                           : fd_mul_t2.asm.obj (.text)
                  20009184    000000f0     simplelink.a : device.obj (.text:sl_Start)
                  20009274    000000f0                  : device.obj (.text:sl_Stop)
                  20009364    000000f0                  : cc_pal.obj (.text:spi_Read)
                  20009454    000000f0     driverlib.a : udma.obj (.text:uDMAChannelTransferSet)
                  20009544    000000e8     simplelink.a : driver.obj (.text:_SlAsyncEventGenericHandler)
                  2000962c    000000e8                  : driver.obj (.text:_SlDrvMsgReadSpawnCtx)
                  20009714    000000e4     rtsv7M4_T_le_eabi.lib : memory.c.obj (.text:free)
                  200097f8    000000e4                           : memory.c.obj (.text:realloc)
                  200098dc    000000e4     simplelink.a : netapp.obj (.text:sl_NetAppMDNSRegisterUnregisterService)
                  200099c0    000000dc                  : driver.obj (.text:_SlDrvClassifyRxMsg)
                  20009a9c    000000d0     rtsv7M4_T_le_eabi.lib : s_scalbn.c.obj (.text:scalbn)
                  20009b6c    000000cc     simplelink.a : netapp.obj (.text:_sl_HandleAsync_DnsGetHostByService)
                  20009c38    000000cc                  : device.obj (.text:sl_DevGet)
                  20009d04    000000c4                  : driver.obj (.text:_SlRemoveFromList)
                  20009dc8    000000c0                  : driver.obj (.text:_SlDrvCmdOp)
                  20009e88    000000b1     rtsv7M4_T_le_eabi.lib : _printfi.c.obj (.text:_ltostr)
                  20009f39    00000003     --HOLE-- [fill = 0]
                  20009f3c    000000b0     simplelink.a : nonos.obj (.text:_SlNonOsSemGet)
                  20009fec    000000a8     driverlib.a : interrupt.obj (.text:IntDisable)
                  2000a094    000000a8                 : interrupt.obj (.text:IntEnable)
                  2000a13c    000000a4     simplelink.a : driver.obj (.text:_SlDriverHandleError)
                  2000a1e0    000000a0     driverlib.a : spi.obj (.text:SPIConfigSetExpClk)
                  2000a280    000000a0     simplelink.a : socket.obj (.text:sl_Recv)
                  2000a320    0000009c     rtsv7M4_T_le_eabi.lib : memcpy_t2.asm.obj (.text)
                  2000a3bc    0000009a     simplelink.a : device.obj (.text:_SlDrvDeviceEventHandler)
                  2000a456    00000002     --HOLE-- [fill = 0]
                  2000a458    00000098                  : netcfg.obj (.text:sl_NetCfgSet)
                  2000a4f0    00000098                  : socket.obj (.text:sl_SetSockOpt)
                  2000a588    00000098                  : wlan.obj (.text:sl_WlanSet)
                  2000a620    00000098                  : cc_pal.obj (.text:spi_Write)
                  2000a6b8    00000096     rtsv7M4_T_le_eabi.lib : ull_div_t2.asm.obj (.text)
                  2000a74e    00000002     --HOLE-- [fill = 0]
                  2000a750    00000094     driverlib.a : prcm.obj (.text:PRCMPeripheralClockGet)
                  2000a7e4    00000090     simplelink.a : netapp.obj (.text:_sl_HandleAsync_DnsGetHostByName)
                  2000a874    00000090                  : netapp.obj (.text:_sl_HandleAsync_PingResponse)
                  2000a904    00000090                  : wlan.obj (.text:sl_WlanPolicySet)
                  2000a994    0000008c                  : cc_pal.obj (.text:SetupDMAReceive)
                  2000aa20    0000008c                  : cc_pal.obj (.text:SetupDMASend)
                  2000aaac    0000008c                  : driver.obj (.text:_SlDrvIsTimeoutExpired)
                  2000ab38    0000008c                  : device.obj (.text:_sl_HandleAsync_InitComplete)
                  2000abc4    0000008c                  : socket.obj (.text:sl_Socket)
                  2000ac50    00000088     driverlib.a : pin.obj (.text:PinConfigSet)
                  2000acd8    00000086     rtsv7M4_T_le_eabi.lib : fd_cmp_t2.asm.obj (.text:__aeabi_cdcmple)
                  2000ad5e    00000086                           : fd_cmp_t2.asm.obj (.text:__aeabi_cdrcmple)
                  2000ade4    00000084     simplelink.a : cc_pal.obj (.text:NwpPowerOnPreamble)
                  2000ae68    00000084                  : wlan.obj (.text:sl_WlanRxFilterSet)
                  2000aeec    00000080                  : socket.obj (.text:_sl_HandleAsync_Connect)
                  2000af6c    00000080                  : cc_pal.obj (.text:spi_Read_CPU)
                  2000afec    00000080                  : cc_pal.obj (.text:spi_Write_CPU)
                  2000b06c    0000007a     rtsv7M4_T_le_eabi.lib : memset_t2.asm.obj (.text)
                  2000b0e6    00000002     --HOLE-- [fill = 0]
                  2000b0e8    00000078     simplelink.a : cc_pal.obj (.text:spi_Close)
                  2000b160    00000076     driverlib.a : uart.obj (.text:UARTConfigSetExpClk)
                  2000b1d6    00000002     --HOLE-- [fill = 0]
                  2000b1d8    00000074     simplelink.a : nonos.obj (.text:_SlNonOsMainLoopTask)
                  2000b24c    00000070     rtsv7M4_T_le_eabi.lib : memory.c.obj (.text:split)
                  2000b2bc    0000006e                           : _printfi.c.obj (.text:_mcpy)
                  2000b32a    00000002     --HOLE-- [fill = 0]
                  2000b32c    0000006c     simplelink.a : driver.obj (.text:_SlDrvCmdSend)
                  2000b398    0000006c                  : netapp.obj (.text:_sl_NetAppSendTokenValue)
                  2000b404    00000068     rtsv7M4_T_le_eabi.lib : copy_decompress_lzss.c.obj (.text:decompress:lzss:__TI_decompress_lzss)
                  2000b46c    00000068     simplelink.a : wlan.obj (.text:sl_WlanRxStatGet)
                  2000b4d4    00000064                  : nonos.obj (.text:_SlNonOsSpawn)
                  2000b538    00000064                  : socket.obj (.text:_sl_HandleAsync_Accept)
                  2000b59c    00000064                  : netapp.obj (.text:sl_NetAppMDNSUnRegisterService)
                  2000b600    00000064     driverlib.a : udma.obj (.text:uDMAChannelAttributeDisable)
                  2000b664    00000064                 : udma.obj (.text:uDMAChannelAttributeEnable)
                  2000b6c8    00000060     simplelink.a : socket.obj (.text:sl_Close)
                  2000b728    00000060                  : wlan.obj (.text:sl_WlanProfileDel)
                  2000b788    00000060                  : wlan.obj (.text:sl_WlanSetMode)
                  2000b7e8    0000005c     rtsv7M4_T_le_eabi.lib : s_frexp.c.obj (.text:frexp)
                  2000b844    00000058     driverlib.a : interrupt.obj (.text:IntPendClear)
                  2000b89c    00000058                 : prcm.obj (.text:PRCMPeripheralReset)
                  2000b8f4    00000056     rtsv7M4_T_le_eabi.lib : _printfi.c.obj (.text:_pconv_f)
                  2000b94a    00000002     --HOLE-- [fill = 0]
                  2000b94c    00000054     driverlib.a : interrupt.obj (.text:IntPrioritySet)
                  2000b9a0    00000054     simplelink.a : driver.obj (.text:_SlDrvRxIrqHandler)
                  2000b9f4    00000054     rtsv7M4_T_le_eabi.lib : _ltoa.c.obj (.text:__TI_ltoa)
                  2000ba48    00000054     simplelink.a : socket.obj (.text:_sl_HandleAsync_Select)
                  2000ba9c    00000052     rtsv7M4_T_le_eabi.lib : _printfi.c.obj (.text:_ecpy)
                  2000baee    00000002     --HOLE-- [fill = 0]
                  2000baf0    00000050     simplelink.a : device.obj (.text:_sl_HandleAsync_Stop)
                  2000bb40    0000004c     driverlib.a : spi.obj (.text:SPIIntEnable)
                  2000bb8c    0000004c                 : spi.obj (.text:SPIIntNumberGet)
                  2000bbd8    0000004c     simplelink.a : driver.obj (.text:_SlDrvProtectAsyncRespSetting)
                  2000bc24    0000004c     rtsv7M4_T_le_eabi.lib : atoi.c.obj (.text:atoi)
                  2000bc70    0000004c     driverlib.a : udma.obj (.text:uDMAChannelAssign)
                  2000bcbc    00000048                 : spi.obj (.text:SPIIntClear)
                  2000bd04    00000048     simplelink.a : driver.obj (.text:_SlDrvBasicCmd)
                  2000bd4c    00000048     rtsv7M4_T_le_eabi.lib : fd_toi_t2.asm.obj (.text)
                  2000bd94    00000044     driverlib.a : spi.obj (.text:SPIDmaMaskGet)
                  2000bdd8    00000044                 : timer.obj (.text:TimerConfigure)
                  2000be1c    00000044     simplelink.a : driver.obj (.text:_SlDrvHandleHttpServerEvents)
                  2000be60    00000044                  : driver.obj (.text:_SlDrvSyncObjWaitTimeout)
                  2000bea4    00000044     rtsv7M4_T_le_eabi.lib : autoinit.c.obj (.text:__TI_auto_init_nobinit_nopinit:__TI_auto_init_nobinit_nopinit)
                  2000bee8    00000044     simplelink.a : cc_pal.obj (.text:cc_SetupTransfer)
                  2000bf2c    00000040     driverlib.a : pin.obj (.text:PinModeSet)
                  2000bf6c    00000040     simplelink.a : driver.obj (.text:_SlDrvHandleNetAppEvents)
                  2000bfac    00000040                  : driver.obj (.text:_SlDrvHandleWlanEvents)
                  2000bfec    00000040                  : socket.obj (.text:_sl_TruncatePayloadByProtocol)
                  2000c02c    00000040     rtsv7M4_T_le_eabi.lib : vsnprintf.c.obj (.text:vsnprintf)
                  2000c06c    0000003e     simplelink.a : cc_pal.obj (.text:NwpRegisterInterruptHandler)
                  2000c0aa    0000003e     rtsv7M4_T_le_eabi.lib : _printfi.c.obj (.text:_fcpy)
                  2000c0e8    0000003c     simplelink.a : netapp.obj (.text:CopyPingResultsToReport)
                  2000c124    0000003c     driverlib.a : prcm.obj (.text:PRCMPeripheralClkEnable)
                  2000c160    0000003c     simplelink.a : cc_pal.obj (.text:simplelink_timerA2_start)
                  2000c19c    0000003c     driverlib.a : udma.obj (.text:uDMAChannelControlSet)
                  2000c1d8    00000038     simplelink.a : cc_pal.obj (.text:NwpPowerOff)
                  2000c210    00000038                  : wlan.obj (.text:sl_WlanDisconnect)
                  2000c248    00000038                  : wlan.obj (.text:sl_WlanRxStatStart)
                  2000c280    00000038                  : wlan.obj (.text:sl_WlanRxStatStop)
                  2000c2b8    00000034                  : cc_pal.obj (.text:NwpPowerOn)
                  2000c2ec    00000034     driverlib.a : prcm.obj (.text:PRCMPeripheralStatusGet)
                  2000c320    00000034                 : spi.obj (.text:SPIFIFOLevelSet)
                  2000c354    00000030                 : uart.obj (.text:UARTDisable)
                  2000c384    00000030     rtsv7M4_T_le_eabi.lib : vsnprintf.c.obj (.text:_outs)
                  2000c3b4    0000002e                           : i_tofd_t2.asm.obj (.text)
                  2000c3e2    00000002     --HOLE-- [fill = 0]
                  2000c3e4    0000002c     driverlib.a : prcm.obj (.text:PRCMSysResetCauseGet)
                  2000c410    0000002c     simplelink.a : driver.obj (.text:_SlDrvObjGlobalLockWaitForever)
                  2000c43c    0000002c                  : driver.obj (.text:_SlDrvProtectionObjLockWaitForever)
                  2000c468    0000002a     driverlib.a : timer.obj (.text:TimerLoadSet)
                  2000c492    0000002a                 : timer.obj (.text:TimerPrescaleSet)
                  2000c4bc    00000028                 : prcm.obj (.text:PRCMPeripheralClkDisable)
                  2000c4e4    00000028     simplelink.a : driver.obj (.text:_SlDrvGlobalObjUnLock)
                  2000c50c    00000028                  : driver.obj (.text:_SlDrvProtectionObjUnLock)
                  2000c534    00000028                  : driver.obj (.text:_SlDrvSyncObjWaitForever)
                  2000c55c    00000028     rtsv7M4_T_le_eabi.lib : memory.c.obj (.text:free_list_insert)
                  2000c584    00000028                           : memmov.c.obj (.text:memmove)
                  2000c5ac    00000026     simplelink.a : driver.obj (.text:_SlDrvObjLockWaitForever)
                  2000c5d2    00000026     network_common.obj (.text)
                  2000c5f8    00000024     simplelink.a : cc_pal.obj (.text:DmaSpiSwIntHandler)
                  2000c61c    00000024     driverlib.a : interrupt.obj (.text:IntUnregister)
                  2000c640    00000024                 : uart.obj (.text:UARTEnable)
                  2000c664    00000024     rtsv7M4_T_le_eabi.lib : boot_cortex_m.c.obj (.text:_c_int00_noargs:_c_int00_noargs)
                  2000c688    00000022     driverlib.a : spi.obj (.text:SPIReset)
                  2000c6aa    00000022                 : spi.obj (.text:SPIWordCountSet)
                  2000c6cc    00000020                 : interrupt.obj (.text:IntRegister)
                  2000c6ec    00000020     simplelink.a : cc_pal.obj (.text:NwpPrePowerOffTimout0)
                  2000c70c    00000020                  : cc_pal.obj (.text:TimerGetCurrentTimestamp)
                  2000c72c    00000020                  : driver.obj (.text:_SlDrvObjUnLock)
                  2000c74c    00000020                  : driver.obj (.text:_SlDrvSyncObjSignal)
                  2000c76c    0000001e     driverlib.a : timer.obj (.text:TimerEnable)
                  2000c78a    0000001e                 : uart.obj (.text:UARTCharPut)
                  2000c7a8    0000001e     simplelink.a : cc_pal.obj (.text:cc_UDMAChannelSelect)
                  2000c7c6    0000001c     driverlib.a : timer.obj (.text:TimerValueGet)
                  2000c7e2    0000001c                 : uart.obj (.text:UARTCharGetNonBlocking)
                  2000c7fe    0000001c     simplelink.a : driver.obj (.text:_SlDrvStartMeasureTimeout)
                  2000c81a    0000001c     rtsv7M4_T_le_eabi.lib : copy_zero_init.c.obj (.text:decompress:ZI:__TI_zero_init_nomemset:__TI_zero_init_nomemset)
                  2000c836    00000002     --HOLE-- [fill = 0]
                  2000c838    0000001c                           : memory.c.obj (.text:free_list_remove)
                  2000c854    0000001c                           : memccpy.c.obj (.text:memccpy)
                  2000c870    0000001c     pinmux.obj (.text)
                  2000c88c    0000001c     driverlib.a : udma.obj (.text:uDMAChannelEnable)
                  2000c8a8    0000001a                 : pin.obj (.text:PinTypeUART)
                  2000c8c2    0000001a                 : spi.obj (.text:SPIDmaDisable)
                  2000c8dc    0000001a                 : spi.obj (.text:SPIDmaEnable)
                  2000c8f6    0000001a                 : spi.obj (.text:SPIFIFODisable)
                  2000c910    0000001a                 : spi.obj (.text:SPIFIFOEnable)
                  2000c92a    0000001a                 : spi.obj (.text:SPIIntUnregister)
                  2000c944    00000018                 : spi.obj (.text:SPICSDisable)
                  2000c95c    00000018                 : spi.obj (.text:SPICSEnable)
                  2000c974    00000018                 : spi.obj (.text:SPIDisable)
                  2000c98c    00000018                 : spi.obj (.text:SPIEnable)
                  2000c9a4    00000018                 : uart.obj (.text:UARTCharsAvail)
                  2000c9bc    00000018     simplelink.a : nonos.obj (.text:_SlNonOsSemSet)
                  2000c9d4    00000018     rtsv7M4_T_le_eabi.lib : vsnprintf.c.obj (.text:_outc)
                  2000c9ec    00000018     simplelink.a : device.obj (.text:_sl_GetStartResponseConvert)
                  2000ca04    00000016     driverlib.a : prcm.obj (.text:PRCMHIBRegRead)
                  2000ca1a    00000016                 : prcm.obj (.text:PRCMHIBRegWrite)
                  2000ca30    00000016                 : uart.obj (.text:UARTCharGet)
                  2000ca46    00000016     simplelink.a : driver.obj (.text:_SlDrvMemZero)
                  2000ca5c    00000016     rtsv7M4_T_le_eabi.lib : strchr.c.obj (.text:strchr)
                  2000ca72    00000014     driverlib.a : cpu.obj (.text:CPUcpsie)
                  2000ca86    00000002     --HOLE-- [fill = 0]
                  2000ca88    00000014                 : interrupt.obj (.text:IntVTableBaseSet)
                  2000ca9c    00000014     rtsv7M4_T_le_eabi.lib : strlen.c.obj (.text:strlen)
                  2000cab0    00000012                           : wcslen.c.obj (.text:wcslen)
                  2000cac2    00000010     simplelink.a : driver.obj (.text:_SlDrvDispatchHttpServerEvents)
                  2000cad2    0000000e                  : driver.obj (.text:_SlDrvResetCmdExt)
                  2000cae0    0000000e     rtsv7M4_T_le_eabi.lib : copy_decompress_none.c.obj (.text:decompress:none:__TI_decompress_none)
                  2000caee    0000000e     startup_ccs.obj (.text)
                  2000cafc    0000000c     simplelink.a : cc_pal.obj (.text:NwpMaskInterrupt)
                  2000cb08    0000000c                  : cc_pal.obj (.text:NwpUnMaskInterrupt)
                  2000cb14    0000000c     rtsv7M4_T_le_eabi.lib : s_copysign.c.obj (.text:copysign)
                  2000cb20    0000000a     driverlib.a : interrupt.obj (.text:IntMasterEnable)
                  2000cb2a    00000002     --HOLE-- [fill = 0]
                  2000cb2c    00000008     rtsv7M4_T_le_eabi.lib : errno.c.obj (.text:__aeabi_errno_addr)
                  2000cb34    00000008                           : memory.c.obj (.text:malloc)
                  2000cb3c    00000006     driverlib.a : utils.obj (.text:UtilsDelay)
                  2000cb42    00000004     rtsv7M4_T_le_eabi.lib : pre_init.c.obj (.text:_system_pre_init)
                  2000cb46    00000004                           : exit.c.obj (.text:abort:abort)

.const     0    2000cb4c    000005b8     
                  2000cb4c    00000101     rtsv7M4_T_le_eabi.lib : ctype.c.obj (.const:.string:_ctypes_)
                  2000cc4d    00000003     --HOLE-- [fill = 0]
                  2000cc50    00000100     driverlib.a : pin.obj (.const:g_ulPinToPadMap)
                  2000cd50    000000d4                 : interrupt.obj (.const:g_pulRegs)
                  2000ce24    000000a8                 : prcm.obj (.const:PRCM_PeriphRegsList)
                  2000cecc    0000003c     simplelink.a : driver.obj (.const:OpcodeTranslateTable)
                  2000cf08    00000038                  : driver.obj (.const:_SlActionLookupTable)
                  2000cf40    0000002c     main.obj (.const:$P$T1$2)
                  2000cf6c    00000024     driverlib.a : spi.obj (.const:g_ppulSPIIntMap)
                  2000cf90    00000022     main.obj (.const:.string:$P$T0$1)
                  2000cfb2    00000002     --HOLE-- [fill = 0]
                  2000cfb4    00000020     simplelink.a : driver.obj (.const:RxMsgClassLUT)
                  2000cfd4    00000018     driverlib.a : interrupt.obj (.const:g_pulDisRegs)
                  2000cfec    00000018                 : interrupt.obj (.const:g_pulEnRegs)
                  2000d004    00000018                 : interrupt.obj (.const:g_pulUnpendRegs)
                  2000d01c    00000018                 : spi.obj (.const:g_ulSPIDmaMaskMap)
                  2000d034    00000014     simplelink.a : driver.obj (.const:$P$T0$1)
                  2000d048    00000014                  : nonos.obj (.const:$P$T0$1)
                  2000d05c    00000014     main.obj (.const:$P$T2$3)
                  2000d070    00000014     main.obj (.const:.string:$P$T4$5)
                  2000d084    00000010     simplelink.a : socket.obj (.const:.string:_SlPayloadByProtocolLUT)
                  2000d094    0000000e     main.obj (.const:.string:$P$T3$4)
                  2000d0a2    00000008     simplelink.a : device.obj (.const:StartResponseLUT)
                  2000d0aa    00000002     --HOLE-- [fill = 0]
                  2000d0ac    00000008                  : driver.obj (.const:g_H2NCnysPattern)
                  2000d0b4    00000008                  : driver.obj (.const:g_H2NSyncPattern)
                  2000d0bc    00000004                  : wlan.obj (.const:$P$T2$3)
                  2000d0c0    00000004                  : device.obj (.const:_SlDeviceGetCmdCtrl)
                  2000d0c4    00000004                  : netapp.obj (.const:_SlNetAppSendTokenValueCmdCtrl)
                  2000d0c8    00000004                  : netcfg.obj (.const:_SlNetCfgSetCmdCtrl)
                  2000d0cc    00000004                  : wlan.obj (.const:_SlPolicySetCmdCtrl)
                  2000d0d0    00000004                  : wlan.obj (.const:_SlProfileDelCmdCtrl)
                  2000d0d4    00000004                  : socket.obj (.const:_SlRecvCmdCtrl)
                  2000d0d8    00000004                  : netapp.obj (.const:_SlRegisterServiceCtrl)
                  2000d0dc    00000004                  : wlan.obj (.const:_SlRxFilterSetCmdCtrl)
                  2000d0e0    00000004                  : socket.obj (.const:_SlSendCmdCtrl)
                  2000d0e4    00000004                  : socket.obj (.const:_SlSetSockOptCmdCtrl)
                  2000d0e8    00000004                  : socket.obj (.const:_SlSockCloseCmdCtrl)
                  2000d0ec    00000004                  : socket.obj (.const:_SlSockSocketCmdCtrl)
                  2000d0f0    00000004                  : device.obj (.const:_SlStopCmdCtrl)
                  2000d0f4    00000004                  : wlan.obj (.const:_SlWlanCfgSetCmdCtrl)
                  2000d0f8    00000004                  : wlan.obj (.const:_SlWlanSetModeCmdCtrl)
                  2000d0fc    00000004                  : driver.obj (.const:httpServer_callbacks)
                  2000d100    00000004                  : driver.obj (.const:netApp_callbacks)

.cinit     0    2000d108    00000088     
                  2000d108    00000064     (.cinit..data.load) [load image, compression = lzss]
                  2000d16c    0000000c     (__TI_handler_table)
                  2000d178    00000008     (.cinit..bss.load) [load image, compression = zero_init]
                  2000d180    00000010     (__TI_cinit_table)

.sysmem    0    20017000    00008000     UNINITIALIZED
                  20017000    00000010     rtsv7M4_T_le_eabi.lib : memory.c.obj (.sysmem)
                  20017010    00007ff0     --HOLE--

.bss       0    2001f000    000001eb     UNINITIALIZED
                  2001f000    00000168     simplelink.a : driver.obj (.bss:g_StatMem)
                  2001f168    00000050     (.common:g_ucDinDout)
                  2001f1b8    00000024     (.common:g_ucConnectionSSID)
                  2001f1dc    00000008     (.common:g_ucConnectionBSSID)
                  2001f1e4    00000004     uart_if.obj (.bss)
                  2001f1e8    00000001     (.common:RxIrqCnt)
                  2001f1e9    00000001     (.common:g_bDeviceRestartIsRequired)
                  2001f1ea    00000001     (.common:g_cDummy)

.data      0    2001f1ec    0000019c     UNINITIALIZED
                  2001f1ec    00000122     main.obj (.data:RawData_Ping)
                  2001f30e    00000002     --HOLE--
                  2001f310    0000003c     simplelink.a : nonos.obj (.data:g__SlNonOsCB)
                  2001f34c    0000000d                  : driver.obj (.data)
                  2001f359    00000003     --HOLE--
                  2001f35c    00000009                  : cc_pal.obj (.data)
                  2001f365    00000003     --HOLE--
                  2001f368    00000008     rtsv7M4_T_le_eabi.lib : _lock.c.obj (.data:$O1$$)
                  2001f370    00000008                           : memory.c.obj (.data:$O1$$)
                  2001f378    00000008     main.obj (.data)
                  2001f380    00000004     rtsv7M4_T_le_eabi.lib : errno.c.obj (.data)
                  2001f384    00000004     simplelink.a : driver.obj (.data:wlan_callbacks)

.stack     0    2002eb00    00001500     UNINITIALIZED
                  2002eb00    00000004     rtsv7M4_T_le_eabi.lib : boot_cortex_m.c.obj (.stack)
                  2002eb04    000014fc     --HOLE--

__llvm_prf_cnts 
*          0    20017000    00000000     UNINITIALIZED

MODULE SUMMARY

       Module                       code    ro data   rw data
       ------                       ----    -------   -------
    .\
       main.obj                     6548    132       342    
       startup_ccs.obj              14      1024      0      
       uart_if.obj                  636     0         4      
       network_common.obj           38      0         0      
       pinmux.obj                   28      0         0      
    +--+----------------------------+-------+---------+---------+
       Total:                       7264    1156      346    
                                                             
    C:/ti/CC3200SDK_1.5.0/cc3200-sdk/driverlib/ccs/Release/driverlib.a
       prcm.obj                     852     168       0      
       interrupt.obj                608     284       0      
       spi.obj                      798     60        0      
       udma.obj                     604     0         0      
       pin.obj                      226     256       0      
       uart.obj                     306     0         0      
       timer.obj                    210     0         0      
       cpu.obj                      20      0         0      
       utils.obj                    6       0         0      
    +--+----------------------------+-------+---------+---------+
       Total:                       3630    768       0      
                                                             
    C:/ti/CC3200SDK_1.5.0/cc3200-sdk/simplelink/ccs/NON_OS_debug/simplelink.a
       driver.obj                   7906    192       379    
       cc_pal.obj                   1960    0         90     
       socket.obj                   1232    36        0      
       netapp.obj                   1248    8         0      
       device.obj                   1082    16        0      
       wlan.obj                     892     24        0      
       nonos.obj                    416     20        60     
       netcfg.obj                   152     4         0      
    +--+----------------------------+-------+---------+---------+
       Total:                       14888   300       529    
                                                             
    C:\ti\ccs1220\ccs\tools\compiler\ti-cgt-arm_20.2.7.LTS\lib\rtsv7M4_T_le_eabi.lib
       _printfi.c.obj               4835    0         0      
       memory.c.obj                 900     0         8      
       fd_add_t2.asm.obj            438     0         0      
       fd_div_t2.asm.obj            310     0         0      
       strtoul.c.obj                272     0         0      
       fd_cmp_t2.asm.obj            268     0         0      
       ctype.c.obj                  0       257       0      
       fd_mul_t2.asm.obj            252     0         0      
       s_scalbn.c.obj               208     0         0      
       memcpy_t2.asm.obj            156     0         0      
       ull_div_t2.asm.obj           150     0         0      
       vsnprintf.c.obj              136     0         0      
       memset_t2.asm.obj            122     0         0      
       copy_decompress_lzss.c.obj   104     0         0      
       s_frexp.c.obj                92      0         0      
       _ltoa.c.obj                  84      0         0      
       atoi.c.obj                   76      0         0      
       fd_toi_t2.asm.obj            72      0         0      
       autoinit.c.obj               68      0         0      
       i_tofd_t2.asm.obj            46      0         0      
       memmov.c.obj                 40      0         0      
       boot_cortex_m.c.obj          36      0         0      
       copy_zero_init.c.obj         28      0         0      
       memccpy.c.obj                28      0         0      
       strchr.c.obj                 22      0         0      
       strlen.c.obj                 20      0         0      
       wcslen.c.obj                 18      0         0      
       copy_decompress_none.c.obj   14      0         0      
       errno.c.obj                  8       0         4      
       s_copysign.c.obj             12      0         0      
       _lock.c.obj                  2       0         8      
       exit.c.obj                   4       0         0      
       pre_init.c.obj               4       0         0      
       div0.asm.obj                 2       0         0      
    +--+----------------------------+-------+---------+---------+
       Total:                       8827    257       20     
                                                             
       Heap:                        0       0         32768  
       Stack:                       0       0         5376   
       Linker Generated:            0       136       0      
    +--+----------------------------+-------+---------+---------+
       Grand Total:                 34609   2617      39039  


LINKER GENERATED COPY TABLES

__TI_cinit_table @ 2000d180 records: 2, size/record: 8, table size: 16
	.data: load addr=2000d108, load size=00000064 bytes, run addr=2001f1ec, run size=0000019c bytes, compression=lzss
	.bss: load addr=2000d178, load size=00000008 bytes, run addr=2001f000, run size=000001eb bytes, compression=zero_init


LINKER GENERATED HANDLER TABLE

__TI_handler_table @ 2000d16c records: 3, size/record: 4, table size: 12
	index: 0, handler: __TI_decompress_lzss
	index: 1, handler: __TI_decompress_none
	index: 2, handler: __TI_zero_init


GLOBAL SYMBOLS: SORTED ALPHABETICALLY BY Name 

address   name                                  
-------   ----                                  
2000cb47  C$$EXIT                               
2000ca73  CPUcpsie                              
20006db5  ClearTerm                             
2000c5f9  DmaSpiSwIntHandler                    
20006dbf  Error                                 
20006df7  GetCmd                                
20006d75  InitTerm                              
20009fed  IntDisable                            
2000a095  IntEnable                             
2000cb21  IntMasterEnable                       
2000b845  IntPendClear                          
2000b94d  IntPrioritySet                        
2000c6cd  IntRegister                           
2000c61d  IntUnregister                         
2000ca89  IntVTableBaseSet                      
20006d93  Message                               
2000cafd  NwpMaskInterrupt                      
2000c1d9  NwpPowerOff                           
2000c2b9  NwpPowerOn                            
2000ade5  NwpPowerOnPreamble                    
2000c6ed  NwpPrePowerOffTimout0                 
2000c06d  NwpRegisterInterruptHandler           
2000cb09  NwpUnMaskInterrupt                    
2000cecc  OpcodeTranslateTable                  
200080b9  PRCMCC3200MCUInit                     
2000ca05  PRCMHIBRegRead                        
2000ca1b  PRCMHIBRegWrite                       
2000c4bd  PRCMPeripheralClkDisable              
2000c125  PRCMPeripheralClkEnable               
2000a751  PRCMPeripheralClockGet                
2000b89d  PRCMPeripheralReset                   
2000c2ed  PRCMPeripheralStatusGet               
2000c3e5  PRCMSysResetCauseGet                  
2000ac51  PinConfigSet                          
2000bf2d  PinModeSet                            
2000c871  PinMuxConfig                          
2000c8a9  PinTypeUART                           
2001f1ec  RawData_Ping                          
20006f35  Report                                
2000caef  ResetISR                              
2001f1e8  RxIrqCnt                              
2000c945  SPICSDisable                          
2000c95d  SPICSEnable                           
2000a1e1  SPIConfigSetExpClk                    
2000c975  SPIDisable                            
2000c8c3  SPIDmaDisable                         
2000c8dd  SPIDmaEnable                          
2000c98d  SPIEnable                             
2000c8f7  SPIFIFODisable                        
2000c911  SPIFIFOEnable                         
2000c321  SPIFIFOLevelSet                       
2000bcbd  SPIIntClear                           
2000bb41  SPIIntEnable                          
2000c92b  SPIIntUnregister                      
2000c689  SPIReset                              
2000c6ab  SPIWordCountSet                       
200045c9  SimpleLinkGeneralEventHandler         
200045a1  SimpleLinkHttpServerCallback          
20004509  SimpleLinkNetAppEventHandler          
200045df  SimpleLinkSockEventHandler            
20004401  SimpleLinkWlanEventHandler            
2000bdd9  TimerConfigure                        
2000c76d  TimerEnable                           
2000c70d  TimerGetCurrentTimestamp              
2000c469  TimerLoadSet                          
2000c493  TimerPrescaleSet                      
2000c7c7  TimerValueGet                         
20006e9d  TrimSpace                             
2000ca31  UARTCharGet                           
2000c7e3  UARTCharGetNonBlocking                
2000c78b  UARTCharPut                           
2000c9a5  UARTCharsAvail                        
2000b161  UARTConfigSetExpClk                   
2000c355  UARTDisable                           
2000c641  UARTEnable                            
2000cb3d  UtilsDelay                            
2000cf08  _SlActionLookupTable                  
2000a13d  _SlDriverHandleError                  
2000bd05  _SlDrvBasicCmd                        
20009dc9  _SlDrvCmdOp                           
2000b32d  _SlDrvCmdSend                         
200074a1  _SlDrvDataReadOp                      
200083a1  _SlDrvDataWriteOp                     
2000a3bd  _SlDrvDeviceEventHandler              
2000cac3  _SlDrvDispatchHttpServerEvents        
20008b25  _SlDrvDriverCBDeinit                  
20007bd9  _SlDrvDriverCBInit                    
2000c4e5  _SlDrvGlobalObjUnLock                 
2000be1d  _SlDrvHandleHttpServerEvents          
2000bf6d  _SlDrvHandleNetAppEvents              
2000bfad  _SlDrvHandleWlanEvents                
2000aaad  _SlDrvIsTimeoutExpired                
2000ca47  _SlDrvMemZero                         
2000962d  _SlDrvMsgReadSpawnCtx                 
20008e85  _SlDrvNetAppEventHandler              
2000c5ad  _SlDrvObjLockWaitForever              
2000c72d  _SlDrvObjUnLock                       
2000bbd9  _SlDrvProtectAsyncRespSetting         
2000c43d  _SlDrvProtectionObjLockWaitForever    
2000c50d  _SlDrvProtectionObjUnLock             
20007685  _SlDrvReleasePoolObj                  
2000cad3  _SlDrvResetCmdExt                     
2000b9a1  _SlDrvRxIrqHandler                    
2000c7ff  _SlDrvStartMeasureTimeout             
2000c74d  _SlDrvSyncObjSignal                   
2000c535  _SlDrvSyncObjWaitForever              
2000be61  _SlDrvSyncObjWaitTimeout              
20007f29  _SlDrvWaitForPoolObj                  
2000d0c4  _SlNetAppSendTokenValueCmdCtrl        
2000b1d9  _SlNonOsMainLoopTask                  
20009f3d  _SlNonOsSemGet                        
2000c9bd  _SlNonOsSemSet                        
2000b4d5  _SlNonOsSpawn                         
20030000  __STACK_END                           
00001500  __STACK_SIZE                          
00008000  __SYSMEM_SIZE                         
2000d180  __TI_CINIT_Base                       
2000d190  __TI_CINIT_Limit                      
2000d16c  __TI_Handler_Table_Base               
2000d178  __TI_Handler_Table_Limit              
2000bea5  __TI_auto_init_nobinit_nopinit        
2000b405  __TI_decompress_lzss                  
2000cae1  __TI_decompress_none                  
2000b9f5  __TI_ltoa                             
ffffffff  __TI_pprof_out_hndl                   
20005d95  __TI_printfi                          
ffffffff  __TI_prof_data_size                   
ffffffff  __TI_prof_data_start                  
2000d108  __TI_static_base__                    
2000c81b  __TI_zero_init_nomemset               
2000acd9  __aeabi_cdcmpeq                       
2000acd9  __aeabi_cdcmple                       
2000ad5f  __aeabi_cdrcmple                      
2000bd4d  __aeabi_d2iz                          
20007a2b  __aeabi_dadd                          
200088b9  __aeabi_ddiv                          
20009089  __aeabi_dmul                          
20007a21  __aeabi_dsub                          
2000cb2d  __aeabi_errno_addr                    
2000c3b5  __aeabi_i2d                           
200089ef  __aeabi_idiv0                         
200089ef  __aeabi_ldiv0                         
2000b06d  __aeabi_memclr                        
2000b06d  __aeabi_memclr4                       
2000b06d  __aeabi_memclr8                       
2000a321  __aeabi_memcpy                        
2000a321  __aeabi_memcpy4                       
2000a321  __aeabi_memcpy8                       
2000b06f  __aeabi_memset                        
2000b06f  __aeabi_memset4                       
2000b06f  __aeabi_memset8                       
2000a6b9  __aeabi_uldivmod                      
ffffffff  __binit__                             
ffffffff  __c_args__                            
UNDEFED   __mpu_init                            
2002eb00  __stack                               
20017000  __start___llvm_prf_cnts               
20017000  __stop___llvm_prf_cnts                
2000c665  _c_int00_noargs                       
2000cb4c  _ctypes_                              
2001f368  _lock                                 
20007bd7  _nop                                  
2000b539  _sl_HandleAsync_Accept                
2000aeed  _sl_HandleAsync_Connect               
2000a7e5  _sl_HandleAsync_DnsGetHostByName      
20009b6d  _sl_HandleAsync_DnsGetHostByService   
2000ab39  _sl_HandleAsync_InitComplete          
2000a875  _sl_HandleAsync_PingResponse          
2000ba49  _sl_HandleAsync_Select                
2000baf1  _sl_HandleAsync_Stop                  
2000b399  _sl_NetAppSendTokenValue              
20017000  _sys_memory                           
UNDEFED   _system_post_cinit                    
2000cb43  _system_pre_init                      
2001f36c  _unlock                               
2000cb47  abort                                 
20008f89  aligned_alloc                         
2000bc25  atoi                                  
ffffffff  binit                                 
2000cb15  copysign                              
2000cb15  copysignl                             
2001f380  errno                                 
20009715  free                                  
2000b7e9  frexp                                 
2000b7e9  frexpl                                
2001f34c  g_SlDeviceStatus                      
2001f35c  g_SpiFd                               
2001f310  g__SlNonOsCB                          
2001f1e9  g_bDeviceRestartIsRequired            
2001f1ea  g_cDummy                              
2001f350  g_pCB                                 
2001f360  g_pHostIntHdl                         
20004000  g_pfnVectors                          
2001f1dc  g_ucConnectionBSSID                   
2001f1b8  g_ucConnectionSSID                    
2001f364  g_ucDMAEnabled                        
2001f168  g_ucDinDout                           
2001f37c  g_ulGatewayIP                         
2001f378  g_ulStatus                            
20009a9d  ldexp                                 
20009a9d  ldexpl                                
20005ae1  main                                  
2000cb35  malloc                                
20008f89  memalign                              
2000c855  memccpy                               
2000a321  memcpy                                
2000c585  memmove                               
2000b075  memset                                
2001f354  pPingCallBackFunc                     
200097f9  realloc                               
20009a9d  scalbn                                
20009a9d  scalbnl                               
2000c161  simplelink_timerA2_start              
2000b6c9  sl_Close                              
20009c39  sl_DevGet                             
200098dd  sl_NetAppMDNSRegisterUnregisterService
2000b59d  sl_NetAppMDNSUnRegisterService        
2000a459  sl_NetCfgSet                          
2000c5d3  sl_Provisioning_HttpServerEventHdl    
2000c5e1  sl_Provisioning_NetAppEventHdl        
2000c5ed  sl_Provisioning_WlanEventHdl          
2000a281  sl_Recv                               
200089f1  sl_Send                               
2000a4f1  sl_SetSockOpt                         
2000abc5  sl_Socket                             
20009185  sl_Start                              
20009275  sl_Stop                               
2000c211  sl_WlanDisconnect                     
2000a905  sl_WlanPolicySet                      
2000b729  sl_WlanProfileDel                     
2000ae69  sl_WlanRxFilterSet                    
2000b46d  sl_WlanRxStatGet                      
2000c249  sl_WlanRxStatStart                    
2000c281  sl_WlanRxStatStop                     
2000a589  sl_WlanSet                            
2000b789  sl_WlanSetMode                        
2000b0e9  spi_Close                             
200084f1  spi_Open                              
20009365  spi_Read                              
2000a621  spi_Write                             
2000ca5d  strchr                                
2000ca9d  strlen                                
20008d75  strtoul                               
2000bc71  uDMAChannelAssign                     
2000b601  uDMAChannelAttributeDisable           
2000b665  uDMAChannelAttributeEnable            
2000c19d  uDMAChannelControlSet                 
2000c88d  uDMAChannelEnable                     
20009455  uDMAChannelTransferSet                
2000c02d  vsnprintf                             
2000cab1  wcslen                                


GLOBAL SYMBOLS: SORTED BY Symbol Address 

address   name                                  
-------   ----                                  
00001500  __STACK_SIZE                          
00008000  __SYSMEM_SIZE                         
20004000  g_pfnVectors                          
20004401  SimpleLinkWlanEventHandler            
20004509  SimpleLinkNetAppEventHandler          
200045a1  SimpleLinkHttpServerCallback          
200045c9  SimpleLinkGeneralEventHandler         
200045df  SimpleLinkSockEventHandler            
20005ae1  main                                  
20005d95  __TI_printfi                          
20006d75  InitTerm                              
20006d93  Message                               
20006db5  ClearTerm                             
20006dbf  Error                                 
20006df7  GetCmd                                
20006e9d  TrimSpace                             
20006f35  Report                                
200074a1  _SlDrvDataReadOp                      
20007685  _SlDrvReleasePoolObj                  
20007a21  __aeabi_dsub                          
20007a2b  __aeabi_dadd                          
20007bd7  _nop                                  
20007bd9  _SlDrvDriverCBInit                    
20007f29  _SlDrvWaitForPoolObj                  
200080b9  PRCMCC3200MCUInit                     
200083a1  _SlDrvDataWriteOp                     
200084f1  spi_Open                              
200088b9  __aeabi_ddiv                          
200089ef  __aeabi_idiv0                         
200089ef  __aeabi_ldiv0                         
200089f1  sl_Send                               
20008b25  _SlDrvDriverCBDeinit                  
20008d75  strtoul                               
20008e85  _SlDrvNetAppEventHandler              
20008f89  aligned_alloc                         
20008f89  memalign                              
20009089  __aeabi_dmul                          
20009185  sl_Start                              
20009275  sl_Stop                               
20009365  spi_Read                              
20009455  uDMAChannelTransferSet                
2000962d  _SlDrvMsgReadSpawnCtx                 
20009715  free                                  
200097f9  realloc                               
200098dd  sl_NetAppMDNSRegisterUnregisterService
20009a9d  ldexp                                 
20009a9d  ldexpl                                
20009a9d  scalbn                                
20009a9d  scalbnl                               
20009b6d  _sl_HandleAsync_DnsGetHostByService   
20009c39  sl_DevGet                             
20009dc9  _SlDrvCmdOp                           
20009f3d  _SlNonOsSemGet                        
20009fed  IntDisable                            
2000a095  IntEnable                             
2000a13d  _SlDriverHandleError                  
2000a1e1  SPIConfigSetExpClk                    
2000a281  sl_Recv                               
2000a321  __aeabi_memcpy                        
2000a321  __aeabi_memcpy4                       
2000a321  __aeabi_memcpy8                       
2000a321  memcpy                                
2000a3bd  _SlDrvDeviceEventHandler              
2000a459  sl_NetCfgSet                          
2000a4f1  sl_SetSockOpt                         
2000a589  sl_WlanSet                            
2000a621  spi_Write                             
2000a6b9  __aeabi_uldivmod                      
2000a751  PRCMPeripheralClockGet                
2000a7e5  _sl_HandleAsync_DnsGetHostByName      
2000a875  _sl_HandleAsync_PingResponse          
2000a905  sl_WlanPolicySet                      
2000aaad  _SlDrvIsTimeoutExpired                
2000ab39  _sl_HandleAsync_InitComplete          
2000abc5  sl_Socket                             
2000ac51  PinConfigSet                          
2000acd9  __aeabi_cdcmpeq                       
2000acd9  __aeabi_cdcmple                       
2000ad5f  __aeabi_cdrcmple                      
2000ade5  NwpPowerOnPreamble                    
2000ae69  sl_WlanRxFilterSet                    
2000aeed  _sl_HandleAsync_Connect               
2000b06d  __aeabi_memclr                        
2000b06d  __aeabi_memclr4                       
2000b06d  __aeabi_memclr8                       
2000b06f  __aeabi_memset                        
2000b06f  __aeabi_memset4                       
2000b06f  __aeabi_memset8                       
2000b075  memset                                
2000b0e9  spi_Close                             
2000b161  UARTConfigSetExpClk                   
2000b1d9  _SlNonOsMainLoopTask                  
2000b32d  _SlDrvCmdSend                         
2000b399  _sl_NetAppSendTokenValue              
2000b405  __TI_decompress_lzss                  
2000b46d  sl_WlanRxStatGet                      
2000b4d5  _SlNonOsSpawn                         
2000b539  _sl_HandleAsync_Accept                
2000b59d  sl_NetAppMDNSUnRegisterService        
2000b601  uDMAChannelAttributeDisable           
2000b665  uDMAChannelAttributeEnable            
2000b6c9  sl_Close                              
2000b729  sl_WlanProfileDel                     
2000b789  sl_WlanSetMode                        
2000b7e9  frexp                                 
2000b7e9  frexpl                                
2000b845  IntPendClear                          
2000b89d  PRCMPeripheralReset                   
2000b94d  IntPrioritySet                        
2000b9a1  _SlDrvRxIrqHandler                    
2000b9f5  __TI_ltoa                             
2000ba49  _sl_HandleAsync_Select                
2000baf1  _sl_HandleAsync_Stop                  
2000bb41  SPIIntEnable                          
2000bbd9  _SlDrvProtectAsyncRespSetting         
2000bc25  atoi                                  
2000bc71  uDMAChannelAssign                     
2000bcbd  SPIIntClear                           
2000bd05  _SlDrvBasicCmd                        
2000bd4d  __aeabi_d2iz                          
2000bdd9  TimerConfigure                        
2000be1d  _SlDrvHandleHttpServerEvents          
2000be61  _SlDrvSyncObjWaitTimeout              
2000bea5  __TI_auto_init_nobinit_nopinit        
2000bf2d  PinModeSet                            
2000bf6d  _SlDrvHandleNetAppEvents              
2000bfad  _SlDrvHandleWlanEvents                
2000c02d  vsnprintf                             
2000c06d  NwpRegisterInterruptHandler           
2000c125  PRCMPeripheralClkEnable               
2000c161  simplelink_timerA2_start              
2000c19d  uDMAChannelControlSet                 
2000c1d9  NwpPowerOff                           
2000c211  sl_WlanDisconnect                     
2000c249  sl_WlanRxStatStart                    
2000c281  sl_WlanRxStatStop                     
2000c2b9  NwpPowerOn                            
2000c2ed  PRCMPeripheralStatusGet               
2000c321  SPIFIFOLevelSet                       
2000c355  UARTDisable                           
2000c3b5  __aeabi_i2d                           
2000c3e5  PRCMSysResetCauseGet                  
2000c43d  _SlDrvProtectionObjLockWaitForever    
2000c469  TimerLoadSet                          
2000c493  TimerPrescaleSet                      
2000c4bd  PRCMPeripheralClkDisable              
2000c4e5  _SlDrvGlobalObjUnLock                 
2000c50d  _SlDrvProtectionObjUnLock             
2000c535  _SlDrvSyncObjWaitForever              
2000c585  memmove                               
2000c5ad  _SlDrvObjLockWaitForever              
2000c5d3  sl_Provisioning_HttpServerEventHdl    
2000c5e1  sl_Provisioning_NetAppEventHdl        
2000c5ed  sl_Provisioning_WlanEventHdl          
2000c5f9  DmaSpiSwIntHandler                    
2000c61d  IntUnregister                         
2000c641  UARTEnable                            
2000c665  _c_int00_noargs                       
2000c689  SPIReset                              
2000c6ab  SPIWordCountSet                       
2000c6cd  IntRegister                           
2000c6ed  NwpPrePowerOffTimout0                 
2000c70d  TimerGetCurrentTimestamp              
2000c72d  _SlDrvObjUnLock                       
2000c74d  _SlDrvSyncObjSignal                   
2000c76d  TimerEnable                           
2000c78b  UARTCharPut                           
2000c7c7  TimerValueGet                         
2000c7e3  UARTCharGetNonBlocking                
2000c7ff  _SlDrvStartMeasureTimeout             
2000c81b  __TI_zero_init_nomemset               
2000c855  memccpy                               
2000c871  PinMuxConfig                          
2000c88d  uDMAChannelEnable                     
2000c8a9  PinTypeUART                           
2000c8c3  SPIDmaDisable                         
2000c8dd  SPIDmaEnable                          
2000c8f7  SPIFIFODisable                        
2000c911  SPIFIFOEnable                         
2000c92b  SPIIntUnregister                      
2000c945  SPICSDisable                          
2000c95d  SPICSEnable                           
2000c975  SPIDisable                            
2000c98d  SPIEnable                             
2000c9a5  UARTCharsAvail                        
2000c9bd  _SlNonOsSemSet                        
2000ca05  PRCMHIBRegRead                        
2000ca1b  PRCMHIBRegWrite                       
2000ca31  UARTCharGet                           
2000ca47  _SlDrvMemZero                         
2000ca5d  strchr                                
2000ca73  CPUcpsie                              
2000ca89  IntVTableBaseSet                      
2000ca9d  strlen                                
2000cab1  wcslen                                
2000cac3  _SlDrvDispatchHttpServerEvents        
2000cad3  _SlDrvResetCmdExt                     
2000cae1  __TI_decompress_none                  
2000caef  ResetISR                              
2000cafd  NwpMaskInterrupt                      
2000cb09  NwpUnMaskInterrupt                    
2000cb15  copysign                              
2000cb15  copysignl                             
2000cb21  IntMasterEnable                       
2000cb2d  __aeabi_errno_addr                    
2000cb35  malloc                                
2000cb3d  UtilsDelay                            
2000cb43  _system_pre_init                      
2000cb47  C$$EXIT                               
2000cb47  abort                                 
2000cb4c  _ctypes_                              
2000cecc  OpcodeTranslateTable                  
2000cf08  _SlActionLookupTable                  
2000d0c4  _SlNetAppSendTokenValueCmdCtrl        
2000d108  __TI_static_base__                    
2000d16c  __TI_Handler_Table_Base               
2000d178  __TI_Handler_Table_Limit              
2000d180  __TI_CINIT_Base                       
2000d190  __TI_CINIT_Limit                      
20017000  __start___llvm_prf_cnts               
20017000  __stop___llvm_prf_cnts                
20017000  _sys_memory                           
2001f168  g_ucDinDout                           
2001f1b8  g_ucConnectionSSID                    
2001f1dc  g_ucConnectionBSSID                   
2001f1e8  RxIrqCnt                              
2001f1e9  g_bDeviceRestartIsRequired            
2001f1ea  g_cDummy                              
2001f1ec  RawData_Ping                          
2001f310  g__SlNonOsCB                          
2001f34c  g_SlDeviceStatus                      
2001f350  g_pCB                                 
2001f354  pPingCallBackFunc                     
2001f35c  g_SpiFd                               
2001f360  g_pHostIntHdl                         
2001f364  g_ucDMAEnabled                        
2001f368  _lock                                 
2001f36c  _unlock                               
2001f378  g_ulStatus                            
2001f37c  g_ulGatewayIP                         
2001f380  errno                                 
2002eb00  __stack                               
20030000  __STACK_END                           
ffffffff  __TI_pprof_out_hndl                   
ffffffff  __TI_prof_data_size                   
ffffffff  __TI_prof_data_start                  
ffffffff  __binit__                             
ffffffff  __c_args__                            
ffffffff  binit                                 
UNDEFED   __mpu_init                            
UNDEFED   _system_post_cinit                    

[251 symbols]
