<?xml version="1.0" encoding="ISO-8859-1" ?>
<link_info>
   <banner>TI ARM Linker PC v20.2.7.LTS</banner>
   <copyright>Copyright (c) 1996-2018 Texas Instruments Incorporated</copyright>
   <link_time>0x6447dc90</link_time>
   <link_errors>0x0</link_errors>
   <output_file>transceiver_mode2.out</output_file>
   <entry_point>
      <name>_c_int00_noargs</name>
      <address>0x2000b6e5</address>
   </entry_point>
   <input_file_list>
      <input_file id="fl-2">
         <path>.\</path>
         <kind>object</kind>
         <file>main2.obj</file>
         <name>main2.obj</name>
      </input_file>
      <input_file id="fl-3">
         <path>.\</path>
         <kind>object</kind>
         <file>network_common.obj</file>
         <name>network_common.obj</name>
      </input_file>
      <input_file id="fl-4">
         <path>.\</path>
         <kind>object</kind>
         <file>pinmux.obj</file>
         <name>pinmux.obj</name>
      </input_file>
      <input_file id="fl-5">
         <path>.\</path>
         <kind>object</kind>
         <file>startup_ccs.obj</file>
         <name>startup_ccs.obj</name>
      </input_file>
      <input_file id="fl-6">
         <path>.\</path>
         <kind>object</kind>
         <file>uart_if.obj</file>
         <name>uart_if.obj</name>
      </input_file>
      <input_file id="fl-c">
         <kind>object</kind>
         <file>&lt;internal&gt;</file>
         <name>&lt;internal&gt;</name>
      </input_file>
      <input_file id="fl-d">
         <path>C:\ti\CC3200SDK_1.5.0\cc3200-sdk\simplelink\ccs\NON_OS_debug\</path>
         <kind>archive</kind>
         <file>simplelink.a</file>
         <name>device.obj</name>
      </input_file>
      <input_file id="fl-e">
         <path>C:\ti\CC3200SDK_1.5.0\cc3200-sdk\simplelink\ccs\NON_OS_debug\</path>
         <kind>archive</kind>
         <file>simplelink.a</file>
         <name>driver.obj</name>
      </input_file>
      <input_file id="fl-f">
         <path>C:\ti\CC3200SDK_1.5.0\cc3200-sdk\simplelink\ccs\NON_OS_debug\</path>
         <kind>archive</kind>
         <file>simplelink.a</file>
         <name>netapp.obj</name>
      </input_file>
      <input_file id="fl-10">
         <path>C:\ti\CC3200SDK_1.5.0\cc3200-sdk\simplelink\ccs\NON_OS_debug\</path>
         <kind>archive</kind>
         <file>simplelink.a</file>
         <name>netcfg.obj</name>
      </input_file>
      <input_file id="fl-11">
         <path>C:\ti\CC3200SDK_1.5.0\cc3200-sdk\simplelink\ccs\NON_OS_debug\</path>
         <kind>archive</kind>
         <file>simplelink.a</file>
         <name>nonos.obj</name>
      </input_file>
      <input_file id="fl-12">
         <path>C:\ti\CC3200SDK_1.5.0\cc3200-sdk\simplelink\ccs\NON_OS_debug\</path>
         <kind>archive</kind>
         <file>simplelink.a</file>
         <name>socket.obj</name>
      </input_file>
      <input_file id="fl-13">
         <path>C:\ti\CC3200SDK_1.5.0\cc3200-sdk\simplelink\ccs\NON_OS_debug\</path>
         <kind>archive</kind>
         <file>simplelink.a</file>
         <name>wlan.obj</name>
      </input_file>
      <input_file id="fl-14">
         <path>C:\ti\CC3200SDK_1.5.0\cc3200-sdk\simplelink\ccs\NON_OS_debug\</path>
         <kind>archive</kind>
         <file>simplelink.a</file>
         <name>cc_pal.obj</name>
      </input_file>
      <input_file id="fl-15">
         <path>C:\ti\CC3200SDK_1.5.0\cc3200-sdk\driverlib\ccs\Release\</path>
         <kind>archive</kind>
         <file>driverlib.a</file>
         <name>interrupt.obj</name>
      </input_file>
      <input_file id="fl-16">
         <path>C:\ti\CC3200SDK_1.5.0\cc3200-sdk\driverlib\ccs\Release\</path>
         <kind>archive</kind>
         <file>driverlib.a</file>
         <name>pin.obj</name>
      </input_file>
      <input_file id="fl-17">
         <path>C:\ti\CC3200SDK_1.5.0\cc3200-sdk\driverlib\ccs\Release\</path>
         <kind>archive</kind>
         <file>driverlib.a</file>
         <name>prcm.obj</name>
      </input_file>
      <input_file id="fl-18">
         <path>C:\ti\CC3200SDK_1.5.0\cc3200-sdk\driverlib\ccs\Release\</path>
         <kind>archive</kind>
         <file>driverlib.a</file>
         <name>spi.obj</name>
      </input_file>
      <input_file id="fl-19">
         <path>C:\ti\CC3200SDK_1.5.0\cc3200-sdk\driverlib\ccs\Release\</path>
         <kind>archive</kind>
         <file>driverlib.a</file>
         <name>timer.obj</name>
      </input_file>
      <input_file id="fl-1a">
         <path>C:\ti\CC3200SDK_1.5.0\cc3200-sdk\driverlib\ccs\Release\</path>
         <kind>archive</kind>
         <file>driverlib.a</file>
         <name>uart.obj</name>
      </input_file>
      <input_file id="fl-1b">
         <path>C:\ti\CC3200SDK_1.5.0\cc3200-sdk\driverlib\ccs\Release\</path>
         <kind>archive</kind>
         <file>driverlib.a</file>
         <name>udma.obj</name>
      </input_file>
      <input_file id="fl-1c">
         <path>C:\ti\CC3200SDK_1.5.0\cc3200-sdk\driverlib\ccs\Release\</path>
         <kind>archive</kind>
         <file>driverlib.a</file>
         <name>utils.obj</name>
      </input_file>
      <input_file id="fl-1d">
         <path>C:\ti\CC3200SDK_1.5.0\cc3200-sdk\driverlib\ccs\Release\</path>
         <kind>archive</kind>
         <file>driverlib.a</file>
         <name>cpu.obj</name>
      </input_file>
      <input_file id="fl-1e">
         <path>C:\ti\CC3200SDK_1.5.0\cc3200-sdk\driverlib\ccs\Release\</path>
         <kind>archive</kind>
         <file>driverlib.a</file>
         <name>flash.obj</name>
      </input_file>
      <input_file id="fl-d4">
         <path>C:\ti\ccs1220\ccs\tools\compiler\ti-cgt-arm_20.2.7.LTS\lib\</path>
         <kind>archive</kind>
         <file>rtsv7M4_T_le_eabi.lib</file>
         <name>sprintf.c.obj</name>
      </input_file>
      <input_file id="fl-d5">
         <path>C:\ti\ccs1220\ccs\tools\compiler\ti-cgt-arm_20.2.7.LTS\lib\</path>
         <kind>archive</kind>
         <file>rtsv7M4_T_le_eabi.lib</file>
         <name>vsnprintf.c.obj</name>
      </input_file>
      <input_file id="fl-d6">
         <path>C:\ti\ccs1220\ccs\tools\compiler\ti-cgt-arm_20.2.7.LTS\lib\</path>
         <kind>archive</kind>
         <file>rtsv7M4_T_le_eabi.lib</file>
         <name>memcpy_t2.asm.obj</name>
      </input_file>
      <input_file id="fl-d7">
         <path>C:\ti\ccs1220\ccs\tools\compiler\ti-cgt-arm_20.2.7.LTS\lib\</path>
         <kind>archive</kind>
         <file>rtsv7M4_T_le_eabi.lib</file>
         <name>memset_t2.asm.obj</name>
      </input_file>
      <input_file id="fl-d8">
         <path>C:\ti\ccs1220\ccs\tools\compiler\ti-cgt-arm_20.2.7.LTS\lib\</path>
         <kind>archive</kind>
         <file>rtsv7M4_T_le_eabi.lib</file>
         <name>ull_div_t2.asm.obj</name>
      </input_file>
      <input_file id="fl-d9">
         <path>C:\ti\ccs1220\ccs\tools\compiler\ti-cgt-arm_20.2.7.LTS\lib\</path>
         <kind>archive</kind>
         <file>rtsv7M4_T_le_eabi.lib</file>
         <name>copy_zero_init.c.obj</name>
      </input_file>
      <input_file id="fl-da">
         <path>C:\ti\ccs1220\ccs\tools\compiler\ti-cgt-arm_20.2.7.LTS\lib\</path>
         <kind>archive</kind>
         <file>rtsv7M4_T_le_eabi.lib</file>
         <name>copy_decompress_none.c.obj</name>
      </input_file>
      <input_file id="fl-db">
         <path>C:\ti\ccs1220\ccs\tools\compiler\ti-cgt-arm_20.2.7.LTS\lib\</path>
         <kind>archive</kind>
         <file>rtsv7M4_T_le_eabi.lib</file>
         <name>copy_decompress_lzss.c.obj</name>
      </input_file>
      <input_file id="fl-dc">
         <path>C:\ti\ccs1220\ccs\tools\compiler\ti-cgt-arm_20.2.7.LTS\lib\</path>
         <kind>archive</kind>
         <file>rtsv7M4_T_le_eabi.lib</file>
         <name>localtim.c.obj</name>
      </input_file>
      <input_file id="fl-dd">
         <path>C:\ti\ccs1220\ccs\tools\compiler\ti-cgt-arm_20.2.7.LTS\lib\</path>
         <kind>archive</kind>
         <file>rtsv7M4_T_le_eabi.lib</file>
         <name>memmov.c.obj</name>
      </input_file>
      <input_file id="fl-de">
         <path>C:\ti\ccs1220\ccs\tools\compiler\ti-cgt-arm_20.2.7.LTS\lib\</path>
         <kind>archive</kind>
         <file>rtsv7M4_T_le_eabi.lib</file>
         <name>memory.c.obj</name>
      </input_file>
      <input_file id="fl-df">
         <path>C:\ti\ccs1220\ccs\tools\compiler\ti-cgt-arm_20.2.7.LTS\lib\</path>
         <kind>archive</kind>
         <file>rtsv7M4_T_le_eabi.lib</file>
         <name>mktime.c.obj</name>
      </input_file>
      <input_file id="fl-e0">
         <path>C:\ti\ccs1220\ccs\tools\compiler\ti-cgt-arm_20.2.7.LTS\lib\</path>
         <kind>archive</kind>
         <file>rtsv7M4_T_le_eabi.lib</file>
         <name>strcmp.c.obj</name>
      </input_file>
      <input_file id="fl-e1">
         <path>C:\ti\ccs1220\ccs\tools\compiler\ti-cgt-arm_20.2.7.LTS\lib\</path>
         <kind>archive</kind>
         <file>rtsv7M4_T_le_eabi.lib</file>
         <name>strlen.c.obj</name>
      </input_file>
      <input_file id="fl-e2">
         <path>C:\ti\ccs1220\ccs\tools\compiler\ti-cgt-arm_20.2.7.LTS\lib\</path>
         <kind>archive</kind>
         <file>rtsv7M4_T_le_eabi.lib</file>
         <name>tmzone.c.obj</name>
      </input_file>
      <input_file id="fl-e3">
         <path>C:\ti\ccs1220\ccs\tools\compiler\ti-cgt-arm_20.2.7.LTS\lib\</path>
         <kind>archive</kind>
         <file>rtsv7M4_T_le_eabi.lib</file>
         <name>boot_cortex_m.c.obj</name>
      </input_file>
      <input_file id="fl-e4">
         <path>C:\ti\ccs1220\ccs\tools\compiler\ti-cgt-arm_20.2.7.LTS\lib\</path>
         <kind>archive</kind>
         <file>rtsv7M4_T_le_eabi.lib</file>
         <name>time.c.obj</name>
      </input_file>
      <input_file id="fl-e5">
         <path>C:\ti\ccs1220\ccs\tools\compiler\ti-cgt-arm_20.2.7.LTS\lib\</path>
         <kind>archive</kind>
         <file>rtsv7M4_T_le_eabi.lib</file>
         <name>_printfi.c.obj</name>
      </input_file>
      <input_file id="fl-e6">
         <path>C:\ti\ccs1220\ccs\tools\compiler\ti-cgt-arm_20.2.7.LTS\lib\</path>
         <kind>archive</kind>
         <file>rtsv7M4_T_le_eabi.lib</file>
         <name>div0.asm.obj</name>
      </input_file>
      <input_file id="fl-e7">
         <path>C:\ti\ccs1220\ccs\tools\compiler\ti-cgt-arm_20.2.7.LTS\lib\</path>
         <kind>archive</kind>
         <file>rtsv7M4_T_le_eabi.lib</file>
         <name>fd_add_t2.asm.obj</name>
      </input_file>
      <input_file id="fl-e8">
         <path>C:\ti\ccs1220\ccs\tools\compiler\ti-cgt-arm_20.2.7.LTS\lib\</path>
         <kind>archive</kind>
         <file>rtsv7M4_T_le_eabi.lib</file>
         <name>fd_cmp_t2.asm.obj</name>
      </input_file>
      <input_file id="fl-e9">
         <path>C:\ti\ccs1220\ccs\tools\compiler\ti-cgt-arm_20.2.7.LTS\lib\</path>
         <kind>archive</kind>
         <file>rtsv7M4_T_le_eabi.lib</file>
         <name>fd_div_t2.asm.obj</name>
      </input_file>
      <input_file id="fl-ea">
         <path>C:\ti\ccs1220\ccs\tools\compiler\ti-cgt-arm_20.2.7.LTS\lib\</path>
         <kind>archive</kind>
         <file>rtsv7M4_T_le_eabi.lib</file>
         <name>fd_mul_t2.asm.obj</name>
      </input_file>
      <input_file id="fl-eb">
         <path>C:\ti\ccs1220\ccs\tools\compiler\ti-cgt-arm_20.2.7.LTS\lib\</path>
         <kind>archive</kind>
         <file>rtsv7M4_T_le_eabi.lib</file>
         <name>fd_toi_t2.asm.obj</name>
      </input_file>
      <input_file id="fl-ec">
         <path>C:\ti\ccs1220\ccs\tools\compiler\ti-cgt-arm_20.2.7.LTS\lib\</path>
         <kind>archive</kind>
         <file>rtsv7M4_T_le_eabi.lib</file>
         <name>i_tofd_t2.asm.obj</name>
      </input_file>
      <input_file id="fl-ed">
         <path>C:\ti\ccs1220\ccs\tools\compiler\ti-cgt-arm_20.2.7.LTS\lib\</path>
         <kind>archive</kind>
         <file>rtsv7M4_T_le_eabi.lib</file>
         <name>u_divt2.asm.obj</name>
      </input_file>
      <input_file id="fl-ee">
         <path>C:\ti\ccs1220\ccs\tools\compiler\ti-cgt-arm_20.2.7.LTS\lib\</path>
         <kind>archive</kind>
         <file>rtsv7M4_T_le_eabi.lib</file>
         <name>ll_div_t2.asm.obj</name>
      </input_file>
      <input_file id="fl-ef">
         <path>C:\ti\ccs1220\ccs\tools\compiler\ti-cgt-arm_20.2.7.LTS\lib\</path>
         <kind>archive</kind>
         <file>rtsv7M4_T_le_eabi.lib</file>
         <name>autoinit.c.obj</name>
      </input_file>
      <input_file id="fl-f0">
         <path>C:\ti\ccs1220\ccs\tools\compiler\ti-cgt-arm_20.2.7.LTS\lib\</path>
         <kind>archive</kind>
         <file>rtsv7M4_T_le_eabi.lib</file>
         <name>pre_init.c.obj</name>
      </input_file>
      <input_file id="fl-f1">
         <path>C:\ti\ccs1220\ccs\tools\compiler\ti-cgt-arm_20.2.7.LTS\lib\</path>
         <kind>archive</kind>
         <file>rtsv7M4_T_le_eabi.lib</file>
         <name>cpy_tbl.c.obj</name>
      </input_file>
      <input_file id="fl-f2">
         <path>C:\ti\ccs1220\ccs\tools\compiler\ti-cgt-arm_20.2.7.LTS\lib\</path>
         <kind>archive</kind>
         <file>rtsv7M4_T_le_eabi.lib</file>
         <name>exit.c.obj</name>
      </input_file>
      <input_file id="fl-f3">
         <path>C:\ti\ccs1220\ccs\tools\compiler\ti-cgt-arm_20.2.7.LTS\lib\</path>
         <kind>archive</kind>
         <file>rtsv7M4_T_le_eabi.lib</file>
         <name>_lock.c.obj</name>
      </input_file>
      <input_file id="fl-f4">
         <path>C:\ti\ccs1220\ccs\tools\compiler\ti-cgt-arm_20.2.7.LTS\lib\</path>
         <kind>archive</kind>
         <file>rtsv7M4_T_le_eabi.lib</file>
         <name>_ltoa.c.obj</name>
      </input_file>
      <input_file id="fl-f5">
         <path>C:\ti\ccs1220\ccs\tools\compiler\ti-cgt-arm_20.2.7.LTS\lib\</path>
         <kind>archive</kind>
         <file>rtsv7M4_T_le_eabi.lib</file>
         <name>args_main.c.obj</name>
      </input_file>
      <input_file id="fl-f6">
         <path>C:\ti\ccs1220\ccs\tools\compiler\ti-cgt-arm_20.2.7.LTS\lib\</path>
         <kind>archive</kind>
         <file>rtsv7M4_T_le_eabi.lib</file>
         <name>atoi.c.obj</name>
      </input_file>
      <input_file id="fl-f7">
         <path>C:\ti\ccs1220\ccs\tools\compiler\ti-cgt-arm_20.2.7.LTS\lib\</path>
         <kind>archive</kind>
         <file>rtsv7M4_T_le_eabi.lib</file>
         <name>ctype.c.obj</name>
      </input_file>
      <input_file id="fl-f8">
         <path>C:\ti\ccs1220\ccs\tools\compiler\ti-cgt-arm_20.2.7.LTS\lib\</path>
         <kind>archive</kind>
         <file>rtsv7M4_T_le_eabi.lib</file>
         <name>memccpy.c.obj</name>
      </input_file>
      <input_file id="fl-f9">
         <path>C:\ti\ccs1220\ccs\tools\compiler\ti-cgt-arm_20.2.7.LTS\lib\</path>
         <kind>archive</kind>
         <file>rtsv7M4_T_le_eabi.lib</file>
         <name>strchr.c.obj</name>
      </input_file>
      <input_file id="fl-fa">
         <path>C:\ti\ccs1220\ccs\tools\compiler\ti-cgt-arm_20.2.7.LTS\lib\</path>
         <kind>archive</kind>
         <file>rtsv7M4_T_le_eabi.lib</file>
         <name>hosttime.c.obj</name>
      </input_file>
      <input_file id="fl-fb">
         <path>C:\ti\ccs1220\ccs\tools\compiler\ti-cgt-arm_20.2.7.LTS\lib\</path>
         <kind>archive</kind>
         <file>rtsv7M4_T_le_eabi.lib</file>
         <name>trgmsg.c.obj</name>
      </input_file>
      <input_file id="fl-fc">
         <path>C:\ti\ccs1220\ccs\tools\compiler\ti-cgt-arm_20.2.7.LTS\lib\</path>
         <kind>archive</kind>
         <file>rtsv7M4_T_le_eabi.lib</file>
         <name>errno.c.obj</name>
      </input_file>
      <input_file id="fl-fd">
         <path>C:\ti\ccs1220\ccs\tools\compiler\ti-cgt-arm_20.2.7.LTS\lib\</path>
         <kind>archive</kind>
         <file>rtsv7M4_T_le_eabi.lib</file>
         <name>wcslen.c.obj</name>
      </input_file>
      <input_file id="fl-fe">
         <path>C:\ti\ccs1220\ccs\tools\compiler\ti-cgt-arm_20.2.7.LTS\lib\</path>
         <kind>archive</kind>
         <file>rtsv7M4_T_le_eabi.lib</file>
         <name>s_frexp.c.obj</name>
      </input_file>
      <input_file id="fl-ff">
         <path>C:\ti\ccs1220\ccs\tools\compiler\ti-cgt-arm_20.2.7.LTS\lib\</path>
         <kind>archive</kind>
         <file>rtsv7M4_T_le_eabi.lib</file>
         <name>s_scalbn.c.obj</name>
      </input_file>
      <input_file id="fl-100">
         <path>C:\ti\ccs1220\ccs\tools\compiler\ti-cgt-arm_20.2.7.LTS\lib\</path>
         <kind>archive</kind>
         <file>rtsv7M4_T_le_eabi.lib</file>
         <name>hostopen.c.obj</name>
      </input_file>
      <input_file id="fl-101">
         <path>C:\ti\ccs1220\ccs\tools\compiler\ti-cgt-arm_20.2.7.LTS\lib\</path>
         <kind>archive</kind>
         <file>rtsv7M4_T_le_eabi.lib</file>
         <name>s_copysign.c.obj</name>
      </input_file>
   </input_file_list>
   <object_component_list>
      <object_component id="oc-12">
         <name>.intvecs</name>
         <load_address>0x20004000</load_address>
         <run_address>0x20004000</run_address>
         <size>0x400</size>
         <input_file_ref idref="fl-5"/>
      </object_component>
      <object_component id="oc-329">
         <name>.text:__TI_printfi</name>
         <load_address>0x20004400</load_address>
         <run_address>0x20004400</run_address>
         <size>0xa4e</size>
         <input_file_ref idref="fl-e5"/>
      </object_component>
      <object_component id="oc-662">
         <name>.text:IntDefaultHandler</name>
         <load_address>0x20004e4e</load_address>
         <run_address>0x20004e4e</run_address>
         <size>0x2</size>
         <input_file_ref idref="fl-15"/>
      </object_component>
      <object_component id="oc-97">
         <name>.text</name>
         <load_address>0x20004e50</load_address>
         <run_address>0x20004e50</run_address>
         <size>0xa44</size>
         <input_file_ref idref="fl-2"/>
      </object_component>
      <object_component id="oc-674">
         <name>.text:_SlDrvMsgRead</name>
         <load_address>0x20005894</load_address>
         <run_address>0x20005894</run_address>
         <size>0x590</size>
         <input_file_ref idref="fl-e"/>
      </object_component>
      <object_component id="oc-169">
         <name>.text:__mktime32</name>
         <load_address>0x20005e24</load_address>
         <run_address>0x20005e24</run_address>
         <size>0x2a0</size>
         <input_file_ref idref="fl-df"/>
      </object_component>
      <object_component id="oc-c5">
         <name>.text</name>
         <load_address>0x200060c4</load_address>
         <run_address>0x200060c4</run_address>
         <size>0x27c</size>
         <input_file_ref idref="fl-6"/>
      </object_component>
      <object_component id="oc-55f">
         <name>.text:_pconv_a</name>
         <load_address>0x20006340</load_address>
         <run_address>0x20006340</run_address>
         <size>0x268</size>
         <input_file_ref idref="fl-e5"/>
      </object_component>
      <object_component id="oc-758">
         <name>.text:_SlDrvRxHdrRead</name>
         <load_address>0x200065a8</load_address>
         <run_address>0x200065a8</run_address>
         <size>0x248</size>
         <input_file_ref idref="fl-e"/>
      </object_component>
      <object_component id="oc-353">
         <name>.text:_SlDrvDataReadOp</name>
         <load_address>0x200067f0</load_address>
         <run_address>0x200067f0</run_address>
         <size>0x1e4</size>
         <input_file_ref idref="fl-e"/>
      </object_component>
      <object_component id="oc-25f">
         <name>.text:_SlDrvReleasePoolObj</name>
         <load_address>0x200069d4</load_address>
         <run_address>0x200069d4</run_address>
         <size>0x1d0</size>
         <input_file_ref idref="fl-e"/>
      </object_component>
      <object_component id="oc-54d">
         <name>.text:_pconv_g</name>
         <load_address>0x20006ba4</load_address>
         <run_address>0x20006ba4</run_address>
         <size>0x1cc</size>
         <input_file_ref idref="fl-e5"/>
      </object_component>
      <object_component id="oc-6cc">
         <name>.text</name>
         <load_address>0x20006d70</load_address>
         <run_address>0x20006d70</run_address>
         <size>0x1b6</size>
         <input_file_ref idref="fl-e7"/>
      </object_component>
      <object_component id="oc-5e8">
         <name>.text:_nop</name>
         <load_address>0x20006f26</load_address>
         <run_address>0x20006f26</run_address>
         <size>0x2</size>
         <input_file_ref idref="fl-f3"/>
      </object_component>
      <object_component id="oc-235">
         <name>.text:_SlDrvDriverCBInit</name>
         <load_address>0x20006f28</load_address>
         <run_address>0x20006f28</run_address>
         <size>0x1b4</size>
         <input_file_ref idref="fl-e"/>
      </object_component>
      <object_component id="oc-4e5">
         <name>.text:_SlDrvMsgWrite</name>
         <load_address>0x200070dc</load_address>
         <run_address>0x200070dc</run_address>
         <size>0x19c</size>
         <input_file_ref idref="fl-e"/>
      </object_component>
      <object_component id="oc-46c">
         <name>.text:_SlDrvWaitForPoolObj</name>
         <load_address>0x20007278</load_address>
         <run_address>0x20007278</run_address>
         <size>0x190</size>
         <input_file_ref idref="fl-e"/>
      </object_component>
      <object_component id="oc-133">
         <name>.text:PRCMCC3200MCUInit</name>
         <load_address>0x20007408</load_address>
         <run_address>0x20007408</run_address>
         <size>0x178</size>
         <input_file_ref idref="fl-17"/>
      </object_component>
      <object_component id="oc-76a">
         <name>.text:_SlFindAndSetActiveObj</name>
         <load_address>0x20007580</load_address>
         <run_address>0x20007580</run_address>
         <size>0x170</size>
         <input_file_ref idref="fl-e"/>
      </object_component>
      <object_component id="oc-23b">
         <name>.text:spi_Open</name>
         <load_address>0x200076f0</load_address>
         <run_address>0x200076f0</run_address>
         <size>0x148</size>
         <input_file_ref idref="fl-14"/>
      </object_component>
      <object_component id="oc-4eb">
         <name>.text:_SlDrvMsgReadCmdCtx</name>
         <load_address>0x20007838</load_address>
         <run_address>0x20007838</run_address>
         <size>0x144</size>
         <input_file_ref idref="fl-e"/>
      </object_component>
      <object_component id="oc-559">
         <name>.text:_pconv_e</name>
         <load_address>0x2000797c</load_address>
         <run_address>0x2000797c</run_address>
         <size>0x13c</size>
         <input_file_ref idref="fl-e5"/>
      </object_component>
      <object_component id="oc-6b2">
         <name>.text</name>
         <load_address>0x20007ab8</load_address>
         <run_address>0x20007ab8</run_address>
         <size>0x136</size>
         <input_file_ref idref="fl-e9"/>
      </object_component>
      <object_component id="oc-5be">
         <name>.text</name>
         <load_address>0x20007bee</load_address>
         <run_address>0x20007bee</run_address>
         <size>0x2</size>
         <input_file_ref idref="fl-e6"/>
      </object_component>
      <object_component id="oc-163">
         <name>.text:__localtime32</name>
         <load_address>0x20007bf0</load_address>
         <run_address>0x20007bf0</run_address>
         <size>0x134</size>
         <input_file_ref idref="fl-dc"/>
      </object_component>
      <object_component id="oc-2a4">
         <name>.text:_SlDrvDriverCBDeinit</name>
         <load_address>0x20007d24</load_address>
         <run_address>0x20007d24</run_address>
         <size>0x130</size>
         <input_file_ref idref="fl-e"/>
      </object_component>
      <object_component id="oc-6de">
         <name>.text:fcvt</name>
         <load_address>0x20007e54</load_address>
         <run_address>0x20007e54</run_address>
         <size>0x120</size>
         <input_file_ref idref="fl-e5"/>
      </object_component>
      <object_component id="oc-7eb">
         <name>.text:_SlDrvNetAppEventHandler</name>
         <load_address>0x20007f74</load_address>
         <run_address>0x20007f74</run_address>
         <size>0x104</size>
         <input_file_ref idref="fl-f"/>
      </object_component>
      <object_component id="oc-320">
         <name>.text:aligned_alloc</name>
         <load_address>0x20008078</load_address>
         <run_address>0x20008078</run_address>
         <size>0x100</size>
         <input_file_ref idref="fl-de"/>
      </object_component>
      <object_component id="oc-6ad">
         <name>.text</name>
         <load_address>0x20008178</load_address>
         <run_address>0x20008178</run_address>
         <size>0xfc</size>
         <input_file_ref idref="fl-ea"/>
      </object_component>
      <object_component id="oc-d2">
         <name>.text:sl_Start</name>
         <load_address>0x20008274</load_address>
         <run_address>0x20008274</run_address>
         <size>0xf0</size>
         <input_file_ref idref="fl-d"/>
      </object_component>
      <object_component id="oc-e4">
         <name>.text:sl_Stop</name>
         <load_address>0x20008364</load_address>
         <run_address>0x20008364</run_address>
         <size>0xf0</size>
         <input_file_ref idref="fl-d"/>
      </object_component>
      <object_component id="oc-764">
         <name>.text:spi_Read</name>
         <load_address>0x20008454</load_address>
         <run_address>0x20008454</run_address>
         <size>0xf0</size>
         <input_file_ref idref="fl-14"/>
      </object_component>
      <object_component id="oc-8a5">
         <name>.text:uDMAChannelTransferSet</name>
         <load_address>0x20008544</load_address>
         <run_address>0x20008544</run_address>
         <size>0xf0</size>
         <input_file_ref idref="fl-1b"/>
      </object_component>
      <object_component id="oc-67a">
         <name>.text:_SlAsyncEventGenericHandler</name>
         <load_address>0x20008634</load_address>
         <run_address>0x20008634</run_address>
         <size>0xe8</size>
         <input_file_ref idref="fl-e"/>
      </object_component>
      <object_component id="oc-4cc">
         <name>.text:_SlDrvMsgReadSpawnCtx</name>
         <load_address>0x2000871c</load_address>
         <run_address>0x2000871c</run_address>
         <size>0xe8</size>
         <input_file_ref idref="fl-e"/>
      </object_component>
      <object_component id="oc-1f3">
         <name>.text:free</name>
         <load_address>0x20008804</load_address>
         <run_address>0x20008804</run_address>
         <size>0xe4</size>
         <input_file_ref idref="fl-de"/>
      </object_component>
      <object_component id="oc-1ed">
         <name>.text:realloc</name>
         <load_address>0x200088e8</load_address>
         <run_address>0x200088e8</run_address>
         <size>0xe4</size>
         <input_file_ref idref="fl-de"/>
      </object_component>
      <object_component id="oc-2df">
         <name>.text:sl_NetAppMDNSRegisterUnregisterService</name>
         <load_address>0x200089cc</load_address>
         <run_address>0x200089cc</run_address>
         <size>0xe4</size>
         <input_file_ref idref="fl-f"/>
      </object_component>
      <object_component id="oc-75e">
         <name>.text:_SlDrvClassifyRxMsg</name>
         <load_address>0x20008ab0</load_address>
         <run_address>0x20008ab0</run_address>
         <size>0xdc</size>
         <input_file_ref idref="fl-e"/>
      </object_component>
      <object_component id="oc-6f2">
         <name>.text:scalbn</name>
         <load_address>0x20008b8c</load_address>
         <run_address>0x20008b8c</run_address>
         <size>0xd0</size>
         <input_file_ref idref="fl-ff"/>
      </object_component>
      <object_component id="oc-863">
         <name>.text:_sl_HandleAsync_DnsGetHostByService</name>
         <load_address>0x20008c5c</load_address>
         <run_address>0x20008c5c</run_address>
         <size>0xcc</size>
         <input_file_ref idref="fl-f"/>
      </object_component>
      <object_component id="oc-ea">
         <name>.text:sl_DevGet</name>
         <load_address>0x20008d28</load_address>
         <run_address>0x20008d28</run_address>
         <size>0xcc</size>
         <input_file_ref idref="fl-d"/>
      </object_component>
      <object_component id="oc-4a7">
         <name>.text:_SlRemoveFromList</name>
         <load_address>0x20008df4</load_address>
         <run_address>0x20008df4</run_address>
         <size>0xc4</size>
         <input_file_ref idref="fl-e"/>
      </object_component>
      <object_component id="oc-288">
         <name>.text:_SlDrvCmdOp</name>
         <load_address>0x20008eb8</load_address>
         <run_address>0x20008eb8</run_address>
         <size>0xc0</size>
         <input_file_ref idref="fl-e"/>
      </object_component>
      <object_component id="oc-542">
         <name>.text:_ltostr</name>
         <load_address>0x20008f78</load_address>
         <run_address>0x20008f78</run_address>
         <size>0xb1</size>
         <input_file_ref idref="fl-e5"/>
      </object_component>
      <object_component id="oc-400">
         <name>.text:_SlNonOsSemGet</name>
         <load_address>0x2000902c</load_address>
         <run_address>0x2000902c</run_address>
         <size>0xb0</size>
         <input_file_ref idref="fl-11"/>
      </object_component>
      <object_component id="oc-486">
         <name>.text:IntDisable</name>
         <load_address>0x200090dc</load_address>
         <run_address>0x200090dc</run_address>
         <size>0xa8</size>
         <input_file_ref idref="fl-15"/>
      </object_component>
      <object_component id="oc-12d">
         <name>.text:IntEnable</name>
         <load_address>0x20009184</load_address>
         <run_address>0x20009184</run_address>
         <size>0xa8</size>
         <input_file_ref idref="fl-15"/>
      </object_component>
      <object_component id="oc-4a0">
         <name>.text:_SlDriverHandleError</name>
         <load_address>0x2000922c</load_address>
         <run_address>0x2000922c</run_address>
         <size>0xa4</size>
         <input_file_ref idref="fl-e"/>
      </object_component>
      <object_component id="oc-41d">
         <name>.text:SPIConfigSetExpClk</name>
         <load_address>0x200092d0</load_address>
         <run_address>0x200092d0</run_address>
         <size>0xa0</size>
         <input_file_ref idref="fl-18"/>
      </object_component>
      <object_component id="oc-157">
         <name>.text:sl_Recv</name>
         <load_address>0x20009370</load_address>
         <run_address>0x20009370</run_address>
         <size>0xa0</size>
         <input_file_ref idref="fl-12"/>
      </object_component>
      <object_component id="oc-3d">
         <name>.text</name>
         <load_address>0x20009410</load_address>
         <run_address>0x20009410</run_address>
         <size>0x9c</size>
         <input_file_ref idref="fl-d6"/>
      </object_component>
      <object_component id="oc-849">
         <name>.text:_SlDrvDeviceEventHandler</name>
         <load_address>0x200094ac</load_address>
         <run_address>0x200094ac</run_address>
         <size>0x9a</size>
         <input_file_ref idref="fl-d"/>
      </object_component>
      <object_component id="oc-102">
         <name>.text:sl_NetCfgSet</name>
         <load_address>0x20009548</load_address>
         <run_address>0x20009548</run_address>
         <size>0x98</size>
         <input_file_ref idref="fl-10"/>
      </object_component>
      <object_component id="oc-108">
         <name>.text:sl_WlanSet</name>
         <load_address>0x200095e0</load_address>
         <run_address>0x200095e0</run_address>
         <size>0x98</size>
         <input_file_ref idref="fl-13"/>
      </object_component>
      <object_component id="oc-683">
         <name>.text:spi_Write</name>
         <load_address>0x20009678</load_address>
         <run_address>0x20009678</run_address>
         <size>0x98</size>
         <input_file_ref idref="fl-14"/>
      </object_component>
      <object_component id="oc-5cf">
         <name>.text</name>
         <load_address>0x20009710</load_address>
         <run_address>0x20009710</run_address>
         <size>0x96</size>
         <input_file_ref idref="fl-d8"/>
      </object_component>
      <object_component id="oc-1c3">
         <name>.text:PRCMPeripheralClockGet</name>
         <load_address>0x200097a8</load_address>
         <run_address>0x200097a8</run_address>
         <size>0x94</size>
         <input_file_ref idref="fl-17"/>
      </object_component>
      <object_component id="oc-85d">
         <name>.text:_sl_HandleAsync_DnsGetHostByName</name>
         <load_address>0x2000983c</load_address>
         <run_address>0x2000983c</run_address>
         <size>0x90</size>
         <input_file_ref idref="fl-f"/>
      </object_component>
      <object_component id="oc-7f1">
         <name>.text:_sl_HandleAsync_PingResponse</name>
         <load_address>0x200098cc</load_address>
         <run_address>0x200098cc</run_address>
         <size>0x90</size>
         <input_file_ref idref="fl-f"/>
      </object_component>
      <object_component id="oc-f0">
         <name>.text:sl_WlanPolicySet</name>
         <load_address>0x2000995c</load_address>
         <run_address>0x2000995c</run_address>
         <size>0x90</size>
         <input_file_ref idref="fl-13"/>
      </object_component>
      <object_component id="oc-7f8">
         <name>.text:SetupDMAReceive</name>
         <load_address>0x200099ec</load_address>
         <run_address>0x200099ec</run_address>
         <size>0x8c</size>
         <input_file_ref idref="fl-14"/>
      </object_component>
      <object_component id="oc-775">
         <name>.text:SetupDMASend</name>
         <load_address>0x20009a78</load_address>
         <run_address>0x20009a78</run_address>
         <size>0x8c</size>
         <input_file_ref idref="fl-14"/>
      </object_component>
      <object_component id="oc-61c">
         <name>.text:_SlDrvIsTimeoutExpired</name>
         <load_address>0x20009b04</load_address>
         <run_address>0x20009b04</run_address>
         <size>0x8c</size>
         <input_file_ref idref="fl-e"/>
      </object_component>
      <object_component id="oc-8b6">
         <name>.text:_sl_HandleAsync_InitComplete</name>
         <load_address>0x20009b90</load_address>
         <run_address>0x20009b90</run_address>
         <size>0x8c</size>
         <input_file_ref idref="fl-d"/>
      </object_component>
      <object_component id="oc-14b">
         <name>.text:sl_Socket</name>
         <load_address>0x20009c1c</load_address>
         <run_address>0x20009c1c</run_address>
         <size>0x8c</size>
         <input_file_ref idref="fl-12"/>
      </object_component>
      <object_component id="oc-5df">
         <name>.text:PinConfigSet</name>
         <load_address>0x20009ca8</load_address>
         <run_address>0x20009ca8</run_address>
         <size>0x88</size>
         <input_file_ref idref="fl-16"/>
      </object_component>
      <object_component id="oc-548">
         <name>.text:__aeabi_cdcmple</name>
         <load_address>0x20009d30</load_address>
         <run_address>0x20009d30</run_address>
         <size>0x86</size>
         <input_file_ref idref="fl-e8"/>
      </object_component>
      <object_component id="oc-6b7">
         <name>.text:__aeabi_cdrcmple</name>
         <load_address>0x20009db6</load_address>
         <run_address>0x20009db6</run_address>
         <size>0x86</size>
         <input_file_ref idref="fl-e8"/>
      </object_component>
      <object_component id="oc-22f">
         <name>.text:NwpPowerOnPreamble</name>
         <load_address>0x20009e3c</load_address>
         <run_address>0x20009e3c</run_address>
         <size>0x84</size>
         <input_file_ref idref="fl-14"/>
      </object_component>
      <object_component id="oc-114">
         <name>.text:sl_WlanRxFilterSet</name>
         <load_address>0x20009ec0</load_address>
         <run_address>0x20009ec0</run_address>
         <size>0x84</size>
         <input_file_ref idref="fl-13"/>
      </object_component>
      <object_component id="oc-885">
         <name>.text:_sl_HandleAsync_Connect</name>
         <load_address>0x20009f44</load_address>
         <run_address>0x20009f44</run_address>
         <size>0x80</size>
         <input_file_ref idref="fl-12"/>
      </object_component>
      <object_component id="oc-7fe">
         <name>.text:spi_Read_CPU</name>
         <load_address>0x20009fc4</load_address>
         <run_address>0x20009fc4</run_address>
         <size>0x80</size>
         <input_file_ref idref="fl-14"/>
      </object_component>
      <object_component id="oc-787">
         <name>.text:spi_Write_CPU</name>
         <load_address>0x2000a044</load_address>
         <run_address>0x2000a044</run_address>
         <size>0x80</size>
         <input_file_ref idref="fl-14"/>
      </object_component>
      <object_component id="oc-8b">
         <name>.text</name>
         <load_address>0x2000a0c4</load_address>
         <run_address>0x2000a0c4</run_address>
         <size>0x7a</size>
         <input_file_ref idref="fl-d7"/>
      </object_component>
      <object_component id="oc-29e">
         <name>.text:spi_Close</name>
         <load_address>0x2000a140</load_address>
         <run_address>0x2000a140</run_address>
         <size>0x78</size>
         <input_file_ref idref="fl-14"/>
      </object_component>
      <object_component id="oc-1c9">
         <name>.text:UARTConfigSetExpClk</name>
         <load_address>0x2000a1b8</load_address>
         <run_address>0x2000a1b8</run_address>
         <size>0x76</size>
         <input_file_ref idref="fl-1a"/>
      </object_component>
      <object_component id="oc-d8">
         <name>.text:_SlNonOsMainLoopTask</name>
         <load_address>0x2000a230</load_address>
         <run_address>0x2000a230</run_address>
         <size>0x74</size>
         <input_file_ref idref="fl-11"/>
      </object_component>
      <object_component id="oc-3da">
         <name>.text:split</name>
         <load_address>0x2000a2a4</load_address>
         <run_address>0x2000a2a4</run_address>
         <size>0x70</size>
         <input_file_ref idref="fl-de"/>
      </object_component>
      <object_component id="oc-6d7">
         <name>.text:_mcpy</name>
         <load_address>0x2000a314</load_address>
         <run_address>0x2000a314</run_address>
         <size>0x6e</size>
         <input_file_ref idref="fl-e5"/>
      </object_component>
      <object_component id="oc-372">
         <name>.text</name>
         <load_address>0x2000a382</load_address>
         <run_address>0x2000a382</run_address>
         <size>0x6e</size>
         <input_file_ref idref="fl-ee"/>
      </object_component>
      <object_component id="oc-8ce">
         <name>.text:_SlDrvCmdSend</name>
         <load_address>0x2000a3f0</load_address>
         <run_address>0x2000a3f0</run_address>
         <size>0x6c</size>
         <input_file_ref idref="fl-e"/>
      </object_component>
      <object_component id="oc-86f">
         <name>.text:_sl_NetAppSendTokenValue</name>
         <load_address>0x2000a45c</load_address>
         <run_address>0x2000a45c</run_address>
         <size>0x6c</size>
         <input_file_ref idref="fl-f"/>
      </object_component>
      <object_component id="oc-15">
         <name>.text:decompress:lzss:__TI_decompress_lzss</name>
         <load_address>0x2000a4c8</load_address>
         <run_address>0x2000a4c8</run_address>
         <size>0x68</size>
         <input_file_ref idref="fl-db"/>
      </object_component>
      <object_component id="oc-4c6">
         <name>.text:_SlNonOsSpawn</name>
         <load_address>0x2000a530</load_address>
         <run_address>0x2000a530</run_address>
         <size>0x64</size>
         <input_file_ref idref="fl-11"/>
      </object_component>
      <object_component id="oc-87f">
         <name>.text:_sl_HandleAsync_Accept</name>
         <load_address>0x2000a594</load_address>
         <run_address>0x2000a594</run_address>
         <size>0x64</size>
         <input_file_ref idref="fl-12"/>
      </object_component>
      <object_component id="oc-10e">
         <name>.text:sl_NetAppMDNSUnRegisterService</name>
         <load_address>0x2000a5f8</load_address>
         <run_address>0x2000a5f8</run_address>
         <size>0x64</size>
         <input_file_ref idref="fl-f"/>
      </object_component>
      <object_component id="oc-633">
         <name>.text:uDMAChannelAttributeDisable</name>
         <load_address>0x2000a65c</load_address>
         <run_address>0x2000a65c</run_address>
         <size>0x64</size>
         <input_file_ref idref="fl-1b"/>
      </object_component>
      <object_component id="oc-89f">
         <name>.text:uDMAChannelAttributeEnable</name>
         <load_address>0x2000a6c0</load_address>
         <run_address>0x2000a6c0</run_address>
         <size>0x64</size>
         <input_file_ref idref="fl-1b"/>
      </object_component>
      <object_component id="oc-f6">
         <name>.text:sl_WlanProfileDel</name>
         <load_address>0x2000a724</load_address>
         <run_address>0x2000a724</run_address>
         <size>0x60</size>
         <input_file_ref idref="fl-13"/>
      </object_component>
      <object_component id="oc-de">
         <name>.text:sl_WlanSetMode</name>
         <load_address>0x2000a784</load_address>
         <run_address>0x2000a784</run_address>
         <size>0x60</size>
         <input_file_ref idref="fl-13"/>
      </object_component>
      <object_component id="oc-6ec">
         <name>.text:frexp</name>
         <load_address>0x2000a7e4</load_address>
         <run_address>0x2000a7e4</run_address>
         <size>0x5c</size>
         <input_file_ref idref="fl-fe"/>
      </object_component>
      <object_component id="oc-492">
         <name>.text:IntPendClear</name>
         <load_address>0x2000a840</load_address>
         <run_address>0x2000a840</run_address>
         <size>0x58</size>
         <input_file_ref idref="fl-15"/>
      </object_component>
      <object_component id="oc-313">
         <name>.text:PRCMPeripheralReset</name>
         <load_address>0x2000a898</load_address>
         <run_address>0x2000a898</run_address>
         <size>0x58</size>
         <input_file_ref idref="fl-17"/>
      </object_component>
      <object_component id="oc-553">
         <name>.text:_pconv_f</name>
         <load_address>0x2000a8f0</load_address>
         <run_address>0x2000a8f0</run_address>
         <size>0x56</size>
         <input_file_ref idref="fl-e5"/>
      </object_component>
      <object_component id="oc-447">
         <name>.text:IntPrioritySet</name>
         <load_address>0x2000a948</load_address>
         <run_address>0x2000a948</run_address>
         <size>0x54</size>
         <input_file_ref idref="fl-15"/>
      </object_component>
      <object_component id="oc-271">
         <name>.text:_SlDrvRxIrqHandler</name>
         <load_address>0x2000a99c</load_address>
         <run_address>0x2000a99c</run_address>
         <size>0x54</size>
         <input_file_ref idref="fl-e"/>
      </object_component>
      <object_component id="oc-6c1">
         <name>.text:__TI_ltoa</name>
         <load_address>0x2000a9f0</load_address>
         <run_address>0x2000a9f0</run_address>
         <size>0x54</size>
         <input_file_ref idref="fl-f4"/>
      </object_component>
      <object_component id="oc-88b">
         <name>.text:_sl_HandleAsync_Select</name>
         <load_address>0x2000aa44</load_address>
         <run_address>0x2000aa44</run_address>
         <size>0x54</size>
         <input_file_ref idref="fl-12"/>
      </object_component>
      <object_component id="oc-6d1">
         <name>.text:_ecpy</name>
         <load_address>0x2000aa98</load_address>
         <run_address>0x2000aa98</run_address>
         <size>0x52</size>
         <input_file_ref idref="fl-e5"/>
      </object_component>
      <object_component id="oc-891">
         <name>.text:_sl_HandleAsync_Stop</name>
         <load_address>0x2000aaec</load_address>
         <run_address>0x2000aaec</run_address>
         <size>0x50</size>
         <input_file_ref idref="fl-d"/>
      </object_component>
      <object_component id="oc-44d">
         <name>.text:SPIIntEnable</name>
         <load_address>0x2000ab3c</load_address>
         <run_address>0x2000ab3c</run_address>
         <size>0x4c</size>
         <input_file_ref idref="fl-18"/>
      </object_component>
      <object_component id="oc-68e">
         <name>.text:SPIIntNumberGet</name>
         <load_address>0x2000ab88</load_address>
         <run_address>0x2000ab88</run_address>
         <size>0x4c</size>
         <input_file_ref idref="fl-18"/>
      </object_component>
      <object_component id="oc-241">
         <name>.text:_SlDrvProtectAsyncRespSetting</name>
         <load_address>0x2000abd4</load_address>
         <run_address>0x2000abd4</run_address>
         <size>0x4c</size>
         <input_file_ref idref="fl-e"/>
      </object_component>
      <object_component id="oc-53c">
         <name>.text:atoi</name>
         <load_address>0x2000ac20</load_address>
         <run_address>0x2000ac20</run_address>
         <size>0x4c</size>
         <input_file_ref idref="fl-f6"/>
      </object_component>
      <object_component id="oc-62d">
         <name>.text:uDMAChannelAssign</name>
         <load_address>0x2000ac6c</load_address>
         <run_address>0x2000ac6c</run_address>
         <size>0x4c</size>
         <input_file_ref idref="fl-1b"/>
      </object_component>
      <object_component id="oc-346">
         <name>.text:HOSTtime</name>
         <load_address>0x2000acb8</load_address>
         <run_address>0x2000acb8</run_address>
         <size>0x48</size>
         <input_file_ref idref="fl-fa"/>
      </object_component>
      <object_component id="oc-653">
         <name>.text:SPIIntClear</name>
         <load_address>0x2000ad00</load_address>
         <run_address>0x2000ad00</run_address>
         <size>0x48</size>
         <input_file_ref idref="fl-18"/>
      </object_component>
      <object_component id="oc-2ca">
         <name>.text:_SlDrvBasicCmd</name>
         <load_address>0x2000ad48</load_address>
         <run_address>0x2000ad48</run_address>
         <size>0x48</size>
         <input_file_ref idref="fl-e"/>
      </object_component>
      <object_component id="oc-6bc">
         <name>.text</name>
         <load_address>0x2000ad90</load_address>
         <run_address>0x2000ad90</run_address>
         <size>0x48</size>
         <input_file_ref idref="fl-eb"/>
      </object_component>
      <object_component id="oc-642">
         <name>.text:SPIDmaMaskGet</name>
         <load_address>0x2000add8</load_address>
         <run_address>0x2000add8</run_address>
         <size>0x44</size>
         <input_file_ref idref="fl-18"/>
      </object_component>
      <object_component id="oc-829">
         <name>.text:TimerConfigure</name>
         <load_address>0x2000ae1c</load_address>
         <run_address>0x2000ae1c</run_address>
         <size>0x44</size>
         <input_file_ref idref="fl-19"/>
      </object_component>
      <object_component id="oc-8c7">
         <name>.text:_SlDrvHandleHttpServerEvents</name>
         <load_address>0x2000ae60</load_address>
         <run_address>0x2000ae60</run_address>
         <size>0x44</size>
         <input_file_ref idref="fl-e"/>
      </object_component>
      <object_component id="oc-259">
         <name>.text:_SlDrvSyncObjWaitTimeout</name>
         <load_address>0x2000aea4</load_address>
         <run_address>0x2000aea4</run_address>
         <size>0x44</size>
         <input_file_ref idref="fl-e"/>
      </object_component>
      <object_component id="oc-191">
         <name>.text:__TI_auto_init_nobinit_nopinit:__TI_auto_init_nobinit_nopinit</name>
         <load_address>0x2000aee8</load_address>
         <run_address>0x2000aee8</run_address>
         <size>0x44</size>
         <input_file_ref idref="fl-ef"/>
      </object_component>
      <object_component id="oc-80b">
         <name>.text:cc_SetupTransfer</name>
         <load_address>0x2000af2c</load_address>
         <run_address>0x2000af2c</run_address>
         <size>0x44</size>
         <input_file_ref idref="fl-14"/>
      </object_component>
      <object_component id="oc-5d9">
         <name>.text:PinModeSet</name>
         <load_address>0x2000af70</load_address>
         <run_address>0x2000af70</run_address>
         <size>0x40</size>
         <input_file_ref idref="fl-16"/>
      </object_component>
      <object_component id="oc-855">
         <name>.text:_SlDrvHandleNetAppEvents</name>
         <load_address>0x2000afb0</load_address>
         <run_address>0x2000afb0</run_address>
         <size>0x40</size>
         <input_file_ref idref="fl-e"/>
      </object_component>
      <object_component id="oc-84f">
         <name>.text:_SlDrvHandleWlanEvents</name>
         <load_address>0x2000aff0</load_address>
         <run_address>0x2000aff0</run_address>
         <size>0x40</size>
         <input_file_ref idref="fl-e"/>
      </object_component>
      <object_component id="oc-360">
         <name>.text</name>
         <load_address>0x2000b030</load_address>
         <run_address>0x2000b030</run_address>
         <size>0x40</size>
         <input_file_ref idref="fl-ed"/>
      </object_component>
      <object_component id="oc-145">
         <name>.text:sprintf</name>
         <load_address>0x2000b070</load_address>
         <run_address>0x2000b070</run_address>
         <size>0x40</size>
         <input_file_ref idref="fl-d4"/>
      </object_component>
      <object_component id="oc-1d5">
         <name>.text:vsnprintf</name>
         <load_address>0x2000b0b0</load_address>
         <run_address>0x2000b0b0</run_address>
         <size>0x40</size>
         <input_file_ref idref="fl-d5"/>
      </object_component>
      <object_component id="oc-24d">
         <name>.text:NwpRegisterInterruptHandler</name>
         <load_address>0x2000b0f0</load_address>
         <run_address>0x2000b0f0</run_address>
         <size>0x3e</size>
         <input_file_ref idref="fl-14"/>
      </object_component>
      <object_component id="oc-6e4">
         <name>.text:_fcpy</name>
         <load_address>0x2000b12e</load_address>
         <run_address>0x2000b12e</run_address>
         <size>0x3e</size>
         <input_file_ref idref="fl-e5"/>
      </object_component>
      <object_component id="oc-876">
         <name>.text:CopyPingResultsToReport</name>
         <load_address>0x2000b16c</load_address>
         <run_address>0x2000b16c</run_address>
         <size>0x3c</size>
         <input_file_ref idref="fl-f"/>
      </object_component>
      <object_component id="oc-30d">
         <name>.text:PRCMPeripheralClkEnable</name>
         <load_address>0x2000b1a8</load_address>
         <run_address>0x2000b1a8</run_address>
         <size>0x3c</size>
         <input_file_ref idref="fl-17"/>
      </object_component>
      <object_component id="oc-7d1">
         <name>.text:simplelink_timerA2_start</name>
         <load_address>0x2000b1e4</load_address>
         <run_address>0x2000b1e4</run_address>
         <size>0x3c</size>
         <input_file_ref idref="fl-14"/>
      </object_component>
      <object_component id="oc-899">
         <name>.text:uDMAChannelControlSet</name>
         <load_address>0x2000b220</load_address>
         <run_address>0x2000b220</run_address>
         <size>0x3c</size>
         <input_file_ref idref="fl-1b"/>
      </object_component>
      <object_component id="oc-247">
         <name>.text:NwpPowerOff</name>
         <load_address>0x2000b25c</load_address>
         <run_address>0x2000b25c</run_address>
         <size>0x38</size>
         <input_file_ref idref="fl-14"/>
      </object_component>
      <object_component id="oc-589">
         <name>.text:__TI_writemsg</name>
         <load_address>0x2000b294</load_address>
         <run_address>0x2000b294</run_address>
         <size>0x38</size>
         <input_file_ref idref="fl-fb"/>
      </object_component>
      <object_component id="oc-fc">
         <name>.text:sl_WlanDisconnect</name>
         <load_address>0x2000b2cc</load_address>
         <run_address>0x2000b2cc</run_address>
         <size>0x38</size>
         <input_file_ref idref="fl-13"/>
      </object_component>
      <object_component id="oc-253">
         <name>.text:NwpPowerOn</name>
         <load_address>0x2000b304</load_address>
         <run_address>0x2000b304</run_address>
         <size>0x34</size>
         <input_file_ref idref="fl-14"/>
      </object_component>
      <object_component id="oc-423">
         <name>.text:PRCMPeripheralStatusGet</name>
         <load_address>0x2000b338</load_address>
         <run_address>0x2000b338</run_address>
         <size>0x34</size>
         <input_file_ref idref="fl-17"/>
      </object_component>
      <object_component id="oc-43b">
         <name>.text:SPIFIFOLevelSet</name>
         <load_address>0x2000b36c</load_address>
         <run_address>0x2000b36c</run_address>
         <size>0x34</size>
         <input_file_ref idref="fl-18"/>
      </object_component>
      <object_component id="oc-58f">
         <name>.text:__TI_readmsg</name>
         <load_address>0x2000b3a0</load_address>
         <run_address>0x2000b3a0</run_address>
         <size>0x34</size>
         <input_file_ref idref="fl-fb"/>
      </object_component>
      <object_component id="oc-3aa">
         <name>.text:UARTDisable</name>
         <load_address>0x2000b3d4</load_address>
         <run_address>0x2000b3d4</run_address>
         <size>0x30</size>
         <input_file_ref idref="fl-1a"/>
      </object_component>
      <object_component id="oc-3b8">
         <name>.text:_outs</name>
         <load_address>0x2000b404</load_address>
         <run_address>0x2000b404</run_address>
         <size>0x30</size>
         <input_file_ref idref="fl-d5"/>
      </object_component>
      <object_component id="oc-6c7">
         <name>.text</name>
         <load_address>0x2000b434</load_address>
         <run_address>0x2000b434</run_address>
         <size>0x2e</size>
         <input_file_ref idref="fl-ec"/>
      </object_component>
      <object_component id="oc-2fb">
         <name>.text:PRCMSysResetCauseGet</name>
         <load_address>0x2000b464</load_address>
         <run_address>0x2000b464</run_address>
         <size>0x2c</size>
         <input_file_ref idref="fl-17"/>
      </object_component>
      <object_component id="oc-4d9">
         <name>.text:_SlDrvObjGlobalLockWaitForever</name>
         <load_address>0x2000b490</load_address>
         <run_address>0x2000b490</run_address>
         <size>0x2c</size>
         <input_file_ref idref="fl-e"/>
      </object_component>
      <object_component id="oc-472">
         <name>.text:_SlDrvProtectionObjLockWaitForever</name>
         <load_address>0x2000b4bc</load_address>
         <run_address>0x2000b4bc</run_address>
         <size>0x2c</size>
         <input_file_ref idref="fl-e"/>
      </object_component>
      <object_component id="oc-835">
         <name>.text:TimerLoadSet</name>
         <load_address>0x2000b4e8</load_address>
         <run_address>0x2000b4e8</run_address>
         <size>0x2a</size>
         <input_file_ref idref="fl-19"/>
      </object_component>
      <object_component id="oc-82f">
         <name>.text:TimerPrescaleSet</name>
         <load_address>0x2000b512</load_address>
         <run_address>0x2000b512</run_address>
         <size>0x2a</size>
         <input_file_ref idref="fl-19"/>
      </object_component>
      <object_component id="oc-319">
         <name>.text:PRCMPeripheralClkDisable</name>
         <load_address>0x2000b53c</load_address>
         <run_address>0x2000b53c</run_address>
         <size>0x28</size>
         <input_file_ref idref="fl-17"/>
      </object_component>
      <object_component id="oc-4df">
         <name>.text:_SlDrvGlobalObjUnLock</name>
         <load_address>0x2000b564</load_address>
         <run_address>0x2000b564</run_address>
         <size>0x28</size>
         <input_file_ref idref="fl-e"/>
      </object_component>
      <object_component id="oc-478">
         <name>.text:_SlDrvProtectionObjUnLock</name>
         <load_address>0x2000b58c</load_address>
         <run_address>0x2000b58c</run_address>
         <size>0x28</size>
         <input_file_ref idref="fl-e"/>
      </object_component>
      <object_component id="oc-5ab">
         <name>.text:_SlDrvSyncObjWaitForever</name>
         <load_address>0x2000b5b4</load_address>
         <run_address>0x2000b5b4</run_address>
         <size>0x28</size>
         <input_file_ref idref="fl-e"/>
      </object_component>
      <object_component id="oc-3e1">
         <name>.text:free_list_insert</name>
         <load_address>0x2000b5dc</load_address>
         <run_address>0x2000b5dc</run_address>
         <size>0x28</size>
         <input_file_ref idref="fl-de"/>
      </object_component>
      <object_component id="oc-1e7">
         <name>.text:memmove</name>
         <load_address>0x2000b604</load_address>
         <run_address>0x2000b604</run_address>
         <size>0x28</size>
         <input_file_ref idref="fl-dd"/>
      </object_component>
      <object_component id="oc-5a5">
         <name>.text:_SlDrvObjLockWaitForever</name>
         <load_address>0x2000b62c</load_address>
         <run_address>0x2000b62c</run_address>
         <size>0x26</size>
         <input_file_ref idref="fl-e"/>
      </object_component>
      <object_component id="oc-8e3">
         <name>.text</name>
         <load_address>0x2000b652</load_address>
         <run_address>0x2000b652</run_address>
         <size>0x26</size>
         <input_file_ref idref="fl-3"/>
      </object_component>
      <object_component id="oc-45f">
         <name>.text:DmaSpiSwIntHandler</name>
         <load_address>0x2000b678</load_address>
         <run_address>0x2000b678</run_address>
         <size>0x24</size>
         <input_file_ref idref="fl-14"/>
      </object_component>
      <object_component id="oc-48c">
         <name>.text:IntUnregister</name>
         <load_address>0x2000b69c</load_address>
         <run_address>0x2000b69c</run_address>
         <size>0x24</size>
         <input_file_ref idref="fl-15"/>
      </object_component>
      <object_component id="oc-3b0">
         <name>.text:UARTEnable</name>
         <load_address>0x2000b6c0</load_address>
         <run_address>0x2000b6c0</run_address>
         <size>0x24</size>
         <input_file_ref idref="fl-1a"/>
      </object_component>
      <object_component id="oc-5b">
         <name>.text:_c_int00_noargs:_c_int00_noargs</name>
         <load_address>0x2000b6e4</load_address>
         <run_address>0x2000b6e4</run_address>
         <size>0x24</size>
         <input_file_ref idref="fl-e3"/>
      </object_component>
      <object_component id="oc-417">
         <name>.text:SPIReset</name>
         <load_address>0x2000b708</load_address>
         <run_address>0x2000b708</run_address>
         <size>0x22</size>
         <input_file_ref idref="fl-18"/>
      </object_component>
      <object_component id="oc-781">
         <name>.text:SPIWordCountSet</name>
         <load_address>0x2000b72a</load_address>
         <run_address>0x2000b72a</run_address>
         <size>0x22</size>
         <input_file_ref idref="fl-18"/>
      </object_component>
      <object_component id="oc-441">
         <name>.text:IntRegister</name>
         <load_address>0x2000b74c</load_address>
         <run_address>0x2000b74c</run_address>
         <size>0x20</size>
         <input_file_ref idref="fl-15"/>
      </object_component>
      <object_component id="oc-298">
         <name>.text:NwpPrePowerOffTimout0</name>
         <load_address>0x2000b76c</load_address>
         <run_address>0x2000b76c</run_address>
         <size>0x20</size>
         <input_file_ref idref="fl-14"/>
      </object_component>
      <object_component id="oc-740">
         <name>.text:TimerGetCurrentTimestamp</name>
         <load_address>0x2000b78c</load_address>
         <run_address>0x2000b78c</run_address>
         <size>0x20</size>
         <input_file_ref idref="fl-14"/>
      </object_component>
      <object_component id="oc-5b1">
         <name>.text:_SlDrvObjUnLock</name>
         <load_address>0x2000b7ac</load_address>
         <run_address>0x2000b7ac</run_address>
         <size>0x20</size>
         <input_file_ref idref="fl-e"/>
      </object_component>
      <object_component id="oc-4ad">
         <name>.text:_SlDrvSyncObjSignal</name>
         <load_address>0x2000b7cc</load_address>
         <run_address>0x2000b7cc</run_address>
         <size>0x20</size>
         <input_file_ref idref="fl-e"/>
      </object_component>
      <object_component id="oc-83b">
         <name>.text:TimerEnable</name>
         <load_address>0x2000b7ec</load_address>
         <run_address>0x2000b7ec</run_address>
         <size>0x1e</size>
         <input_file_ref idref="fl-19"/>
      </object_component>
      <object_component id="oc-1cf">
         <name>.text:UARTCharPut</name>
         <load_address>0x2000b80a</load_address>
         <run_address>0x2000b80a</run_address>
         <size>0x1e</size>
         <input_file_ref idref="fl-1a"/>
      </object_component>
      <object_component id="oc-429">
         <name>.text:cc_UDMAChannelSelect</name>
         <load_address>0x2000b828</load_address>
         <run_address>0x2000b828</run_address>
         <size>0x1e</size>
         <input_file_ref idref="fl-14"/>
      </object_component>
      <object_component id="oc-7d7">
         <name>.text:TimerValueGet</name>
         <load_address>0x2000b846</load_address>
         <run_address>0x2000b846</run_address>
         <size>0x1c</size>
         <input_file_ref idref="fl-19"/>
      </object_component>
      <object_component id="oc-1e1">
         <name>.text:UARTCharGetNonBlocking</name>
         <load_address>0x2000b862</load_address>
         <run_address>0x2000b862</run_address>
         <size>0x1c</size>
         <input_file_ref idref="fl-1a"/>
      </object_component>
      <object_component id="oc-616">
         <name>.text:_SlDrvStartMeasureTimeout</name>
         <load_address>0x2000b87e</load_address>
         <run_address>0x2000b87e</run_address>
         <size>0x1c</size>
         <input_file_ref idref="fl-e"/>
      </object_component>
      <object_component id="oc-49">
         <name>.text:decompress:ZI:__TI_zero_init_nomemset:__TI_zero_init_nomemset</name>
         <load_address>0x2000b89a</load_address>
         <run_address>0x2000b89a</run_address>
         <size>0x1c</size>
         <input_file_ref idref="fl-d9"/>
      </object_component>
      <object_component id="oc-3d4">
         <name>.text:free_list_remove</name>
         <load_address>0x2000b8b8</load_address>
         <run_address>0x2000b8b8</run_address>
         <size>0x1c</size>
         <input_file_ref idref="fl-de"/>
      </object_component>
      <object_component id="oc-565">
         <name>.text:memccpy</name>
         <load_address>0x2000b8d4</load_address>
         <run_address>0x2000b8d4</run_address>
         <size>0x1c</size>
         <input_file_ref idref="fl-f8"/>
      </object_component>
      <object_component id="oc-16f">
         <name>.text</name>
         <load_address>0x2000b8f0</load_address>
         <run_address>0x2000b8f0</run_address>
         <size>0x1c</size>
         <input_file_ref idref="fl-4"/>
      </object_component>
      <object_component id="oc-8ab">
         <name>.text:uDMAChannelEnable</name>
         <load_address>0x2000b90c</load_address>
         <run_address>0x2000b90c</run_address>
         <size>0x1c</size>
         <input_file_ref idref="fl-1b"/>
      </object_component>
      <object_component id="oc-37d">
         <name>.text:PinTypeUART</name>
         <load_address>0x2000b928</load_address>
         <run_address>0x2000b928</run_address>
         <size>0x1a</size>
         <input_file_ref idref="fl-16"/>
      </object_component>
      <object_component id="oc-503">
         <name>.text:SPIDmaDisable</name>
         <load_address>0x2000b942</load_address>
         <run_address>0x2000b942</run_address>
         <size>0x1a</size>
         <input_file_ref idref="fl-18"/>
      </object_component>
      <object_component id="oc-435">
         <name>.text:SPIDmaEnable</name>
         <load_address>0x2000b95c</load_address>
         <run_address>0x2000b95c</run_address>
         <size>0x1a</size>
         <input_file_ref idref="fl-18"/>
      </object_component>
      <object_component id="oc-4fd">
         <name>.text:SPIFIFODisable</name>
         <load_address>0x2000b976</load_address>
         <run_address>0x2000b976</run_address>
         <size>0x1a</size>
         <input_file_ref idref="fl-18"/>
      </object_component>
      <object_component id="oc-42f">
         <name>.text:SPIFIFOEnable</name>
         <load_address>0x2000b990</load_address>
         <run_address>0x2000b990</run_address>
         <size>0x1a</size>
         <input_file_ref idref="fl-18"/>
      </object_component>
      <object_component id="oc-4f7">
         <name>.text:SPIIntUnregister</name>
         <load_address>0x2000b9aa</load_address>
         <run_address>0x2000b9aa</run_address>
         <size>0x1a</size>
         <input_file_ref idref="fl-18"/>
      </object_component>
      <object_component id="oc-40b">
         <name>.text:SPICSDisable</name>
         <load_address>0x2000b9c4</load_address>
         <run_address>0x2000b9c4</run_address>
         <size>0x18</size>
         <input_file_ref idref="fl-18"/>
      </object_component>
      <object_component id="oc-77b">
         <name>.text:SPICSEnable</name>
         <load_address>0x2000b9dc</load_address>
         <run_address>0x2000b9dc</run_address>
         <size>0x18</size>
         <input_file_ref idref="fl-18"/>
      </object_component>
      <object_component id="oc-411">
         <name>.text:SPIDisable</name>
         <load_address>0x2000b9f4</load_address>
         <run_address>0x2000b9f4</run_address>
         <size>0x18</size>
         <input_file_ref idref="fl-18"/>
      </object_component>
      <object_component id="oc-453">
         <name>.text:SPIEnable</name>
         <load_address>0x2000ba0c</load_address>
         <run_address>0x2000ba0c</run_address>
         <size>0x18</size>
         <input_file_ref idref="fl-18"/>
      </object_component>
      <object_component id="oc-1db">
         <name>.text:UARTCharsAvail</name>
         <load_address>0x2000ba24</load_address>
         <run_address>0x2000ba24</run_address>
         <size>0x18</size>
         <input_file_ref idref="fl-1a"/>
      </object_component>
      <object_component id="oc-3fa">
         <name>.text:_SlNonOsSemSet</name>
         <load_address>0x2000ba3c</load_address>
         <run_address>0x2000ba3c</run_address>
         <size>0x18</size>
         <input_file_ref idref="fl-11"/>
      </object_component>
      <object_component id="oc-3be">
         <name>.text:_outc</name>
         <load_address>0x2000ba54</load_address>
         <run_address>0x2000ba54</run_address>
         <size>0x18</size>
         <input_file_ref idref="fl-d5"/>
      </object_component>
      <object_component id="oc-32f">
         <name>.text:_outs</name>
         <load_address>0x2000ba6c</load_address>
         <run_address>0x2000ba6c</run_address>
         <size>0x18</size>
         <input_file_ref idref="fl-d4"/>
      </object_component>
      <object_component id="oc-265">
         <name>.text:_sl_GetStartResponseConvert</name>
         <load_address>0x2000ba84</load_address>
         <run_address>0x2000ba84</run_address>
         <size>0x18</size>
         <input_file_ref idref="fl-d"/>
      </object_component>
      <object_component id="oc-15d">
         <name>.text:strcmp</name>
         <load_address>0x2000ba9c</load_address>
         <run_address>0x2000ba9c</run_address>
         <size>0x18</size>
         <input_file_ref idref="fl-e0"/>
      </object_component>
      <object_component id="oc-301">
         <name>.text:PRCMHIBRegRead</name>
         <load_address>0x2000bab4</load_address>
         <run_address>0x2000bab4</run_address>
         <size>0x16</size>
         <input_file_ref idref="fl-17"/>
      </object_component>
      <object_component id="oc-307">
         <name>.text:PRCMHIBRegWrite</name>
         <load_address>0x2000baca</load_address>
         <run_address>0x2000baca</run_address>
         <size>0x16</size>
         <input_file_ref idref="fl-17"/>
      </object_component>
      <object_component id="oc-3f4">
         <name>.text:_SlDrvMemZero</name>
         <load_address>0x2000bae0</load_address>
         <run_address>0x2000bae0</run_address>
         <size>0x16</size>
         <input_file_ref idref="fl-e"/>
      </object_component>
      <object_component id="oc-6f8">
         <name>.text:strchr</name>
         <load_address>0x2000baf6</load_address>
         <run_address>0x2000baf6</run_address>
         <size>0x16</size>
         <input_file_ref idref="fl-f9"/>
      </object_component>
      <object_component id="oc-2f0">
         <name>.text:CPUcpsie</name>
         <load_address>0x2000bb0c</load_address>
         <run_address>0x2000bb0c</run_address>
         <size>0x14</size>
         <input_file_ref idref="fl-1d"/>
      </object_component>
      <object_component id="oc-121">
         <name>.text:IntVTableBaseSet</name>
         <load_address>0x2000bb20</load_address>
         <run_address>0x2000bb20</run_address>
         <size>0x14</size>
         <input_file_ref idref="fl-15"/>
      </object_component>
      <object_component id="oc-13f">
         <name>.text:strlen</name>
         <load_address>0x2000bb34</load_address>
         <run_address>0x2000bb34</run_address>
         <size>0x14</size>
         <input_file_ref idref="fl-e1"/>
      </object_component>
      <object_component id="oc-56b">
         <name>.text:wcslen</name>
         <load_address>0x2000bb48</load_address>
         <run_address>0x2000bb48</run_address>
         <size>0x12</size>
         <input_file_ref idref="fl-fd"/>
      </object_component>
      <object_component id="oc-869">
         <name>.text:_SlDrvDispatchHttpServerEvents</name>
         <load_address>0x2000bb5a</load_address>
         <run_address>0x2000bb5a</run_address>
         <size>0x10</size>
         <input_file_ref idref="fl-e"/>
      </object_component>
      <object_component id="oc-2b3">
         <name>.text:_SlDrvResetCmdExt</name>
         <load_address>0x2000bb6a</load_address>
         <run_address>0x2000bb6a</run_address>
         <size>0xe</size>
         <input_file_ref idref="fl-e"/>
      </object_component>
      <object_component id="oc-151">
         <name>.text:__time32</name>
         <load_address>0x2000bb78</load_address>
         <run_address>0x2000bb78</run_address>
         <size>0xe</size>
         <input_file_ref idref="fl-e4"/>
      </object_component>
      <object_component id="oc-1b">
         <name>.text:decompress:none:__TI_decompress_none</name>
         <load_address>0x2000bb86</load_address>
         <run_address>0x2000bb86</run_address>
         <size>0xe</size>
         <input_file_ref idref="fl-da"/>
      </object_component>
      <object_component id="oc-29">
         <name>.text</name>
         <load_address>0x2000bb94</load_address>
         <run_address>0x2000bb94</run_address>
         <size>0xe</size>
         <input_file_ref idref="fl-5"/>
      </object_component>
      <object_component id="oc-47f">
         <name>.text:NwpMaskInterrupt</name>
         <load_address>0x2000bba4</load_address>
         <run_address>0x2000bba4</run_address>
         <size>0xc</size>
         <input_file_ref idref="fl-14"/>
      </object_component>
      <object_component id="oc-499">
         <name>.text:NwpUnMaskInterrupt</name>
         <load_address>0x2000bbb0</load_address>
         <run_address>0x2000bbb0</run_address>
         <size>0xc</size>
         <input_file_ref idref="fl-14"/>
      </object_component>
      <object_component id="oc-7ac">
         <name>.text:copysign</name>
         <load_address>0x2000bbbc</load_address>
         <run_address>0x2000bbbc</run_address>
         <size>0xc</size>
         <input_file_ref idref="fl-101"/>
      </object_component>
      <object_component id="oc-127">
         <name>.text:IntMasterEnable</name>
         <load_address>0x2000bbc8</load_address>
         <run_address>0x2000bbc8</run_address>
         <size>0xa</size>
         <input_file_ref idref="fl-15"/>
      </object_component>
      <object_component id="oc-335">
         <name>.text:_outc</name>
         <load_address>0x2000bbd2</load_address>
         <run_address>0x2000bbd2</run_address>
         <size>0xa</size>
         <input_file_ref idref="fl-d4"/>
      </object_component>
      <object_component id="oc-571">
         <name>.text:__aeabi_errno_addr</name>
         <load_address>0x2000bbdc</load_address>
         <run_address>0x2000bbdc</run_address>
         <size>0x8</size>
         <input_file_ref idref="fl-fc"/>
      </object_component>
      <object_component id="oc-139">
         <name>.text:malloc</name>
         <load_address>0x2000bbe4</load_address>
         <run_address>0x2000bbe4</run_address>
         <size>0x8</size>
         <input_file_ref idref="fl-de"/>
      </object_component>
      <object_component id="oc-3f2">
         <name>.text:UtilsDelay</name>
         <load_address>0x2000bbec</load_address>
         <run_address>0x2000bbec</run_address>
         <size>0x6</size>
         <input_file_ref idref="fl-1c"/>
      </object_component>
      <object_component id="oc-91">
         <name>.text:_system_pre_init</name>
         <load_address>0x2000bbf2</load_address>
         <run_address>0x2000bbf2</run_address>
         <size>0x4</size>
         <input_file_ref idref="fl-f0"/>
      </object_component>
      <object_component id="oc-185">
         <name>.text:abort:abort</name>
         <load_address>0x2000bbf6</load_address>
         <run_address>0x2000bbf6</run_address>
         <size>0x4</size>
         <input_file_ref idref="fl-f2"/>
      </object_component>
      <object_component id="oc-6a6">
         <name>.const:.string:_ctypes_</name>
         <load_address>0x2000bbfc</load_address>
         <run_address>0x2000bbfc</run_address>
         <size>0x101</size>
         <input_file_ref idref="fl-f7"/>
      </object_component>
      <object_component id="oc-72c">
         <name>.const:g_ulPinToPadMap</name>
         <load_address>0x2000bd00</load_address>
         <run_address>0x2000bd00</run_address>
         <size>0x100</size>
         <input_file_ref idref="fl-16"/>
      </object_component>
      <object_component id="oc-63e">
         <name>.const:g_pulRegs</name>
         <load_address>0x2000be00</load_address>
         <run_address>0x2000be00</run_address>
         <size>0xd4</size>
         <input_file_ref idref="fl-15"/>
      </object_component>
      <object_component id="oc-52f">
         <name>.const:PRCM_PeriphRegsList</name>
         <load_address>0x2000bed4</load_address>
         <run_address>0x2000bed4</run_address>
         <size>0xa8</size>
         <input_file_ref idref="fl-17"/>
      </object_component>
      <object_component id="oc-377">
         <name>.const:$O1$$</name>
         <load_address>0x2000bf7c</load_address>
         <run_address>0x2000bf7c</run_address>
         <size>0x60</size>
         <input_file_ref idref="fl-df"/>
      </object_component>
      <object_component id="oc-771">
         <name>.const:OpcodeTranslateTable</name>
         <load_address>0x2000bfdc</load_address>
         <run_address>0x2000bfdc</run_address>
         <size>0x3c</size>
         <input_file_ref idref="fl-e"/>
      </object_component>
      <object_component id="oc-805">
         <name>.const:_SlActionLookupTable</name>
         <load_address>0x2000c018</load_address>
         <run_address>0x2000c018</run_address>
         <size>0x38</size>
         <input_file_ref idref="fl-e"/>
      </object_component>
      <object_component id="oc-11a">
         <name>.const:$P$T1$2</name>
         <load_address>0x2000c050</load_address>
         <run_address>0x2000c050</run_address>
         <size>0x2c</size>
         <input_file_ref idref="fl-2"/>
      </object_component>
      <object_component id="oc-790">
         <name>.const:g_ppulSPIIntMap</name>
         <load_address>0x2000c07c</load_address>
         <run_address>0x2000c07c</run_address>
         <size>0x24</size>
         <input_file_ref idref="fl-18"/>
      </object_component>
      <object_component id="oc-120">
         <name>.const:.string:$P$T0$1</name>
         <load_address>0x2000c0a0</load_address>
         <run_address>0x2000c0a0</run_address>
         <size>0x22</size>
         <input_file_ref idref="fl-2"/>
      </object_component>
      <object_component id="oc-7e8">
         <name>.const:RxMsgClassLUT</name>
         <load_address>0x2000c0c4</load_address>
         <run_address>0x2000c0c4</run_address>
         <size>0x20</size>
         <input_file_ref idref="fl-e"/>
      </object_component>
      <object_component id="oc-65e">
         <name>.const:g_pulDisRegs</name>
         <load_address>0x2000c0e4</load_address>
         <run_address>0x2000c0e4</run_address>
         <size>0x18</size>
         <input_file_ref idref="fl-15"/>
      </object_component>
      <object_component id="oc-2f7">
         <name>.const:g_pulEnRegs</name>
         <load_address>0x2000c0fc</load_address>
         <run_address>0x2000c0fc</run_address>
         <size>0x18</size>
         <input_file_ref idref="fl-15"/>
      </object_component>
      <object_component id="oc-669">
         <name>.const:g_pulUnpendRegs</name>
         <load_address>0x2000c114</load_address>
         <run_address>0x2000c114</run_address>
         <size>0x18</size>
         <input_file_ref idref="fl-15"/>
      </object_component>
      <object_component id="oc-74e">
         <name>.const:g_ulSPIDmaMaskMap</name>
         <load_address>0x2000c12c</load_address>
         <run_address>0x2000c12c</run_address>
         <size>0x18</size>
         <input_file_ref idref="fl-18"/>
      </object_component>
      <object_component id="oc-7e1">
         <name>.const:$P$T0$1</name>
         <load_address>0x2000c144</load_address>
         <run_address>0x2000c144</run_address>
         <size>0x14</size>
         <input_file_ref idref="fl-e"/>
      </object_component>
      <object_component id="oc-622">
         <name>.const:$P$T0$1</name>
         <load_address>0x2000c158</load_address>
         <run_address>0x2000c158</run_address>
         <size>0x14</size>
         <input_file_ref idref="fl-11"/>
      </object_component>
      <object_component id="oc-11d">
         <name>.const:$P$T2$3</name>
         <load_address>0x2000c16c</load_address>
         <run_address>0x2000c16c</run_address>
         <size>0x14</size>
         <input_file_ref idref="fl-2"/>
      </object_component>
      <object_component id="oc-4b4">
         <name>.const:StartResponseLUT</name>
         <load_address>0x2000c180</load_address>
         <run_address>0x2000c180</run_address>
         <size>0x8</size>
         <input_file_ref idref="fl-d"/>
      </object_component>
      <object_component id="oc-7e4">
         <name>.const:g_H2NCnysPattern</name>
         <load_address>0x2000c188</load_address>
         <run_address>0x2000c188</run_address>
         <size>0x8</size>
         <input_file_ref idref="fl-e"/>
      </object_component>
      <object_component id="oc-689">
         <name>.const:g_H2NSyncPattern</name>
         <load_address>0x2000c190</load_address>
         <run_address>0x2000c190</run_address>
         <size>0x8</size>
[...]
         <value>0x2000a899</value>
         <object_component_ref idref="oc-313"/>
      </symbol>
      <symbol id="sm-9d3">
         <name>PRCMPeripheralClkEnable</name>
         <value>0x2000b1a9</value>
         <object_component_ref idref="oc-30d"/>
      </symbol>
      <symbol id="sm-9d4">
         <name>PRCMPeripheralClockGet</name>
         <value>0x200097a9</value>
         <object_component_ref idref="oc-1c3"/>
      </symbol>
      <symbol id="sm-9d5">
         <name>PRCMCC3200MCUInit</name>
         <value>0x20007409</value>
         <object_component_ref idref="oc-133"/>
      </symbol>
      <symbol id="sm-9d6">
         <name>PRCMHIBRegWrite</name>
         <value>0x2000bacb</value>
         <object_component_ref idref="oc-307"/>
      </symbol>
      <symbol id="sm-9d7">
         <name>PRCMSysResetCauseGet</name>
         <value>0x2000b465</value>
         <object_component_ref idref="oc-2fb"/>
      </symbol>
      <symbol id="sm-9d8">
         <name>PRCMPeripheralStatusGet</name>
         <value>0x2000b339</value>
         <object_component_ref idref="oc-423"/>
      </symbol>
      <symbol id="sm-9d9">
         <name>PRCMPeripheralClkDisable</name>
         <value>0x2000b53d</value>
         <object_component_ref idref="oc-319"/>
      </symbol>
      <symbol id="sm-9da">
         <name>PRCMHIBRegRead</name>
         <value>0x2000bab5</value>
         <object_component_ref idref="oc-301"/>
      </symbol>
      <symbol id="sm-a95">
         <name>SPIFIFODisable</name>
         <value>0x2000b977</value>
         <object_component_ref idref="oc-4fd"/>
      </symbol>
      <symbol id="sm-a96">
         <name>SPICSEnable</name>
         <value>0x2000b9dd</value>
         <object_component_ref idref="oc-77b"/>
      </symbol>
      <symbol id="sm-a97">
         <name>SPIDisable</name>
         <value>0x2000b9f5</value>
         <object_component_ref idref="oc-411"/>
      </symbol>
      <symbol id="sm-a98">
         <name>SPIFIFOEnable</name>
         <value>0x2000b991</value>
         <object_component_ref idref="oc-42f"/>
      </symbol>
      <symbol id="sm-a99">
         <name>SPIWordCountSet</name>
         <value>0x2000b72b</value>
         <object_component_ref idref="oc-781"/>
      </symbol>
      <symbol id="sm-a9a">
         <name>SPIEnable</name>
         <value>0x2000ba0d</value>
         <object_component_ref idref="oc-453"/>
      </symbol>
      <symbol id="sm-a9b">
         <name>SPIDmaEnable</name>
         <value>0x2000b95d</value>
         <object_component_ref idref="oc-435"/>
      </symbol>
      <symbol id="sm-a9c">
         <name>SPIConfigSetExpClk</name>
         <value>0x200092d1</value>
         <object_component_ref idref="oc-41d"/>
      </symbol>
      <symbol id="sm-a9d">
         <name>SPIIntUnregister</name>
         <value>0x2000b9ab</value>
         <object_component_ref idref="oc-4f7"/>
      </symbol>
      <symbol id="sm-a9e">
         <name>SPIFIFOLevelSet</name>
         <value>0x2000b36d</value>
         <object_component_ref idref="oc-43b"/>
      </symbol>
      <symbol id="sm-a9f">
         <name>SPIDmaDisable</name>
         <value>0x2000b943</value>
         <object_component_ref idref="oc-503"/>
      </symbol>
      <symbol id="sm-aa0">
         <name>SPIReset</name>
         <value>0x2000b709</value>
         <object_component_ref idref="oc-417"/>
      </symbol>
      <symbol id="sm-aa1">
         <name>SPIIntEnable</name>
         <value>0x2000ab3d</value>
         <object_component_ref idref="oc-44d"/>
      </symbol>
      <symbol id="sm-aa2">
         <name>SPIIntClear</name>
         <value>0x2000ad01</value>
         <object_component_ref idref="oc-653"/>
      </symbol>
      <symbol id="sm-aa3">
         <name>SPICSDisable</name>
         <value>0x2000b9c5</value>
         <object_component_ref idref="oc-40b"/>
      </symbol>
      <symbol id="sm-ad6">
         <name>TimerLoadSet</name>
         <value>0x2000b4e9</value>
         <object_component_ref idref="oc-835"/>
      </symbol>
      <symbol id="sm-ad7">
         <name>TimerEnable</name>
         <value>0x2000b7ed</value>
         <object_component_ref idref="oc-83b"/>
      </symbol>
      <symbol id="sm-ad8">
         <name>TimerValueGet</name>
         <value>0x2000b847</value>
         <object_component_ref idref="oc-7d7"/>
      </symbol>
      <symbol id="sm-ad9">
         <name>TimerPrescaleSet</name>
         <value>0x2000b513</value>
         <object_component_ref idref="oc-82f"/>
      </symbol>
      <symbol id="sm-ada">
         <name>TimerConfigure</name>
         <value>0x2000ae1d</value>
         <object_component_ref idref="oc-829"/>
      </symbol>
      <symbol id="sm-b16">
         <name>UARTConfigSetExpClk</name>
         <value>0x2000a1b9</value>
         <object_component_ref idref="oc-1c9"/>
      </symbol>
      <symbol id="sm-b17">
         <name>UARTDisable</name>
         <value>0x2000b3d5</value>
         <object_component_ref idref="oc-3aa"/>
      </symbol>
      <symbol id="sm-b18">
         <name>UARTCharsAvail</name>
         <value>0x2000ba25</value>
         <object_component_ref idref="oc-1db"/>
      </symbol>
      <symbol id="sm-b19">
         <name>UARTCharGetNonBlocking</name>
         <value>0x2000b863</value>
         <object_component_ref idref="oc-1e1"/>
      </symbol>
      <symbol id="sm-b1a">
         <name>UARTCharPut</name>
         <value>0x2000b80b</value>
         <object_component_ref idref="oc-1cf"/>
      </symbol>
      <symbol id="sm-b1b">
         <name>UARTEnable</name>
         <value>0x2000b6c1</value>
         <object_component_ref idref="oc-3b0"/>
      </symbol>
      <symbol id="sm-b72">
         <name>uDMAChannelControlSet</name>
         <value>0x2000b221</value>
         <object_component_ref idref="oc-899"/>
      </symbol>
      <symbol id="sm-b73">
         <name>uDMAChannelAttributeEnable</name>
         <value>0x2000a6c1</value>
         <object_component_ref idref="oc-89f"/>
      </symbol>
      <symbol id="sm-b74">
         <name>uDMAChannelTransferSet</name>
         <value>0x20008545</value>
         <object_component_ref idref="oc-8a5"/>
      </symbol>
      <symbol id="sm-b75">
         <name>uDMAChannelAssign</name>
         <value>0x2000ac6d</value>
         <object_component_ref idref="oc-62d"/>
      </symbol>
      <symbol id="sm-b76">
         <name>uDMAChannelAttributeDisable</name>
         <value>0x2000a65d</value>
         <object_component_ref idref="oc-633"/>
      </symbol>
      <symbol id="sm-b77">
         <name>uDMAChannelEnable</name>
         <value>0x2000b90d</value>
         <object_component_ref idref="oc-8ab"/>
      </symbol>
      <symbol id="sm-b7b">
         <name>UtilsDelay</name>
         <value>0x2000bbed</value>
         <object_component_ref idref="oc-3f2"/>
      </symbol>
      <symbol id="sm-b85">
         <name>CPUcpsie</name>
         <value>0x2000bb0d</value>
         <object_component_ref idref="oc-2f0"/>
      </symbol>
      <symbol id="sm-bad">
         <name>sprintf</name>
         <value>0x2000b071</value>
         <object_component_ref idref="oc-145"/>
      </symbol>
      <symbol id="sm-bd7">
         <name>vsnprintf</name>
         <value>0x2000b0b1</value>
         <object_component_ref idref="oc-1d5"/>
      </symbol>
      <symbol id="sm-bf2">
         <name>memcpy</name>
         <value>0x20009411</value>
         <object_component_ref idref="oc-3d"/>
      </symbol>
      <symbol id="sm-bf3">
         <name>__aeabi_memcpy</name>
         <value>0x20009411</value>
         <object_component_ref idref="oc-3d"/>
      </symbol>
      <symbol id="sm-bf4">
         <name>__aeabi_memcpy8</name>
         <value>0x20009411</value>
         <object_component_ref idref="oc-3d"/>
      </symbol>
      <symbol id="sm-bf5">
         <name>__aeabi_memcpy4</name>
         <value>0x20009411</value>
         <object_component_ref idref="oc-3d"/>
      </symbol>
      <symbol id="sm-c04">
         <name>__aeabi_memset</name>
         <value>0x2000a0c7</value>
         <object_component_ref idref="oc-8b"/>
      </symbol>
      <symbol id="sm-c05">
         <name>memset</name>
         <value>0x2000a0cd</value>
         <object_component_ref idref="oc-8b"/>
      </symbol>
      <symbol id="sm-c06">
         <name>__aeabi_memset8</name>
         <value>0x2000a0c7</value>
         <object_component_ref idref="oc-8b"/>
      </symbol>
      <symbol id="sm-c07">
         <name>__aeabi_memset4</name>
         <value>0x2000a0c7</value>
         <object_component_ref idref="oc-8b"/>
      </symbol>
      <symbol id="sm-c08">
         <name>__aeabi_memclr8</name>
         <value>0x2000a0c5</value>
         <object_component_ref idref="oc-8b"/>
      </symbol>
      <symbol id="sm-c09">
         <name>__aeabi_memclr4</name>
         <value>0x2000a0c5</value>
         <object_component_ref idref="oc-8b"/>
      </symbol>
      <symbol id="sm-c0a">
         <name>__aeabi_memclr</name>
         <value>0x2000a0c5</value>
         <object_component_ref idref="oc-8b"/>
      </symbol>
      <symbol id="sm-c17">
         <name>__aeabi_uldivmod</name>
         <value>0x20009711</value>
         <object_component_ref idref="oc-5cf"/>
      </symbol>
      <symbol id="sm-c30">
         <name>__TI_zero_init_nomemset</name>
         <value>0x2000b89b</value>
         <object_component_ref idref="oc-49"/>
      </symbol>
      <symbol id="sm-c47">
         <name>__TI_decompress_none</name>
         <value>0x2000bb87</value>
         <object_component_ref idref="oc-1b"/>
      </symbol>
      <symbol id="sm-c6a">
         <name>__TI_decompress_lzss</name>
         <value>0x2000a4c9</value>
         <object_component_ref idref="oc-15"/>
      </symbol>
      <symbol id="sm-c97">
         <name>__localtime32</name>
         <value>0x20007bf1</value>
         <object_component_ref idref="oc-163"/>
      </symbol>
      <symbol id="sm-c98">
         <name>localtime</name>
         <value>0x20007bf1</value>
         <object_component_ref idref="oc-163"/>
      </symbol>
      <symbol id="sm-ca9">
         <name>memmove</name>
         <value>0x2000b605</value>
         <object_component_ref idref="oc-1e7"/>
      </symbol>
      <symbol id="sm-d47">
         <name>_sys_memory</name>
         <value>0x20017000</value>
         <object_component_ref idref="oc-23"/>
      </symbol>
      <symbol id="sm-d48">
         <name>free</name>
         <value>0x20008805</value>
         <object_component_ref idref="oc-1f3"/>
      </symbol>
      <symbol id="sm-d49">
         <name>realloc</name>
         <value>0x200088e9</value>
         <object_component_ref idref="oc-1ed"/>
      </symbol>
      <symbol id="sm-d4a">
         <name>memalign</name>
         <value>0x20008079</value>
         <object_component_ref idref="oc-320"/>
      </symbol>
      <symbol id="sm-d4b">
         <name>malloc</name>
         <value>0x2000bbe5</value>
         <object_component_ref idref="oc-139"/>
      </symbol>
      <symbol id="sm-d4c">
         <name>aligned_alloc</name>
         <value>0x20008079</value>
         <object_component_ref idref="oc-320"/>
      </symbol>
      <symbol id="sm-d7e">
         <name>mktime</name>
         <value>0x20005e25</value>
         <object_component_ref idref="oc-169"/>
      </symbol>
      <symbol id="sm-d7f">
         <name>__mktime32</name>
         <value>0x20005e25</value>
         <object_component_ref idref="oc-169"/>
      </symbol>
      <symbol id="sm-d8e">
         <name>strcmp</name>
         <value>0x2000ba9d</value>
         <object_component_ref idref="oc-15d"/>
      </symbol>
      <symbol id="sm-d9c">
         <name>strlen</name>
         <value>0x2000bb35</value>
         <object_component_ref idref="oc-13f"/>
      </symbol>
      <symbol id="sm-dac">
         <name>_tz</name>
         <value>0x2001f374</value>
         <object_component_ref idref="oc-365"/>
      </symbol>
      <symbol id="sm-dbe">
         <name>__stack</name>
         <value>0x2002eb00</value>
         <object_component_ref idref="oc-26"/>
      </symbol>
      <symbol id="sm-dbf">
         <name>_c_int00_noargs</name>
         <value>0x2000b6e5</value>
         <object_component_ref idref="oc-5b"/>
      </symbol>
      <symbol id="sm-dd2">
         <name>__time32</name>
         <value>0x2000bb79</value>
         <object_component_ref idref="oc-151"/>
      </symbol>
      <symbol id="sm-dd3">
         <name>time</name>
         <value>0x2000bb79</value>
         <object_component_ref idref="oc-151"/>
      </symbol>
      <symbol id="sm-f38">
         <name>__TI_printfi</name>
         <value>0x20004401</value>
         <object_component_ref idref="oc-329"/>
      </symbol>
      <symbol id="sm-f42">
         <name>__aeabi_idiv0</name>
         <value>0x20007bef</value>
         <object_component_ref idref="oc-5be"/>
      </symbol>
      <symbol id="sm-f43">
         <name>__aeabi_ldiv0</name>
         <value>0x20007bef</value>
         <object_component_ref idref="oc-5be"/>
      </symbol>
      <symbol id="sm-f5a">
         <name>__aeabi_dsub</name>
         <value>0x20006d71</value>
         <object_component_ref idref="oc-6cc"/>
      </symbol>
      <symbol id="sm-f5b">
         <name>__aeabi_dadd</name>
         <value>0x20006d7b</value>
         <object_component_ref idref="oc-6cc"/>
      </symbol>
      <symbol id="sm-f7d">
         <name>__aeabi_cdcmpeq</name>
         <value>0x20009d31</value>
         <object_component_ref idref="oc-548"/>
      </symbol>
      <symbol id="sm-f7e">
         <name>__aeabi_cdcmple</name>
         <value>0x20009d31</value>
         <object_component_ref idref="oc-548"/>
      </symbol>
      <symbol id="sm-f7f">
         <name>__aeabi_cdrcmple</name>
         <value>0x20009db7</value>
         <object_component_ref idref="oc-6b7"/>
      </symbol>
      <symbol id="sm-f93">
         <name>__aeabi_ddiv</name>
         <value>0x20007ab9</value>
         <object_component_ref idref="oc-6b2"/>
      </symbol>
      <symbol id="sm-f9e">
         <name>__aeabi_dmul</name>
         <value>0x20008179</value>
         <object_component_ref idref="oc-6ad"/>
      </symbol>
      <symbol id="sm-fa8">
         <name>__aeabi_d2iz</name>
         <value>0x2000ad91</value>
         <object_component_ref idref="oc-6bc"/>
      </symbol>
      <symbol id="sm-fb2">
         <name>__aeabi_i2d</name>
         <value>0x2000b435</value>
         <object_component_ref idref="oc-6c7"/>
      </symbol>
      <symbol id="sm-fc1">
         <name>__aeabi_uidivmod</name>
         <value>0x2000b031</value>
         <object_component_ref idref="oc-360"/>
      </symbol>
      <symbol id="sm-fc2">
         <name>__aeabi_uidiv</name>
         <value>0x2000b031</value>
         <object_component_ref idref="oc-360"/>
      </symbol>
      <symbol id="sm-fd0">
         <name>__aeabi_ldivmod</name>
         <value>0x2000a383</value>
         <object_component_ref idref="oc-372"/>
      </symbol>
      <symbol id="sm-ff8">
         <name>__TI_auto_init_nobinit_nopinit</name>
         <value>0x2000aee9</value>
         <object_component_ref idref="oc-191"/>
      </symbol>
      <symbol id="sm-1002">
         <name>_system_pre_init</name>
         <value>0x2000bbf3</value>
         <object_component_ref idref="oc-91"/>
      </symbol>
      <symbol id="sm-100e">
         <name>C$$EXIT</name>
         <value>0x2000bbf7</value>
         <object_component_ref idref="oc-185"/>
      </symbol>
      <symbol id="sm-100f">
         <name>abort</name>
         <value>0x2000bbf7</value>
         <object_component_ref idref="oc-185"/>
      </symbol>
      <symbol id="sm-1024">
         <name>_nop</name>
         <value>0x20006f27</value>
         <object_component_ref idref="oc-5e8"/>
      </symbol>
      <symbol id="sm-1025">
         <name>_lock</name>
         <value>0x2001f3a0</value>
         <object_component_ref idref="oc-38d"/>
      </symbol>
      <symbol id="sm-1026">
         <name>_unlock</name>
         <value>0x2001f3a4</value>
         <object_component_ref idref="oc-38d"/>
      </symbol>
      <symbol id="sm-1035">
         <name>__TI_ltoa</name>
         <value>0x2000a9f1</value>
         <object_component_ref idref="oc-6c1"/>
      </symbol>
      <symbol id="sm-104c">
         <name>atoi</name>
         <value>0x2000ac21</value>
         <object_component_ref idref="oc-53c"/>
      </symbol>
      <symbol id="sm-1057">
         <name>_ctypes_</name>
         <value>0x2000bbfc</value>
         <object_component_ref idref="oc-6a6"/>
      </symbol>
      <symbol id="sm-1067">
         <name>memccpy</name>
         <value>0x2000b8d5</value>
         <object_component_ref idref="oc-565"/>
      </symbol>
      <symbol id="sm-1077">
         <name>strchr</name>
         <value>0x2000baf7</value>
         <object_component_ref idref="oc-6f8"/>
      </symbol>
      <symbol id="sm-108f">
         <name>HOSTtime</name>
         <value>0x2000acb9</value>
         <object_component_ref idref="oc-346"/>
      </symbol>
      <symbol id="sm-10b3">
         <name>__TI_readmsg</name>
         <value>0x2000b3a1</value>
         <object_component_ref idref="oc-58f"/>
      </symbol>
      <symbol id="sm-10b4">
         <name>C$$IO$$</name>
         <value>0x2000b2c3</value>
         <object_component_ref idref="oc-589"/>
      </symbol>
      <symbol id="sm-10b5">
         <name>__CIOBUF_</name>
         <value>0x2001f168</value>
         <object_component_ref idref="oc-719"/>
      </symbol>
      <symbol id="sm-10b6">
         <name>__TI_writemsg</name>
         <value>0x2000b295</value>
         <object_component_ref idref="oc-589"/>
      </symbol>
      <symbol id="sm-10cc">
         <name>__aeabi_errno_addr</name>
         <value>0x2000bbdd</value>
         <object_component_ref idref="oc-571"/>
      </symbol>
      <symbol id="sm-10cd">
         <name>errno</name>
         <value>0x2001f3b8</value>
         <object_component_ref idref="oc-708"/>
      </symbol>
      <symbol id="sm-10e6">
         <name>wcslen</name>
         <value>0x2000bb49</value>
         <object_component_ref idref="oc-56b"/>
      </symbol>
      <symbol id="sm-1106">
         <name>frexpl</name>
         <value>0x2000a7e5</value>
         <object_component_ref idref="oc-6ec"/>
      </symbol>
      <symbol id="sm-1107">
         <name>frexp</name>
         <value>0x2000a7e5</value>
         <object_component_ref idref="oc-6ec"/>
      </symbol>
      <symbol id="sm-1125">
         <name>scalbn</name>
         <value>0x20008b8d</value>
         <object_component_ref idref="oc-6f2"/>
      </symbol>
      <symbol id="sm-1126">
         <name>scalbnl</name>
         <value>0x20008b8d</value>
         <object_component_ref idref="oc-6f2"/>
      </symbol>
      <symbol id="sm-1127">
         <name>ldexpl</name>
         <value>0x20008b8d</value>
         <object_component_ref idref="oc-6f2"/>
      </symbol>
      <symbol id="sm-1128">
         <name>ldexp</name>
         <value>0x20008b8d</value>
         <object_component_ref idref="oc-6f2"/>
      </symbol>
      <symbol id="sm-112e">
         <name>parmbuf</name>
         <value>0x2001f304</value>
      </symbol>
      <symbol id="sm-1138">
         <name>copysign</name>
         <value>0x2000bbbd</value>
         <object_component_ref idref="oc-7ac"/>
      </symbol>
      <symbol id="sm-1139">
         <name>copysignl</name>
         <value>0x2000bbbd</value>
         <object_component_ref idref="oc-7ac"/>
      </symbol>
      <symbol id="sm-113a">
         <name>__TI_static_base__</name>
         <value>0x2000c1d0</value>
      </symbol>
      <symbol id="sm-113d">
         <name>__mpu_init</name>
         <value>0x0</value>
      </symbol>
      <symbol id="sm-113e">
         <name>_system_post_cinit</name>
         <value>0x0</value>
      </symbol>
   </symbol_table>
   <title>Link successful</title>
</link_info>
